Archive member included to satisfy reference by file (symbol)

build/cooja/mtype580.a(simEnvChange.o)
                              build/cooja/mtype580.o (simDontFallAsleep)
build/cooja/mtype580.a(cooja_mt.o)
                              build/cooja/mtype580.o (cooja_mt_start)
build/cooja/mtype580.a(cooja_mtarch.o)
                              build/cooja/mtype580.a(cooja_mt.o) (cooja_mtarch_start)
build/cooja/mtype580.a(rtimer-arch.o)
                              build/cooja/mtype580.o (rtimer_arch_check)
build/cooja/mtype580.a(beep.o)
                              build/cooja/mtype580.o (beep_interface)
build/cooja/mtype580.a(leds-arch.o)
                              build/cooja/mtype580.o (leds_interface)
build/cooja/mtype580.a(moteid.o)
                              build/cooja/mtype580.o (moteid_interface)
build/cooja/mtype580.a(pir-sensor.o)
                              build/cooja/mtype580.o (pir_interface)
build/cooja/mtype580.a(rs232.o)
                              build/cooja/mtype580.o (rs232_interface)
build/cooja/mtype580.a(vib-sensor.o)
                              build/cooja/mtype580.o (vib_interface)
build/cooja/mtype580.a(clock.o)
                              build/cooja/mtype580.o (clock_interface)
build/cooja/mtype580.a(cooja-log.o)
                              build/cooja/mtype580.o (simlog_interface)
build/cooja/mtype580.a(cfs-cooja.o)
                              build/cooja/mtype580.o (cfs_interface)
build/cooja/mtype580.a(cooja-radio.o)
                              build/cooja/mtype580.o (radio_interface)
build/cooja/mtype580.a(eeprom.o)
                              build/cooja/mtype580.o (eeprom_interface)
build/cooja/mtype580.a(random.o)
                              build/cooja/mtype580.a(moteid.o) (random_init)
build/cooja/mtype580.a(sensors.o)
                              build/cooja/mtype580.a(pir-sensor.o) (sensors_changed)
build/cooja/mtype580.a(leds.o)
                              build/cooja/mtype580.a(leds-arch.o) (leds_get)
build/cooja/mtype580.a(gpio-hal-arch.o)
                              build/cooja/mtype580.a(leds-arch.o) (gpio_hal_arch_register_pin_callback)
build/cooja/mtype580.a(buttons.o)
                              build/cooja/mtype580.o (button_interface)
build/cooja/mtype580.a(deployment.o)
                              node.o (deployment_node_count)
build/cooja/mtype580.a(contiki-main.o)
                              build/cooja/mtype580.o (main)
build/cooja/mtype580.a(autostart.o)
                              build/cooja/mtype580.a(contiki-main.o) (autostart_start)
build/cooja/mtype580.a(log.o)
                              build/cooja/mtype580.a(contiki-main.o) (curr_log_level_main)
build/cooja/mtype580.a(energest.o)
                              build/cooja/mtype580.a(cooja-radio.o) (energest_total_time)
build/cooja/mtype580.a(etimer.o)
                              build/cooja/mtype580.a(contiki-main.o) (etimer_process)
build/cooja/mtype580.a(node-id.o)
                              node.o (node_id)
build/cooja/mtype580.a(ctimer.o)
                              build/cooja/mtype580.a(contiki-main.o) (ctimer_init)
build/cooja/mtype580.a(process.o)
                              build/cooja/mtype580.a(etimer.o) (process_current)
build/cooja/mtype580.a(rtimer.o)
                              build/cooja/mtype580.a(contiki-main.o) (rtimer_init)
build/cooja/mtype580.a(timer.o)
                              build/cooja/mtype580.a(etimer.o) (timer_set)
build/cooja/mtype580.a(list.o)
                              build/cooja/mtype580.a(ctimer.o) (list_init)
build/cooja/mtype580.a(button-hal.o)
                              build/cooja/mtype580.o (button_hal_init)
build/cooja/mtype580.a(serial-line.o)
                              build/cooja/mtype580.a(rs232.o) (serial_line_input_byte)
build/cooja/mtype580.a(gpio-hal.o)
                              build/cooja/mtype580.a(button-hal.o) (gpio_hal_register_handler)
build/cooja/mtype580.a(queuebuf.o)
                              build/cooja/mtype580.a(contiki-main.o) (queuebuf_init)
build/cooja/mtype580.a(packetbuf.o)
                              build/cooja/mtype580.a(cooja-radio.o) (packetbuf_clear)
build/cooja/mtype580.a(netstack.o)
                              build/cooja/mtype580.a(contiki-main.o) (netstack_init)
build/cooja/mtype580.a(linkaddr.o)
                              build/cooja/mtype580.a(deployment.o) (linkaddr_node_addr)
build/cooja/mtype580.a(tsch.o)
                              build/cooja/mtype580.a(cooja-radio.o) (tschmac_driver)
build/cooja/mtype580.a(uip-sr.o)
                              node.o (uip_sr_num_nodes)
build/cooja/mtype580.a(uip-ds6.o)
                              build/cooja/mtype580.a(deployment.o) (uip_ds6_set_addr_iid)
build/cooja/mtype580.a(tcpip.o)
                              build/cooja/mtype580.a(contiki-main.o) (tcpip_process)
build/cooja/mtype580.a(uip-ds6-route.o)
[...]
Memory Configuration

Name             Origin             Length             Attributes
*default*        0x0000000000000000 0xffffffffffffffff

Linker script and memory map

LOAD /usr/lib/gcc/x86_64-linux-gnu/7/../../../x86_64-linux-gnu/crti.o
LOAD /usr/lib/gcc/x86_64-linux-gnu/7/crtbeginS.o
LOAD node.o
LOAD build/cooja/mtype580.o
LOAD build/cooja/mtype580.a
LOAD /usr/lib/gcc/x86_64-linux-gnu/7/libgcc.a
LOAD /usr/lib/gcc/x86_64-linux-gnu/7/libgcc_s.so
START GROUP
LOAD /usr/lib/gcc/x86_64-linux-gnu/7/libgcc_s.so.1
LOAD /usr/lib/gcc/x86_64-linux-gnu/7/libgcc.a
END GROUP
LOAD /usr/lib/gcc/x86_64-linux-gnu/7/../../../x86_64-linux-gnu/libc.so
START GROUP
LOAD /lib/x86_64-linux-gnu/libc.so.6
LOAD /usr/lib/x86_64-linux-gnu/libc_nonshared.a
LOAD /lib/x86_64-linux-gnu/ld-linux-x86-64.so.2
END GROUP
LOAD /usr/lib/gcc/x86_64-linux-gnu/7/libgcc.a
LOAD /usr/lib/gcc/x86_64-linux-gnu/7/libgcc_s.so
START GROUP
LOAD /usr/lib/gcc/x86_64-linux-gnu/7/libgcc_s.so.1
LOAD /usr/lib/gcc/x86_64-linux-gnu/7/libgcc.a
END GROUP
LOAD /usr/lib/gcc/x86_64-linux-gnu/7/crtendS.o
LOAD /usr/lib/gcc/x86_64-linux-gnu/7/../../../x86_64-linux-gnu/crtn.o
                0x00000000000001c8                . = (SEGMENT_START ("text-segment", 0x0) + SIZEOF_HEADERS)

.note.gnu.build-id
                0x00000000000001c8       0x24
 *(.note.gnu.build-id)
 .note.gnu.build-id
                0x00000000000001c8       0x24 /usr/lib/gcc/x86_64-linux-gnu/7/../../../x86_64-linux-gnu/crti.o

.hash
 *(.hash)

.gnu.hash       0x00000000000001f0     0x1870
 *(.gnu.hash)
 .gnu.hash      0x00000000000001f0     0x1870 /usr/lib/gcc/x86_64-linux-gnu/7/../../../x86_64-linux-gnu/crti.o

.dynsym         0x0000000000001a60     0x4b00
 *(.dynsym)
 .dynsym        0x0000000000001a60     0x4b00 /usr/lib/gcc/x86_64-linux-gnu/7/../../../x86_64-linux-gnu/crti.o

.dynstr         0x0000000000006560     0x3c72
 *(.dynstr)
 .dynstr        0x0000000000006560     0x3c72 /usr/lib/gcc/x86_64-linux-gnu/7/../../../x86_64-linux-gnu/crti.o

.gnu.version    0x000000000000a1d2      0x640
 *(.gnu.version)
 .gnu.version   0x000000000000a1d2      0x640 /usr/lib/gcc/x86_64-linux-gnu/7/../../../x86_64-linux-gnu/crti.o

.gnu.version_d  0x000000000000a818        0x0
 *(.gnu.version_d)
 .gnu.version_d
                0x000000000000a818        0x0 /usr/lib/gcc/x86_64-linux-gnu/7/../../../x86_64-linux-gnu/crti.o

.gnu.version_r  0x000000000000a818       0x40
 *(.gnu.version_r)
 .gnu.version_r
                0x000000000000a818       0x40 /usr/lib/gcc/x86_64-linux-gnu/7/../../../x86_64-linux-gnu/crti.o

.rela.dyn       0x000000000000a858     0x2568
 *(.rela.init)
 *(.rela.text .rela.text.* .rela.gnu.linkonce.t.*)
 .rela.text     0x000000000000a858        0x0 /usr/lib/gcc/x86_64-linux-gnu/7/../../../x86_64-linux-gnu/crti.o
 *(.rela.fini)
 *(.rela.rodata .rela.rodata.* .rela.gnu.linkonce.r.*)
 *(.rela.data .rela.data.* .rela.gnu.linkonce.d.*)
 .rela.data.rel.local
                0x000000000000a858      0x8e8 /usr/lib/gcc/x86_64-linux-gnu/7/../../../x86_64-linux-gnu/crti.o
 .rela.data.rel.ro
                0x000000000000b140      0x288 /usr/lib/gcc/x86_64-linux-gnu/7/../../../x86_64-linux-gnu/crti.o
 .rela.data.rel
                0x000000000000b3c8      0x3f0 /usr/lib/gcc/x86_64-linux-gnu/7/../../../x86_64-linux-gnu/crti.o
 .rela.data.rel.ro.local
                0x000000000000b7b8      0x600 /usr/lib/gcc/x86_64-linux-gnu/7/../../../x86_64-linux-gnu/crti.o
 *(.rela.tdata .rela.tdata.* .rela.gnu.linkonce.td.*)
 *(.rela.tbss .rela.tbss.* .rela.gnu.linkonce.tb.*)
 *(.rela.ctors)
 *(.rela.dtors)
 *(.rela.got)
 .rela.got      0x000000000000bdb8      0xfd8 /usr/lib/gcc/x86_64-linux-gnu/7/../../../x86_64-linux-gnu/crti.o
 *(.rela.bss .rela.bss.* .rela.gnu.linkonce.b.*)
 *(.rela.ldata .rela.ldata.* .rela.gnu.linkonce.l.*)
 *(.rela.lbss .rela.lbss.* .rela.gnu.linkonce.lb.*)
 *(.rela.lrodata .rela.lrodata.* .rela.gnu.linkonce.lr.*)
 *(.rela.ifunc)
 .rela.ifunc    0x000000000000cd90        0x0 /usr/lib/gcc/x86_64-linux-gnu/7/../../../x86_64-linux-gnu/crti.o
 .rela.fini_array
                0x000000000000cd90       0x18 /usr/lib/gcc/x86_64-linux-gnu/7/../../../x86_64-linux-gnu/crti.o
 .rela.init_array
                0x000000000000cda8       0x18 /usr/lib/gcc/x86_64-linux-gnu/7/../../../x86_64-linux-gnu/crti.o

.rela.plt       0x000000000000cdc0     0x28c8
 *(.rela.plt)
 .rela.plt      0x000000000000cdc0     0x28c8 /usr/lib/gcc/x86_64-linux-gnu/7/../../../x86_64-linux-gnu/crti.o
 *(.rela.iplt)

.init           0x000000000000f688       0x17
 *(SORT_NONE(.init))
 .init          0x000000000000f688       0x12 /usr/lib/gcc/x86_64-linux-gnu/7/../../../x86_64-linux-gnu/crti.o
                0x000000000000f688                _init
 .init          0x000000000000f69a        0x5 /usr/lib/gcc/x86_64-linux-gnu/7/../../../x86_64-linux-gnu/crtn.o

.plt            0x000000000000f6a0     0x1b40
 *(.plt)
 .plt           0x000000000000f6a0     0x1b40 /usr/lib/gcc/x86_64-linux-gnu/7/../../../x86_64-linux-gnu/crti.o
 *(.iplt)

.plt.got        0x00000000000111e0       0x18
 *(.plt.got)
 .plt.got       0x00000000000111e0       0x18 /usr/lib/gcc/x86_64-linux-gnu/7/../../../x86_64-linux-gnu/crti.o

.plt.sec
 *(.plt.sec)

.text           0x0000000000011200    0x25e2d
 *(.text.unlikely .text.*_unlikely .text.unlikely.*)
 *(.text.exit .text.exit.*)
 *(.text.startup .text.startup.*)
 *(.text.hot .text.hot.*)
 *(.text .stub .text.* .gnu.linkonce.t.*)
 .text          0x0000000000011200        0x0 /usr/lib/gcc/x86_64-linux-gnu/7/../../../x86_64-linux-gnu/crti.o
 .text          0x0000000000011200       0xda /usr/lib/gcc/x86_64-linux-gnu/7/crtbeginS.o
 .text          0x00000000000112da      0x4a1 node.o
 .text          0x000000000001177b      0x354 build/cooja/mtype580.o
                0x0000000000011827                platform_init_stage_one
                0x0000000000011838                platform_init_stage_two
                0x0000000000011849                platform_init_stage_three
                0x000000000001185a                platform_main_loop
                0x00000000000118f0                Java_org_contikios_cooja_corecomm_Lib4_init
                0x0000000000011933                Java_org_contikios_cooja_corecomm_Lib4_getMemory
                0x000000000001198b                Java_org_contikios_cooja_corecomm_Lib4_setMemory
                0x0000000000011a18                Java_org_contikios_cooja_corecomm_Lib4_tick
                0x0000000000011aa1                Java_org_contikios_cooja_corecomm_Lib4_setReferenceAddress
 .text          0x0000000000011acf       0x89 build/cooja/mtype580.a(simEnvChange.o)
                0x0000000000011acf                doActionsBeforeTick
                0x0000000000011b13                doActionsAfterTick
 .text          0x0000000000011b58       0x9f build/cooja/mtype580.a(cooja_mt.o)
                0x0000000000011b58                cooja_mt_start
                0x0000000000011b94                cooja_mt_exec
                0x0000000000011bd3                cooja_mt_yield
 .text          0x0000000000011bf7       0xfe build/cooja/mtype580.a(cooja_mtarch.o)
                0x0000000000011bf7                cooja_mtarch_start
                0x0000000000011c96                cooja_sw
                0x0000000000011cbf                cooja_mtarch_exec
                0x0000000000011ce9                cooja_mtarch_yield
 .text          0x0000000000011cf5       0xb4 build/cooja/mtype580.a(rtimer-arch.o)
                0x0000000000011cf5                rtimer_arch_init
                0x0000000000011d17                rtimer_arch_schedule
                0x0000000000011d3d                rtimer_arch_next
                0x0000000000011d4d                rtimer_arch_pending
                0x0000000000011d5c                rtimer_arch_check
                0x0000000000011d99                rtimer_arch_now
 .text          0x0000000000011da9       0xba build/cooja/mtype580.a(beep.o)
                0x0000000000011da9                beep_alarm
                0x0000000000011dc0                beep_beep
                0x0000000000011dd4                beep
                0x0000000000011de5                beep_down
                0x0000000000011df9                beep_on
                0x0000000000011e0a                beep_off
                0x0000000000011e1b                beep_spinup
                0x0000000000011e2c                beep_quick
                0x0000000000011e40                beep_long
 .text          0x0000000000011e63       0x69 build/cooja/mtype580.a(leds-arch.o)
                0x0000000000011e7a                leds_arch_init
 .text          0x0000000000011ecc       0x39 build/cooja/mtype580.a(moteid.o)
 .text          0x0000000000011f05       0xe5 build/cooja/mtype580.a(pir-sensor.o)
 .text          0x0000000000011fea      0x175 build/cooja/mtype580.a(rs232.o)
                0x0000000000011fea                rs232_init
                0x0000000000011ff1                rs232_set_speed
                0x0000000000011ffd                rs232_set_input
                0x0000000000012013                rs232_send
                0x000000000001203a                rs232_print
                0x0000000000012061                slip_arch_writeb
 .text          0x000000000001215f       0xe5 build/cooja/mtype580.a(vib-sensor.o)
 .text          0x0000000000012244       0x57 build/cooja/mtype580.a(clock.o)
                0x0000000000012244                clock_init
                0x000000000001224b                clock_time
                0x000000000001225b                clock_seconds
                0x0000000000012283                clock_delay
 .text          0x000000000001229b      0x30e build/cooja/mtype580.a(cooja-log.o)
                0x000000000001229b                simlog_char
                0x00000000000122f4                simlog
                0x0000000000012393                log_message
                0x00000000000123cc                log_set_putchar_with_slip
                0x00000000000123df                log_putchar
                0x000000000001245f                log_puts
                0x0000000000012488                log_printf
 .text          0x00000000000125a9      0x373 build/cooja/mtype580.a(cfs-cooja.o)
                0x00000000000125a9                cfs_open
                0x0000000000012622                cfs_close
                0x0000000000012633                cfs_read
                0x00000000000126f7                cfs_write
                0x0000000000012806                cfs_seek
                0x00000000000128b1                cfs_remove
                0x00000000000128dd                cfs_opendir
                0x00000000000128f0                cfs_readdir
                0x0000000000012903                cfs_closedir
 .text          0x000000000001291c      0x8a7 build/cooja/mtype580.a(cooja-radio.o)
                0x0000000000012ab8                radio_set_channel
                0x0000000000012ace                radio_set_txpower
                0x0000000000012ae7                radio_signal_strength_last
                0x0000000000012af6                radio_signal_strength_current
                0x0000000000012b05                radio_LQI
 .text          0x00000000000131c3      0x125 build/cooja/mtype580.a(eeprom.o)
                0x00000000000131c3                eeprom_init
                0x00000000000131ca                eeprom_read
                0x0000000000013252                eeprom_write
 .text          0x00000000000132e8       0x27 build/cooja/mtype580.a(random.o)
                0x00000000000132e8                random_init
                0x0000000000013304                random_rand
 .text          0x000000000001330f      0x33f build/cooja/mtype580.a(sensors.o)
                0x0000000000013354                sensors_first
                0x0000000000013364                sensors_next
                0x000000000001338f                sensors_changed
                0x00000000000133d8                sensors_find
 .text          0x000000000001364e      0x386 build/cooja/mtype580.a(leds.o)
                0x000000000001364e                leds_init
                0x0000000000013695                leds_single_on
                0x00000000000136fe                leds_single_off
                0x0000000000013767                leds_single_toggle
                0x000000000001379b                leds_on
                0x0000000000013827                leds_off
                0x00000000000138b3                leds_toggle
                0x000000000001390a                leds_set
                0x000000000001392f                leds_get
 .text          0x00000000000139d4      0x3ce build/cooja/mtype580.a(gpio-hal-arch.o)
                0x00000000000139d4                gpio_hal_arch_register_pin_callback
                0x0000000000013a74                gpio_hal_arch_init
                0x0000000000013abd                gpio_hal_arch_no_port_interrupt_enable
                0x0000000000013b06                gpio_hal_arch_no_port_interrupt_disable
                0x0000000000013b4f                gpio_hal_arch_no_port_pin_cfg_set
                0x0000000000013b81                gpio_hal_arch_no_port_pin_cfg_get
                0x0000000000013bb1                gpio_hal_arch_no_port_pin_set_input
                0x0000000000013bc0                gpio_hal_arch_no_port_pin_set_output
                0x0000000000013bcf                gpio_hal_arch_no_port_set_pin
                0x0000000000013bef                gpio_hal_arch_no_port_clear_pin
                0x0000000000013c0f                gpio_hal_arch_no_port_read_pin
                0x0000000000013c39                gpio_hal_arch_no_port_write_pin
                0x0000000000013c5f                gpio_hal_arch_no_port_set_pins
                0x0000000000013ca9                gpio_hal_arch_no_port_clear_pins
                0x0000000000013cf3                gpio_hal_arch_no_port_read_pins
                0x0000000000013d3e                gpio_hal_arch_no_port_write_pins
 .text          0x0000000000013da2       0x94 build/cooja/mtype580.a(buttons.o)
 .text          0x0000000000013e36      0x22b build/cooja/mtype580.a(deployment.o)
                0x0000000000013e36                deployment_init
                0x0000000000013e93                deployment_node_count
                0x0000000000013e9f                deployment_id_from_lladdr
                0x0000000000013f00                deployment_lladdr_from_id
                0x0000000000013f69                deployment_id_from_iid
                0x0000000000013fb9                deployment_iid_from_id
                0x0000000000014016                deployment_id_from_index
 .text          0x0000000000014061      0x3ad build/cooja/mtype580.a(contiki-main.o)
                0x0000000000014061                main
 .text          0x000000000001440e       0xb3 build/cooja/mtype580.a(autostart.o)
                0x000000000001440e                autostart_start
                0x000000000001446a                autostart_exit
 .text          0x00000000000144c1      0x4dd build/cooja/mtype580.a(log.o)
                0x00000000000144c1                log_6addr
                0x0000000000014520                log_6addr_compact_snprint
                0x00000000000145e5                log_6addr_compact
                0x0000000000014644                log_lladdr
                0x00000000000146c1                log_lladdr_compact
                0x0000000000014726                log_bytes
                0x000000000001477e                log_set_level
                0x0000000000014884                log_get_level
                0x0000000000014937                log_level_to_str
 .text          0x000000000001499e      0x189 build/cooja/mtype580.a(energest.o)
                0x00000000000149f9                energest_init
                0x0000000000014a68                energest_flush
                0x0000000000014af8                energest_get_total_time
 .text          0x0000000000014b27      0x540 build/cooja/mtype580.a(etimer.o)
                0x0000000000014dc7                etimer_request_poll
                0x0000000000014e71                etimer_set
                0x0000000000014ea3                etimer_reset_with_new_interval
                0x0000000000014eda                etimer_reset
                0x0000000000014f01                etimer_restart
                0x0000000000014f28                etimer_adjust
                0x0000000000014f55                etimer_expired
                0x0000000000014f70                etimer_expiration_time
                0x0000000000014f8c                etimer_start_time
                0x0000000000014f9d                etimer_pending
                0x0000000000014fb3                etimer_next_expiration_time
                0x0000000000014fd0                etimer_stop
 .text          0x0000000000015067        0xc build/cooja/mtype580.a(node-id.o)
                0x0000000000015067                node_id_init
 .text          0x0000000000015073      0x421 build/cooja/mtype580.a(ctimer.o)
                0x00000000000151d1                ctimer_init
                0x0000000000015202                ctimer_set
                0x0000000000015242                ctimer_set_with_process
                0x00000000000152f8                ctimer_reset
                0x0000000000015365                ctimer_restart
                0x00000000000153d2                ctimer_stop
                0x000000000001542c                ctimer_expired
 .text          0x0000000000015494      0x641 build/cooja/mtype580.a(process.o)
                0x0000000000015494                process_alloc_event
                0x00000000000154aa                process_start
                0x000000000001570f                process_exit
                0x0000000000015737                process_init
                0x0000000000015927                process_run
                0x0000000000015958                process_nevents
                0x0000000000015974                process_post
                0x0000000000015a38                process_post_synch
                0x0000000000015a82                process_poll
                0x0000000000015abb                process_is_running
 .text          0x0000000000015ad5       0xf6 build/cooja/mtype580.a(rtimer.o)
                0x0000000000015ad5                rtimer_init
                0x0000000000015ae1                rtimer_set
                0x0000000000015b5e                rtimer_run_next
 .text          0x0000000000015bcb       0xf3 build/cooja/mtype580.a(timer.o)
                0x0000000000015bcb                timer_set
                0x0000000000015bf9                timer_reset
                0x0000000000015c31                timer_restart
                0x0000000000015c4f                timer_expired
                0x0000000000015c8c                timer_remaining
 .text          0x0000000000015cbe      0x367 build/cooja/mtype580.a(list.o)
                0x0000000000015cbe                list_init
                0x0000000000015cd4                list_head
                0x0000000000015ce5                list_copy
                0x0000000000015d02                list_tail
                0x0000000000015d47                list_add
                0x0000000000015da7                list_push
                0x0000000000015de6                list_chop
                0x0000000000015e6f                list_pop
                0x0000000000015ea5                list_remove
                0x0000000000015f2d                list_length
                0x0000000000015f64                list_insert
                0x0000000000015fc3                list_item_next
                0x0000000000015fe2                list_contains
 .text          0x0000000000016025      0x54c build/cooja/mtype580.a(button-hal.o)
                0x00000000000161da                button_hal_get_by_id
                0x0000000000016224                button_hal_get_by_index
                0x0000000000016257                button_hal_get_state
                0x00000000000162b6                button_hal_init
 .text          0x0000000000016571      0x217 build/cooja/mtype580.a(serial-line.o)
                0x0000000000016571                serial_line_input_byte
                0x0000000000016755                serial_line_init
 .text          0x0000000000016788      0x164 build/cooja/mtype580.a(gpio-hal.o)
                0x0000000000016788                gpio_hal_register_handler
                0x00000000000167ad                gpio_hal_event_handler
                0x0000000000016813                gpio_hal_init
                0x000000000001682e                gpio_hal_arch_port_toggle_pin
                0x0000000000016861                gpio_hal_arch_port_toggle_pins
                0x000000000001688e                gpio_hal_arch_no_port_toggle_pin
                0x00000000000168c4                gpio_hal_arch_no_port_toggle_pins
 .text          0x00000000000168ec      0x330 build/cooja/mtype580.a(queuebuf.o)
                0x00000000000168fd                queuebuf_init
                0x000000000001691c                queuebuf_numfree
                0x000000000001692e                queuebuf_new_from_packetbuf
                0x00000000000169d7                queuebuf_update_attr_from_packetbuf
                0x0000000000016a16                queuebuf_update_from_packetbuf
                0x0000000000016a6e                queuebuf_free
                0x0000000000016abd                queuebuf_to_packetbuf
                0x0000000000016b2f                queuebuf_dataptr
                0x0000000000016b6f                queuebuf_datalen
                0x0000000000016b9b                queuebuf_addr
                0x0000000000016bde                queuebuf_attr
                0x0000000000016c15                queuebuf_debug_print
 .text          0x0000000000016c1c      0x458 build/cooja/mtype580.a(packetbuf.o)
                0x0000000000016c1c                packetbuf_clear
                0x0000000000016c46                packetbuf_copyfrom
                0x0000000000016c9c                packetbuf_copyto
                0x0000000000016d3f                packetbuf_hdralloc
                0x0000000000016dca                packetbuf_hdrreduce
                0x0000000000016e16                packetbuf_set_datalen
                0x0000000000016e2e                packetbuf_dataptr
                0x0000000000016e50                packetbuf_hdrptr
                0x0000000000016e5d                packetbuf_datalen
                0x0000000000016e6a                packetbuf_hdrlen
                0x0000000000016e82                packetbuf_totlen
                0x0000000000016ea1                packetbuf_remaininglen
                0x0000000000016eb5                packetbuf_attr_clear
                0x0000000000016f15                packetbuf_attr_copyto
                0x0000000000016f5c                packetbuf_attr_copyfrom
                0x0000000000016fa3                packetbuf_set_attr
                0x0000000000016fcf                packetbuf_attr
                0x0000000000016fec                packetbuf_set_addr
                0x000000000001702e                packetbuf_addr
                0x0000000000017054                packetbuf_holds_broadcast
 .text          0x0000000000017074      0x11b build/cooja/mtype580.a(netstack.o)
                0x0000000000017074                netstack_process_ip_callback
                0x0000000000017111                netstack_ip_packet_processor_add
                0x000000000001713d                uip_ds6_ip_packet_processor_rm
                0x0000000000017162                netstack_init
 .text          0x000000000001718f       0x74 build/cooja/mtype580.a(linkaddr.o)
                0x000000000001718f                linkaddr_copy
                0x00000000000171ac                linkaddr_cmp
                0x00000000000171de                linkaddr_set_node_addr
 .text          0x0000000000017203     0x29c5 build/cooja/mtype580.a(tsch.o)
                0x0000000000017203                tsch_set_coordinator
                0x0000000000017242                tsch_set_pan_secured
                0x0000000000017259                tsch_set_join_priority
                0x0000000000017272                tsch_set_ka_timeout
                0x0000000000017294                tsch_set_eb_period
                0x00000000000177f5                tsch_schedule_keepalive
                0x0000000000018057                tsch_disassociate
                0x00000000000187e7                tsch_scan
 .text          0x0000000000019bc8      0x9a2 build/cooja/mtype580.a(uip-sr.o)
                0x0000000000019bc8                uip_sr_num_nodes
                0x0000000000019c6b                uip_sr_get_node
                0x0000000000019ccf                uip_sr_is_addr_reachable
                0x0000000000019d93                uip_sr_expire_parent
                0x0000000000019df2                uip_sr_update_node
                0x000000000001a0cf                uip_sr_init
                0x000000000001a0fb                uip_sr_node_head
                0x000000000001a110                uip_sr_node_next
                0x000000000001a12a                uip_sr_periodic
                0x000000000001a2f0                uip_sr_free_all
                0x000000000001a367                uip_sr_link_snprint
 .text          0x000000000001a56a     0x10dd build/cooja/mtype580.a(uip-ds6.o)
                0x000000000001a56a                uip_ds6_default_prefix
                0x000000000001a577                uip_ds6_set_default_prefix
                0x000000000001a59b                uip_ds6_init
                0x000000000001a9fe                uip_ds6_periodic
                0x000000000001aa9c                uip_ds6_list_loop
                0x000000000001ab81                uip_ds6_prefix_add
                0x000000000001ad23                uip_ds6_prefix_rm
                0x000000000001ad3d                uip_ds6_prefix_lookup
                0x000000000001ad90                uip_ds6_is_addr_onlink
                0x000000000001ae20                uip_ds6_addr_add
                0x000000000001af61                uip_ds6_addr_rm
                0x000000000001b015                uip_ds6_addr_lookup
                0x000000000001b063                uip_ds6_get_link_local
                0x000000000001b104                uip_ds6_get_global
                0x000000000001b1a5                uip_ds6_maddr_add
                0x000000000001b21a                uip_ds6_maddr_rm
                0x000000000001b234                uip_ds6_maddr_lookup
                0x000000000001b285                uip_ds6_aaddr_add
                0x000000000001b2fa                uip_ds6_aaddr_rm
                0x000000000001b314                uip_ds6_aaddr_lookup
                0x000000000001b365                uip_ds6_select_src
                0x000000000001b4eb                uip_ds6_set_addr_iid
                0x000000000001b520                uip_ds6_set_lladdr_from_iid
                0x000000000001b553                get_match_length
                0x000000000001b5fd                uip_ds6_compute_reachable_time
 .text          0x000000000001b647      0x830 build/cooja/mtype580.a(tcpip.o)
                0x000000000001b673                tcpip_output
                0x000000000001b6ff                udp_attach
                0x000000000001b729                udp_new
                0x000000000001b780                udp_broadcast_new
                0x000000000001b91d                tcpip_input
                0x000000000001bae0                tcpip_ipv6_output
                0x000000000001bd36                tcpip_poll_udp
                0x000000000001bd60                tcpip_uipcall
 .text          0x000000000001be77      0x6dd build/cooja/mtype580.a(uip-ds6-route.o)
                0x000000000001becc                uip_ds6_route_init
                0x000000000001beee                uip_ds6_route_nexthop
                0x000000000001befd                uip_ds6_route_head
                0x000000000001bf08                uip_ds6_route_next
                0x000000000001bf17                uip_ds6_route_is_nexthop
                0x000000000001bf26                uip_ds6_route_num_routes
                0x000000000001bf31                uip_ds6_route_lookup
                0x000000000001bf40                uip_ds6_route_add
                0x000000000001bf58                uip_ds6_route_rm
                0x000000000001bf63                uip_ds6_route_rm_by_nexthop
                0x000000000001bf6e                uip_ds6_defrt_head
                0x000000000001bf83                uip_ds6_defrt_add
                0x000000000001c16e                uip_ds6_defrt_rm
                0x000000000001c222                uip_ds6_defrt_lookup
                0x000000000001c295                uip_ds6_defrt_choose
                0x000000000001c497                uip_ds6_defrt_periodic
 .text          0x000000000001c554      0x6a9 build/cooja/mtype580.a(uip-ds6-nbr.o)
                0x000000000001c554                uip_ds6_neighbors_init
                0x000000000001c579                uip_ds6_nbr_add
                0x000000000001c78d                uip_ds6_nbr_rm
                0x000000000001c7e6                uip_ds6_nbr_update_ll
                0x000000000001ca38                uip_ds6_nbr_get_ipaddr
                0x000000000001ca54                uip_ds6_nbr_get_ll
                0x000000000001ca78                uip_ds6_nbr_num
                0x000000000001cac6                uip_ds6_nbr_head
                0x000000000001cadb                uip_ds6_nbr_next
                0x000000000001caff                uip_ds6_nbr_lookup
                0x000000000001cb64                uip_ds6_nbr_ll_lookup
                0x000000000001cb88                uip_ds6_nbr_ipaddr_from_lladdr
                0x000000000001cbb8                uip_ds6_nbr_lladdr_from_ipaddr
                0x000000000001cbf0                uip_ds6_link_callback
 .text          0x000000000001cbfd     0x1ee1 build/cooja/mtype580.a(uip6.o)
                0x000000000001ccbd                uip_chksum
                0x000000000001cd9f                uip_icmp6chksum
                0x000000000001cdaf                uip_udpchksum
                0x000000000001cdbf                uip_init
                0x000000000001ce21                uip_remove_ext_hdr
                0x000000000001cf5b                uip_udp_new
                0x000000000001d369                uip_process
                0x000000000001e96d                uip_htons
                0x000000000001e98c                uip_htonl
                0x000000000001e9d0                uip_send
 .text          0x000000000001eade      0xbea build/cooja/mtype580.a(uip-nd6.o)
                0x000000000001f6b5                uip_nd6_init
 .text          0x000000000001f6c8      0x46d build/cooja/mtype580.a(simple-udp.o)
                0x000000000001f6f5                simple_udp_send
                0x000000000001f763                simple_udp_sendto
                0x000000000001f7d1                simple_udp_sendto_port
                0x000000000001f83d                simple_udp_register
 .text          0x000000000001fb35     0x33af build/cooja/mtype580.a(sicslowpan.o)
                0x00000000000202fe                netstack_sniffer_add
                0x0000000000020314                netstack_sniffer_remove
                0x0000000000022eb5                sicslowpan_init
                0x0000000000022ed8                sicslowpan_get_last_rssi
 .text          0x0000000000022ee4      0x590 build/cooja/mtype580.a(uiplib.o)
                0x0000000000022ee4                uiplib_ip6addrconv
                0x00000000000230c6                uiplib_ip4addrconv
                0x0000000000023194                uiplib_ipaddr_print
                0x00000000000231f3                uiplib_ipaddr_snprint
 .text          0x0000000000023474      0x831 build/cooja/mtype580.a(rpl.o)
                0x0000000000023474                rpl_lollipop_greater_than
                0x00000000000234d4                rpl_get_global_address
                0x0000000000023670                rpl_link_callback
                0x000000000002376c                rpl_has_joined
                0x000000000002379b                rpl_is_reachable
                0x0000000000023839                rpl_reset_prefix
                0x0000000000023927                rpl_set_prefix_from_addr
                0x0000000000023aee                rpl_set_prefix
                0x0000000000023c82                rpl_set_leaf_only
                0x0000000000023c98                rpl_get_leaf_only
 .text          0x0000000000023ca5      0x5dd build/cooja/mtype580.a(rpl-dag-root.o)
                0x0000000000023ca5                rpl_dag_root_print_links
                0x000000000002402e                rpl_dag_root_set_prefix
                0x0000000000024066                rpl_dag_root_start
                0x0000000000024246                rpl_dag_root_is_root
 .text          0x0000000000024282       0x35 build/cooja/mtype580.a(watchdog.o)
                0x0000000000024282                watchdog_init
                0x0000000000024289                watchdog_start
                0x0000000000024290                watchdog_periodic
                0x00000000000242a9                watchdog_stop
                0x00000000000242b0                watchdog_reboot
 .text          0x00000000000242b7       0x51 build/cooja/mtype580.a(int-master.o)
                0x00000000000242b7                int_master_enable
                0x00000000000242c8                int_master_read_and_disable
                0x00000000000242e4                int_master_status_set
                0x00000000000242f7                int_master_is_enabled
 .text          0x0000000000024308        0x0 build/cooja/mtype580.a(cooja16.o)
 .text          0x0000000000024308      0x58c build/cooja/mtype580.a(simple-energest)
                0x0000000000024813                simple_energest_init
 .text          0x0000000000024894      0x3dd build/cooja/mtype580.a(orchestra.o)
                0x0000000000024926                orchestra_callback_child_added
                0x0000000000024982                orchestra_callback_child_removed
                0x00000000000249de                orchestra_callback_packet_ready
                0x0000000000024ac1                orchestra_callback_new_time_source
                0x0000000000024b3f                orchestra_init
 .text          0x0000000000024c71      0x271 build/cooja/mtype580.a(orchestra-rule-)
 .text          0x0000000000024ee2      0x11a build/cooja/mtype580.a(stimer.o)
                0x0000000000024ee2                stimer_set
                0x0000000000024f10                stimer_reset
                0x0000000000024f48                stimer_restart
                0x0000000000024f66                stimer_expired
                0x0000000000024fa7                stimer_remaining
                0x0000000000024fd9                stimer_elapsed
 .text          0x0000000000024ffc      0x236 build/cooja/mtype580.a(ringbufindex.o)
                0x0000000000024ffc                ringbufindex_init
                0x0000000000025029                ringbufindex_put
                0x0000000000025090                ringbufindex_peek_put
                0x00000000000250de                ringbufindex_get
                0x0000000000025147                ringbufindex_peek_get
                0x000000000002518b                ringbufindex_size
                0x00000000000251a2                ringbufindex_elements
                0x00000000000251d0                ringbufindex_full
                0x0000000000025210                ringbufindex_empty
 .text          0x0000000000025232      0x206 build/cooja/mtype580.a(memb.o)
                0x0000000000025232                memb_init
                0x0000000000025291                memb_alloc
                0x0000000000025307                memb_free
                0x0000000000025396                memb_inmemb
                0x00000000000253e9                memb_numfree
 .text          0x0000000000025438      0x189 build/cooja/mtype580.a(ringbuf.o)
                0x0000000000025438                ringbuf_init
                0x0000000000025475                ringbuf_put
                0x0000000000025500                ringbuf_get
                0x000000000002557a                ringbuf_size
                0x0000000000025592                ringbuf_elements
 .text          0x00000000000255c1      0x9ac build/cooja/mtype580.a(nbr-table.o)
                0x0000000000025b69                nbr_table_register
                0x0000000000025bf7                nbr_table_is_registered
                0x0000000000025c4a                nbr_table_head
                0x0000000000025cb1                nbr_table_next
                0x0000000000025d27                nbr_table_add_lladdr
                0x0000000000025e2a                nbr_table_get_from_lladdr
                0x0000000000025e82                nbr_table_remove
                0x0000000000025ed2                nbr_table_lock
                0x0000000000025f00                nbr_table_unlock
                0x0000000000025f2e                nbr_table_get_lladdr
 .text          0x0000000000025f6d      0x410 build/cooja/mtype580.a(link-stats.o)
                0x0000000000025f6d                link_stats_from_lladdr
                0x0000000000025f91                link_stats_get_lladdr
                0x0000000000025fb5                link_stats_is_fresh
                0x0000000000025fff                guess_etx_from_rssi
                0x0000000000026080                link_stats_packet_sent
                0x00000000000261be                link_stats_input_callback
                0x00000000000262eb                link_stats_reset
                0x0000000000026342                link_stats_init
 .text          0x000000000002637d      0x1da build/cooja/mtype580.a(mac-sequence.o)
                0x000000000002637d                mac_sequence_is_duplicate
                0x000000000002645e                mac_sequence_register_seqno
 .text          0x0000000000026557       0x33 build/cooja/mtype580.a(mac.o)
                0x0000000000026557                mac_call_sent_callback
 .text          0x000000000002658a      0x442 build/cooja/mtype580.a(framer-802154.o)
                0x0000000000026721                framer_802154_setup_params
 .text          0x00000000000269cc      0xc84 build/cooja/mtype580.a(frame802154.o)
                0x00000000000269fa                frame802154_get_pan_id
                0x0000000000026a07                frame802154_set_pan_id
                0x0000000000026a1f                frame802154_has_panid
                0x0000000000026bfa                frame802154_check_dest_panid
                0x0000000000026c95                frame802154_is_broadcast_addr
                0x0000000000026ce8                frame802154_extract_linkaddr
                0x0000000000026f7e                frame802154_hdrlen
                0x0000000000026ff9                frame802154_create_fcf
                0x00000000000270c7                frame802154_create
                0x000000000002726d                frame802154_parse_fcf
                0x0000000000027360                frame802154_parse
 .text          0x0000000000027650      0xcd6 build/cooja/mtype580.a(tsch-queue.o)
                0x0000000000027650                tsch_queue_add_nbr
                0x000000000002775a                tsch_queue_get_nbr
                0x000000000002778e                tsch_queue_get_time_source
                0x00000000000277ee                tsch_queue_get_nbr_address
                0x0000000000027812                tsch_queue_update_time_source
                0x0000000000027aa1                tsch_queue_add_packet
                0x0000000000027c59                tsch_queue_global_packet_count
                0x0000000000027c74                tsch_queue_nbr_packet_count
                0x0000000000027ca2                tsch_queue_remove_packet_from_queue
                0x0000000000027cfb                tsch_queue_free_packet
                0x0000000000027d33                tsch_queue_packet_sent
                0x0000000000027dfd                tsch_queue_reset
                0x0000000000027e67                tsch_queue_free_unused_neighbors
                0x0000000000027ef8                tsch_queue_is_empty
                0x0000000000027f38                tsch_queue_get_packet_for_nbr
                0x0000000000028068                tsch_queue_get_packet_for_dest_addr
                0x00000000000280a8                tsch_queue_get_unicast_packet_for_any
                0x0000000000028157                tsch_queue_backoff_expired
                0x0000000000028171                tsch_queue_backoff_reset
                0x000000000002818c                tsch_queue_backoff_inc
                0x00000000000281fe                tsch_queue_update_all_backoff_windows
                0x00000000000282c7                tsch_queue_init
 .text          0x0000000000028326        0x0 build/cooja/mtype580.a(tsch-timeslot-t)
 .text          0x0000000000028326     0x1190 build/cooja/mtype580.a(tsch-schedule.o)
                0x0000000000028326                tsch_schedule_add_slotframe
                0x000000000002846d                tsch_schedule_remove_all_slotframes
                0x00000000000284af                tsch_schedule_remove_slotframe
                0x0000000000028595                tsch_schedule_get_slotframe_by_handle
                0x00000000000285f3                tsch_schedule_get_link_by_handle
                0x00000000000287c4                tsch_schedule_add_link
                0x0000000000028b05                tsch_schedule_remove_link
                0x0000000000028d62                tsch_schedule_remove_link_by_timeslot
                0x0000000000028e07                tsch_schedule_get_link_by_timeslot
                0x0000000000028f63                tsch_schedule_get_next_active_link
                0x0000000000029219                tsch_schedule_init
                0x0000000000029260                tsch_schedule_create_minimal
                0x00000000000292b9                tsch_schedule_slotframe_head
                0x00000000000292ce                tsch_schedule_slotframe_next
                0x00000000000292e8                tsch_schedule_print
 .text          0x00000000000294b6     0x1bfd build/cooja/mtype580.a(tsch-slot-opera)
                0x00000000000294e3                tsch_is_locked
                0x00000000000294ef                tsch_get_lock
                0x0000000000029576                tsch_release_lock
                0x00000000000298f6                tsch_get_network_uptime_ticks
                0x000000000002af16                tsch_slot_operation_start
                0x000000000002b03c                tsch_slot_operation_sync
 .text          0x000000000002b0b3      0xaaa build/cooja/mtype580.a(tsch-packet.o)
                0x000000000002b0b3                tsch_packet_eackbuf_set_attr
                0x000000000002b0de                tsch_packet_eackbuf_attr
                0x000000000002b0fe                tsch_packet_create_eack
                0x000000000002b2f2                tsch_packet_parse_eack
                0x000000000002b4a9                tsch_packet_create_eb
                0x000000000002b7a7                tsch_packet_update_eb
                0x000000000002b82a                tsch_packet_parse_eb
                0x000000000002bb20                tsch_packet_set_frame_pending
                0x000000000002bb40                tsch_packet_get_frame_pending
 .text          0x000000000002bb5d      0x718 build/cooja/mtype580.a(tsch-security.o)
                0x000000000002bcae                tsch_security_mic_len
                0x000000000002bceb                tsch_security_secure_frame
                0x000000000002bfb8                tsch_security_parse_frame
                0x000000000002c269                tsch_security_set_packetbuf_attr
 .text          0x000000000002c275      0x157 build/cooja/mtype580.a(tsch-rpl.o)
                0x000000000002c275                tsch_rpl_callback_ka_sent
                0x000000000002c2b4                tsch_rpl_callback_joining_network
                0x000000000002c2bb                tsch_rpl_callback_leaving_network
                0x000000000002c2db                tsch_rpl_callback_new_dio_interval
                0x000000000002c37c                tsch_rpl_callback_parent_switch
                0x000000000002c3b9                tsch_rpl_check_dodag_joined
 .text          0x000000000002c3cc      0x398 build/cooja/mtype580.a(tsch-adaptive-t)
                0x000000000002c3cc                tsch_adaptive_timesync_get_drift_ppm
                0x000000000002c51b                tsch_timesync_update
                0x000000000002c6c0                tsch_timesync_adaptive_compensate
                0x000000000002c72a                tsch_adaptive_timesync_reset
 .text          0x000000000002c764      0x55f build/cooja/mtype580.a(uipbuf.o)
                0x000000000002c764                uipbuf_clear
                0x000000000002c792                uipbuf_add_ext_hdr
                0x000000000002c826                uipbuf_set_len
                0x000000000002c854                uipbuf_set_len_field
                0x000000000002c883                uipbuf_get_len_field
                0x000000000002c8aa                uipbuf_get_next_header
                0x000000000002c9fd                uipbuf_get_last_header
                0x000000000002ca92                uipbuf_search_header
                0x000000000002cb5d                uipbuf_get_attr
                0x000000000002cb8a                uipbuf_set_attr
                0x000000000002cbc6                uipbuf_set_default_attr
                0x000000000002cc02                uipbuf_clear_attr
                0x000000000002cc23                uipbuf_set_attr_flag
                0x000000000002cc42                uipbuf_clr_attr_flag
                0x000000000002cc67                uipbuf_is_attr_flag
                0x000000000002cc88                uipbuf_init
 .text          0x000000000002ccc3      0xca3 build/cooja/mtype580.a(uip-icmp6.o)
                0x000000000002cd3c                uip_icmp6_input
                0x000000000002cd96                uip_icmp6_register_input_handler
                0x000000000002d0a1                uip_icmp6_error_output
                0x000000000002d512                uip_icmp6_send
                0x000000000002d8df                uip_icmp6_echo_reply_callback_add
                0x000000000002d922                uip_icmp6_echo_reply_callback_rm
                0x000000000002d947                uip_icmp6_init
 .text          0x000000000002d966      0x197 build/cooja/mtype580.a(uip-packetqueue)
                0x000000000002d99e                uip_packetqueue_new
                0x000000000002d9b4                uip_packetqueue_alloc
                0x000000000002da2a                uip_packetqueue_free
                0x000000000002da7b                uip_packetqueue_buf
                0x000000000002daa3                uip_packetqueue_buflen
                0x000000000002dace                uip_packetqueue_set_buflen
 .text          0x000000000002dafd      0x13c build/cooja/mtype580.a(uip-udp-packet.)
                0x000000000002dafd                uip_udp_packet_send
                0x000000000002db78                uip_udp_packet_sendto
 .text          0x000000000002dc39     0x2271 build/cooja/mtype580.a(rpl-icmp6.o)
                0x000000000002ddbd                rpl_icmp6_update_nbr_table
                0x000000000002dfef                rpl_icmp6_dis_output
                0x000000000002eabe                rpl_icmp6_dio_output
                0x000000000002f6d1                rpl_icmp6_dao_output
                0x000000000002fd45                rpl_icmp6_dao_ack_output
                0x000000000002fe73                rpl_icmp6_init
 .text          0x000000000002feaa      0xe1b build/cooja/mtype580.a(rpl-neighbor.o)
                0x000000000002ff39                rpl_neighbor_snprint
                0x0000000000030270                rpl_neighbor_print_list
                0x00000000000304ce                rpl_neighbor_count
                0x00000000000305b1                rpl_neighbor_get_from_lladdr
                0x00000000000305d8                rpl_neighbor_is_acceptable_parent
                0x0000000000030620                rpl_neighbor_get_link_metric
                0x0000000000030668                rpl_neighbor_rank_via_nbr
                0x00000000000306b0                rpl_neighbor_get_lladdr
                0x00000000000306d7                rpl_neighbor_get_ipaddr
                0x0000000000030701                rpl_neighbor_get_link_stats
                0x000000000003072b                rpl_neighbor_is_fresh
                0x0000000000030755                rpl_neighbor_is_reachable
                0x00000000000307a9                rpl_neighbor_is_parent
                0x00000000000307de                rpl_neighbor_set_preferred_parent
                0x0000000000030972                rpl_neighbor_remove_all
                0x0000000000030a12                rpl_neighbor_get_from_ipaddr
                0x0000000000030b43                rpl_neighbor_select_best
                0x0000000000030ca5                rpl_neighbor_init
 .text          0x0000000000030cc5     0x1bbf build/cooja/mtype580.a(rpl-dag.o)
                0x0000000000030cc5                rpl_dag_state_to_str
                0x0000000000030d12                rpl_dag_get_root_ipaddr
                0x0000000000030d58                rpl_dag_leave
                0x0000000000030e87                rpl_dag_poison_and_leave
                0x0000000000030ea1                rpl_dag_periodic
                0x0000000000030fec                rpl_is_addr_in_our_dag
                0x0000000000031041                rpl_get_default_instance
                0x0000000000031064                rpl_get_any_dag
                0x00000000000310c9                rpl_refresh_routes
                0x0000000000031198                rpl_global_repair
                0x0000000000031342                rpl_local_repair
                0x00000000000313e6                rpl_dag_ready_to_advertise
                0x000000000003143a                rpl_dag_update_state
                0x00000000000322b1                rpl_process_dio
                0x0000000000032390                rpl_process_dis
                0x000000000003241b                rpl_process_dao
                0x0000000000032502                rpl_process_dao_ack
                0x00000000000325f7                rpl_process_hbh
                0x0000000000032652                rpl_dag_init_root
                0x0000000000032864                rpl_dag_init
 .text          0x0000000000032884      0xe63 build/cooja/mtype580.a(rpl-timers.o)
                0x0000000000032884                rpl_timers_schedule_periodic_dis
                0x0000000000032a88                rpl_timers_dio_reset
                0x0000000000032c4a                rpl_timers_schedule_unicast_dio
                0x0000000000032e15                rpl_timers_schedule_dao
                0x0000000000032f10                rpl_timers_schedule_dao_ack
                0x0000000000032fc4                rpl_timers_notify_dao_ack
                0x000000000003302e                get_probing_delay
                0x0000000000033077                get_probing_target
                0x00000000000333d5                rpl_schedule_probing
                0x0000000000033412                rpl_schedule_probing_now
                0x0000000000033495                rpl_timers_unschedule_leaving
                0x00000000000334d5                rpl_timers_schedule_leaving
                0x0000000000033526                rpl_timers_init
                0x00000000000335ed                rpl_timers_stop_dag_timers
                0x0000000000033676                rpl_timers_unschedule_state_update
                0x000000000003369c                rpl_timers_schedule_state_update
 .text          0x00000000000336e7     0x1483 build/cooja/mtype580.a(rpl-ext-header.)
                0x00000000000336e7                rpl_ext_header_srh_get_next_hop
                0x00000000000337f1                rpl_ext_header_srh_update
                0x000000000003423b                rpl_ext_header_hbh_update
                0x00000000000348c8                rpl_ext_header_update
                0x000000000003496e                rpl_ext_header_remove
 .text          0x0000000000034b6a      0x235 build/cooja/mtype580.a(rpl-nbr-policy.)
                0x0000000000034d4d                rpl_nbr_policy_find_removable
 .text          0x0000000000034d9f      0x392 build/cooja/mtype580.a(rpl-mrhof.o)
 .text          0x0000000000035131      0x234 build/cooja/mtype580.a(orchestra-rule-)
 .text          0x0000000000035365       0xa8 build/cooja/mtype580.a(orchestra-rule-)
 .text          0x000000000003540d      0x4e2 build/cooja/mtype580.a(ccm-star.o)
 .text          0x00000000000358ef      0x681 build/cooja/mtype580.a(aes-128.o)
 .text          0x0000000000035f70     0x10bd build/cooja/mtype580.a(frame802154e-ie)
                0x00000000000360a5                frame80215e_create_ie_header_ack_nack_time_correction
                0x000000000003613f                frame80215e_create_ie_header_list_termination_1
                0x0000000000036190                frame80215e_create_ie_header_list_termination_2
                0x00000000000361e1                frame80215e_create_ie_payload_list_termination
                0x0000000000036232                frame80215e_create_ie_mlme
                0x0000000000036289                frame80215e_create_ie_tsch_synchronization
                0x0000000000036357                frame80215e_create_ie_tsch_slotframe_and_link
                0x000000000003659d                frame80215e_create_ie_tsch_timeslot
                0x0000000000036693                frame80215e_create_ie_tsch_channel_hopping_sequence
                0x0000000000036d06                frame802154e_parse_information_elements
 .text          0x000000000003702d        0x0 /usr/lib/gcc/x86_64-linux-gnu/7/crtendS.o
 .text          0x000000000003702d        0x0 /usr/lib/gcc/x86_64-linux-gnu/7/../../../x86_64-linux-gnu/crtn.o
 *(.gnu.warning)

.fini           0x0000000000037030        0x9
 *(SORT_NONE(.fini))
 .fini          0x0000000000037030        0x4 /usr/lib/gcc/x86_64-linux-gnu/7/../../../x86_64-linux-gnu/crti.o
                0x0000000000037030                _fini
 .fini          0x0000000000037034        0x5 /usr/lib/gcc/x86_64-linux-gnu/7/../../../x86_64-linux-gnu/crtn.o
                [!provide]                        PROVIDE (__etext = .)
                [!provide]                        PROVIDE (_etext = .)
                [!provide]                        PROVIDE (etext = .)

.rodata         0x0000000000037040     0x3300
 *(.rodata .rodata.* .gnu.linkonce.r.*)
 .rodata        0x0000000000037040       0xd4 node.o
 .rodata        0x0000000000037114        0x6 build/cooja/mtype580.a(leds-arch.o)
                0x0000000000037114                leds_arch_leds
 .rodata        0x000000000003711a        0x4 build/cooja/mtype580.a(pir-sensor.o)
 .rodata        0x000000000003711e        0x6 build/cooja/mtype580.a(rs232.o)
 .rodata        0x0000000000037124        0xa build/cooja/mtype580.a(vib-sensor.o)
 *fill*         0x000000000003712e        0x2 
 .rodata        0x0000000000037130       0x27 build/cooja/mtype580.a(cfs-cooja.o)
 *fill*         0x0000000000037157        0x1 
 .rodata        0x0000000000037158       0x68 build/cooja/mtype580.a(cooja-radio.o)
 .rodata        0x00000000000371c0        0x8 build/cooja/mtype580.a(sensors.o)
 .rodata        0x00000000000371c8       0x14 build/cooja/mtype580.a(buttons.o)
                0x00000000000371d4                button_hal_button_count
 *fill*         0x00000000000371dc        0x4 
 .rodata        0x00000000000371e0      0x11c build/cooja/mtype580.a(contiki-main.o)
 .rodata        0x00000000000372fc       0xc4 build/cooja/mtype580.a(log.o)
 .rodata        0x00000000000373c0        0xc build/cooja/mtype580.a(etimer.o)
 .rodata        0x00000000000373cc        0xf build/cooja/mtype580.a(ctimer.o)
 .rodata        0x00000000000373db       0x13 build/cooja/mtype580.a(button-hal.o)
 .rodata        0x00000000000373ee        0xe build/cooja/mtype580.a(serial-line.o)
 *fill*         0x00000000000373fc        0x4 
 .rodata        0x0000000000037400        0x8 build/cooja/mtype580.a(linkaddr.o)
                0x0000000000037400                linkaddr_null
 .rodata        0x0000000000037408      0x8cc build/cooja/mtype580.a(tsch.o)
                0x0000000000037408                tsch_broadcast_address
                0x0000000000037410                tsch_eb_address
 *fill*         0x0000000000037cd4        0x4 
 .rodata        0x0000000000037cd8      0x106 build/cooja/mtype580.a(uip-sr.o)
 *fill*         0x0000000000037dde        0x2 
 .rodata        0x0000000000037de0      0x10f build/cooja/mtype580.a(uip-ds6.o)
 .rodata        0x0000000000037eef        0xd build/cooja/mtype580.a(tcpip.o)
 *fill*         0x0000000000037efc        0x4 
 .rodata        0x0000000000037f00      0x1b0 build/cooja/mtype580.a(uip-ds6-route.o)
 .rodata        0x00000000000380b0      0x146 build/cooja/mtype580.a(uip-ds6-nbr.o)
 *fill*         0x00000000000381f6        0x2 
 .rodata        0x00000000000381f8      0x374 build/cooja/mtype580.a(uip6.o)
 .rodata        0x000000000003856c       0x9d build/cooja/mtype580.a(uip-nd6.o)
 .rodata        0x0000000000038609       0x13 build/cooja/mtype580.a(simple-udp.o)
 .rodata        0x000000000003861c       0x1d build/cooja/mtype580.a(sicslowpan.o)
                0x000000000003861c                unc_llconf
                0x0000000000038620                unc_ctxconf
                0x0000000000038624                unc_mxconf
                0x0000000000038628                llprefix
 .rodata        0x0000000000038639       0x2d build/cooja/mtype580.a(uiplib.o)
 *fill*         0x0000000000038666        0x2 
 .rodata        0x0000000000038668       0xd8 build/cooja/mtype580.a(rpl.o)
 .rodata        0x0000000000038740       0xc8 build/cooja/mtype580.a(rpl-dag-root.o)
 *fill*         0x0000000000038808       0x18 
 .rodata        0x0000000000038820       0xaa build/cooja/mtype580.a(cooja16.o)
                0x0000000000038820                deployment_cooja16
 *fill*         0x00000000000388ca        0x6 
 .rodata        0x00000000000388d0      0x160 build/cooja/mtype580.a(simple-energest)
 .rodata        0x0000000000038a30       0x59 build/cooja/mtype580.a(orchestra.o)
 .rodata        0x0000000000038a89       0x13 build/cooja/mtype580.a(orchestra-rule-)
 *fill*         0x0000000000038a9c        0x4 
 .rodata        0x0000000000038aa0       0x7d build/cooja/mtype580.a(tsch-queue.o)
 *fill*         0x0000000000038b1d        0x3 
 .rodata        0x0000000000038b20       0x18 build/cooja/mtype580.a(tsch-timeslot-t)
                0x0000000000038b20                tsch_timeslot_timing_us_10000
 .rodata        0x0000000000038b38      0x230 build/cooja/mtype580.a(tsch-schedule.o)
 .rodata        0x0000000000038d68       0x3d build/cooja/mtype580.a(tsch-slot-opera)
 *fill*         0x0000000000038da5        0x3 
 .rodata        0x0000000000038da8       0xf1 build/cooja/mtype580.a(tsch-packet.o)
 .rodata        0x0000000000038e99        0xd build/cooja/mtype580.a(tsch-rpl.o)
 *fill*         0x0000000000038ea6        0x2 
 .rodata        0x0000000000038ea8      0x158 build/cooja/mtype580.a(uip-icmp6.o)
 .rodata        0x0000000000039000      0x5a3 build/cooja/mtype580.a(rpl-icmp6.o)
 *fill*         0x00000000000395a3        0x5 
 .rodata        0x00000000000395a8      0x15e build/cooja/mtype580.a(rpl-neighbor.o)
 *fill*         0x0000000000039706        0x2 
 .rodata        0x0000000000039708      0x62c build/cooja/mtype580.a(rpl-dag.o)
 .rodata        0x0000000000039d34       0x89 build/cooja/mtype580.a(rpl-timers.o)
 *fill*         0x0000000000039dbd        0x3 
 .rodata        0x0000000000039dc0      0x3e6 build/cooja/mtype580.a(rpl-ext-header.)
 *fill*         0x000000000003a1a6        0x2 
 .rodata        0x000000000003a1a8       0x42 build/cooja/mtype580.a(rpl-nbr-policy.)
 .rodata        0x000000000003a1ea       0x25 build/cooja/mtype580.a(rpl-mrhof.o)
 *fill*         0x000000000003a20f        0x1 
 .rodata        0x000000000003a210       0x21 build/cooja/mtype580.a(orchestra-rule-)
 .rodata        0x000000000003a231        0xf build/cooja/mtype580.a(orchestra-rule-)
 .rodata        0x000000000003a240      0x100 build/cooja/mtype580.a(aes-128.o)

.rodata1
 *(.rodata1)

.eh_frame_hdr   0x000000000003a340     0x1b34
 *(.eh_frame_hdr)
 .eh_frame_hdr  0x000000000003a340     0x1b34 node.o
                0x000000000003a340                __GNU_EH_FRAME_HDR
 *(.eh_frame_entry .eh_frame_entry.*)

.eh_frame       0x000000000003be78     0x6d8c
 *(.eh_frame)
 .eh_frame      0x000000000003be78       0x40 /usr/lib/gcc/x86_64-linux-gnu/7/../../../x86_64-linux-gnu/crti.o
 .eh_frame      0x000000000003beb8       0x18 /usr/lib/gcc/x86_64-linux-gnu/7/../../../x86_64-linux-gnu/crti.o
                                         0x30 (size before relaxing)
 .eh_frame      0x000000000003bed0       0x48 node.o
                                         0x60 (size before relaxing)
 .eh_frame      0x000000000003bf18      0x178 build/cooja/mtype580.o
                                        0x190 (size before relaxing)
 .eh_frame      0x000000000003c090       0x40 build/cooja/mtype580.a(simEnvChange.o)
                                         0x58 (size before relaxing)
 .eh_frame      0x000000000003c0d0       0x60 build/cooja/mtype580.a(cooja_mt.o)
                                         0x78 (size before relaxing)
 .eh_frame      0x000000000003c130       0x80 build/cooja/mtype580.a(cooja_mtarch.o)
                                         0x98 (size before relaxing)
 .eh_frame      0x000000000003c1b0       0xc0 build/cooja/mtype580.a(rtimer-arch.o)
                                         0xd8 (size before relaxing)
 .eh_frame      0x000000000003c270      0x160 build/cooja/mtype580.a(beep.o)
                                        0x178 (size before relaxing)
 .eh_frame      0x000000000003c3d0       0x80 build/cooja/mtype580.a(leds-arch.o)
                                         0x98 (size before relaxing)
 .eh_frame      0x000000000003c450       0x40 build/cooja/mtype580.a(moteid.o)
                                         0x58 (size before relaxing)
 .eh_frame      0x000000000003c490       0xa0 build/cooja/mtype580.a(pir-sensor.o)
                                         0xb8 (size before relaxing)
 .eh_frame      0x000000000003c530      0x100 build/cooja/mtype580.a(rs232.o)
                                        0x118 (size before relaxing)
 .eh_frame      0x000000000003c630       0xa0 build/cooja/mtype580.a(vib-sensor.o)
                                         0xb8 (size before relaxing)
 .eh_frame      0x000000000003c6d0       0xc0 build/cooja/mtype580.a(clock.o)
                                         0xd8 (size before relaxing)
 .eh_frame      0x000000000003c790      0x128 build/cooja/mtype580.a(cooja-log.o)
                                        0x140 (size before relaxing)
 .eh_frame      0x000000000003c8b8      0x160 build/cooja/mtype580.a(cfs-cooja.o)
                                        0x178 (size before relaxing)
 .eh_frame      0x000000000003ca18      0x3a0 build/cooja/mtype580.a(cooja-radio.o)
                                        0x3b8 (size before relaxing)
 .eh_frame      0x000000000003cdb8       0xa0 build/cooja/mtype580.a(eeprom.o)
                                         0xb8 (size before relaxing)
 .eh_frame      0x000000000003ce58       0x40 build/cooja/mtype580.a(random.o)
                                         0x58 (size before relaxing)
 .eh_frame      0x000000000003ce98       0xc0 build/cooja/mtype580.a(sensors.o)
                                         0xd8 (size before relaxing)
 .eh_frame      0x000000000003cf58      0x120 build/cooja/mtype580.a(leds.o)
                                        0x138 (size before relaxing)
 .eh_frame      0x000000000003d078      0x220 build/cooja/mtype580.a(gpio-hal-arch.o)
                                        0x238 (size before relaxing)
 .eh_frame      0x000000000003d298       0xa0 build/cooja/mtype580.a(buttons.o)
                                         0xb8 (size before relaxing)
 .eh_frame      0x000000000003d338       0xe8 build/cooja/mtype580.a(deployment.o)
                                        0x100 (size before relaxing)
 .eh_frame      0x000000000003d420       0x20 build/cooja/mtype580.a(contiki-main.o)
                                         0x38 (size before relaxing)
 .eh_frame      0x000000000003d440       0x40 build/cooja/mtype580.a(autostart.o)
                                         0x58 (size before relaxing)
 .eh_frame      0x000000000003d480      0x120 build/cooja/mtype580.a(log.o)
                                        0x138 (size before relaxing)
 .eh_frame      0x000000000003d5a0       0xa0 build/cooja/mtype580.a(energest.o)
                                         0xb8 (size before relaxing)
 .eh_frame      0x000000000003d640      0x1e0 build/cooja/mtype580.a(etimer.o)
                                        0x1f8 (size before relaxing)
 .eh_frame      0x000000000003d820       0x20 build/cooja/mtype580.a(node-id.o)
                                         0x38 (size before relaxing)
 .eh_frame      0x000000000003d840      0x100 build/cooja/mtype580.a(ctimer.o)
                                        0x118 (size before relaxing)
 .eh_frame      0x000000000003d940      0x1c8 build/cooja/mtype580.a(process.o)
                                        0x1e0 (size before relaxing)
 .eh_frame      0x000000000003db08       0x60 build/cooja/mtype580.a(rtimer.o)
                                         0x78 (size before relaxing)
 .eh_frame      0x000000000003db68       0xa0 build/cooja/mtype580.a(timer.o)
                                         0xb8 (size before relaxing)
 .eh_frame      0x000000000003dc08      0x1a0 build/cooja/mtype580.a(list.o)
                                        0x1b8 (size before relaxing)
 .eh_frame      0x000000000003dda8      0x160 build/cooja/mtype580.a(button-hal.o)
                                        0x178 (size before relaxing)
 .eh_frame      0x000000000003df08       0x60 build/cooja/mtype580.a(serial-line.o)
                                         0x78 (size before relaxing)
 .eh_frame      0x000000000003df68       0xe0 build/cooja/mtype580.a(gpio-hal.o)
                                         0xf8 (size before relaxing)
 .eh_frame      0x000000000003e048      0x1a0 build/cooja/mtype580.a(queuebuf.o)
                                        0x1b8 (size before relaxing)
 .eh_frame      0x000000000003e1e8      0x288 build/cooja/mtype580.a(packetbuf.o)
                                        0x2a0 (size before relaxing)
 .eh_frame      0x000000000003e470       0x80 build/cooja/mtype580.a(netstack.o)
                                         0x98 (size before relaxing)
 .eh_frame      0x000000000003e4f0       0x60 build/cooja/mtype580.a(linkaddr.o)
                                         0x78 (size before relaxing)
 .eh_frame      0x000000000003e550      0x380 build/cooja/mtype580.a(tsch.o)
                                        0x398 (size before relaxing)
 .eh_frame      0x000000000003e8d0      0x180 build/cooja/mtype580.a(uip-sr.o)
                                        0x198 (size before relaxing)
 .eh_frame      0x000000000003ea50      0x328 build/cooja/mtype580.a(uip-ds6.o)
                                        0x340 (size before relaxing)
 .eh_frame      0x000000000003ed78      0x248 build/cooja/mtype580.a(tcpip.o)
                                        0x260 (size before relaxing)
 .eh_frame      0x000000000003efc0      0x220 build/cooja/mtype580.a(uip-ds6-route.o)
                                        0x238 (size before relaxing)
 .eh_frame      0x000000000003f1e0      0x1c0 build/cooja/mtype580.a(uip-ds6-nbr.o)
                                        0x1d8 (size before relaxing)
 .eh_frame      0x000000000003f3a0      0x1e8 build/cooja/mtype580.a(uip6.o)
                                        0x200 (size before relaxing)
 .eh_frame      0x000000000003f588       0x80 build/cooja/mtype580.a(uip-nd6.o)
                                         0x98 (size before relaxing)
 .eh_frame      0x000000000003f608       0xc0 build/cooja/mtype580.a(simple-udp.o)
                                         0xd8 (size before relaxing)
 .eh_frame      0x000000000003f6c8      0x2e0 build/cooja/mtype580.a(sicslowpan.o)
                                        0x2f8 (size before relaxing)
 .eh_frame      0x000000000003f9a8       0x80 build/cooja/mtype580.a(uiplib.o)
                                         0x98 (size before relaxing)
 .eh_frame      0x000000000003fa28      0x1e0 build/cooja/mtype580.a(rpl.o)
                                        0x1f8 (size before relaxing)
 .eh_frame      0x000000000003fc08       0xa0 build/cooja/mtype580.a(rpl-dag-root.o)
                                         0xb8 (size before relaxing)
 .eh_frame      0x000000000003fca8       0xa0 build/cooja/mtype580.a(watchdog.o)
                                         0xb8 (size before relaxing)
 .eh_frame      0x000000000003fd48       0x80 build/cooja/mtype580.a(int-master.o)
                                         0x98 (size before relaxing)
 .eh_frame      0x000000000003fdc8       0xa0 build/cooja/mtype580.a(simple-energest)
                                         0xb8 (size before relaxing)
 .eh_frame      0x000000000003fe68       0xe0 build/cooja/mtype580.a(orchestra.o)
                                         0xf8 (size before relaxing)
 .eh_frame      0x000000000003ff48       0x80 build/cooja/mtype580.a(orchestra-rule-)
                                         0x98 (size before relaxing)
 .eh_frame      0x000000000003ffc8       0xc0 build/cooja/mtype580.a(stimer.o)
                                         0xd8 (size before relaxing)
 .eh_frame      0x0000000000040088      0x120 build/cooja/mtype580.a(ringbufindex.o)
                                        0x138 (size before relaxing)
 .eh_frame      0x00000000000401a8       0xa0 build/cooja/mtype580.a(memb.o)
                                         0xb8 (size before relaxing)
 .eh_frame      0x0000000000040248       0xa0 build/cooja/mtype580.a(ringbuf.o)
                                         0xb8 (size before relaxing)
 .eh_frame      0x00000000000402e8      0x2a0 build/cooja/mtype580.a(nbr-table.o)
                                        0x2b8 (size before relaxing)
 .eh_frame      0x0000000000040588      0x120 build/cooja/mtype580.a(link-stats.o)
                                        0x138 (size before relaxing)
 .eh_frame      0x00000000000406a8       0x48 build/cooja/mtype580.a(mac-sequence.o)
                                         0x60 (size before relaxing)
 .eh_frame      0x00000000000406f0       0x20 build/cooja/mtype580.a(mac.o)
                                         0x38 (size before relaxing)
 .eh_frame      0x0000000000040710       0xa8 build/cooja/mtype580.a(framer-802154.o)
                                         0xc0 (size before relaxing)
 .eh_frame      0x00000000000407b8      0x1a8 build/cooja/mtype580.a(frame802154.o)
                                        0x1c0 (size before relaxing)
 .eh_frame      0x0000000000040960      0x308 build/cooja/mtype580.a(tsch-queue.o)
                                        0x320 (size before relaxing)
 .eh_frame      0x0000000000040c68      0x250 build/cooja/mtype580.a(tsch-schedule.o)
                                        0x268 (size before relaxing)
 .eh_frame      0x0000000000040eb8      0x268 build/cooja/mtype580.a(tsch-slot-opera)
                                        0x280 (size before relaxing)
 .eh_frame      0x0000000000041120      0x128 build/cooja/mtype580.a(tsch-packet.o)
                                        0x140 (size before relaxing)
 .eh_frame      0x0000000000041248       0xc0 build/cooja/mtype580.a(tsch-security.o)
                                         0xd8 (size before relaxing)
 .eh_frame      0x0000000000041308       0xc0 build/cooja/mtype580.a(tsch-rpl.o)
                                         0xd8 (size before relaxing)
 .eh_frame      0x00000000000413c8       0xe0 build/cooja/mtype580.a(tsch-adaptive-t)
                                         0xf8 (size before relaxing)
 .eh_frame      0x00000000000414a8      0x200 build/cooja/mtype580.a(uipbuf.o)
                                        0x218 (size before relaxing)
 .eh_frame      0x00000000000416a8      0x148 build/cooja/mtype580.a(uip-icmp6.o)
                                        0x160 (size before relaxing)
 .eh_frame      0x00000000000417f0       0xe0 build/cooja/mtype580.a(uip-packetqueue)
                                         0xf8 (size before relaxing)
 .eh_frame      0x00000000000418d0       0x40 build/cooja/mtype580.a(uip-udp-packet.)
                                         0x58 (size before relaxing)
 .eh_frame      0x0000000000041910      0x1c0 build/cooja/mtype580.a(rpl-icmp6.o)
                                        0x1d8 (size before relaxing)
 .eh_frame      0x0000000000041ad0      0x2d8 build/cooja/mtype580.a(rpl-neighbor.o)
                                        0x2f0 (size before relaxing)
 .eh_frame      0x0000000000041da8      0x360 build/cooja/mtype580.a(rpl-dag.o)
                                        0x378 (size before relaxing)
 .eh_frame      0x0000000000042108      0x3a8 build/cooja/mtype580.a(rpl-timers.o)
                                        0x3c0 (size before relaxing)
 .eh_frame      0x00000000000424b0      0x128 build/cooja/mtype580.a(rpl-ext-header.)
                                        0x140 (size before relaxing)
 .eh_frame      0x00000000000425d8       0x80 build/cooja/mtype580.a(rpl-nbr-policy.)
                                         0x98 (size before relaxing)
 .eh_frame      0x0000000000042658      0x148 build/cooja/mtype580.a(rpl-mrhof.o)
                                        0x160 (size before relaxing)
 .eh_frame      0x00000000000427a0       0xe0 build/cooja/mtype580.a(orchestra-rule-)
                                         0xf8 (size before relaxing)
 .eh_frame      0x0000000000042880       0x40 build/cooja/mtype580.a(orchestra-rule-)
                                         0x58 (size before relaxing)
 .eh_frame      0x00000000000428c0       0xc0 build/cooja/mtype580.a(ccm-star.o)
                                         0xd8 (size before relaxing)
 .eh_frame      0x0000000000042980       0x60 build/cooja/mtype580.a(aes-128.o)
                                         0x78 (size before relaxing)
 .eh_frame      0x00000000000429e0      0x220 build/cooja/mtype580.a(frame802154e-ie)
                                        0x238 (size before relaxing)
 .eh_frame      0x0000000000042c00        0x4 /usr/lib/gcc/x86_64-linux-gnu/7/crtendS.o
 *(.eh_frame.*)

.gcc_except_table
 *(.gcc_except_table .gcc_except_table.*)

.gnu_extab
 *(.gnu_extab*)

.exception_ranges
 *(.exception_ranges .exception_ranges*)
                0x0000000000243570                . = DATA_SEGMENT_ALIGN (CONSTANT (MAXPAGESIZE), CONSTANT (COMMONPAGESIZE))

.eh_frame
 *(.eh_frame)
 *(.eh_frame.*)

.gnu_extab
 *(.gnu_extab)

.gcc_except_table
 *(.gcc_except_table .gcc_except_table.*)

.exception_ranges
 *(.exception_ranges .exception_ranges*)

.tdata
 *(.tdata .tdata.* .gnu.linkonce.td.*)

.tbss
 *(.tbss .tbss.* .gnu.linkonce.tb.*)
 *(.tcommon)

.preinit_array
 *(.preinit_array)

.init_array     0x0000000000243570        0x8
 *(SORT_BY_INIT_PRIORITY(.init_array.*) SORT_BY_INIT_PRIORITY(.ctors.*))
 *(.init_array EXCLUDE_FILE(*crtend?.o *crtend.o *crtbegin?.o *crtbegin.o) .ctors)
 .init_array    0x0000000000243570        0x8 /usr/lib/gcc/x86_64-linux-gnu/7/crtbeginS.o

.fini_array     0x0000000000243578        0x8
 *(SORT_BY_INIT_PRIORITY(.fini_array.*) SORT_BY_INIT_PRIORITY(.dtors.*))
 *(.fini_array EXCLUDE_FILE(*crtend?.o *crtend.o *crtbegin?.o *crtbegin.o) .dtors)
 .fini_array    0x0000000000243578        0x8 /usr/lib/gcc/x86_64-linux-gnu/7/crtbeginS.o

.ctors
 *crtbegin.o(.ctors)
 *crtbegin?.o(.ctors)
 *(EXCLUDE_FILE(*crtend?.o *crtend.o) .ctors)
 *(SORT_BY_NAME(.ctors.*))
 *(.ctors)

.dtors
 *crtbegin.o(.dtors)
 *crtbegin?.o(.dtors)
 *(EXCLUDE_FILE(*crtend?.o *crtend.o) .dtors)
 *(SORT_BY_NAME(.dtors.*))
 *(.dtors)

.jcr
 *(.jcr)

.data.rel.ro    0x0000000000243580      0x370
 *(.data.rel.ro.local* .gnu.linkonce.d.rel.ro.local.*)
 .data.rel.ro.local
                0x0000000000243580       0x10 build/cooja/mtype580.a(beep.o)
                0x0000000000243580                beep_interface
 .data.rel.ro.local
                0x0000000000243590       0x10 build/cooja/mtype580.a(leds-arch.o)
                0x0000000000243590                leds_interface
 .data.rel.ro.local
                0x00000000002435a0       0x10 build/cooja/mtype580.a(moteid.o)
                0x00000000002435a0                moteid_interface
 *fill*         0x00000000002435b0       0x10 
 .data.rel.ro.local
                0x00000000002435c0       0x40 build/cooja/mtype580.a(pir-sensor.o)
                0x00000000002435c0                pir_interface
                0x00000000002435e0                pir_sensor
 .data.rel.ro.local
                0x0000000000243600       0x10 build/cooja/mtype580.a(rs232.o)
                0x0000000000243600                rs232_interface
 *fill*         0x0000000000243610       0x10 
 .data.rel.ro.local
                0x0000000000243620       0x40 build/cooja/mtype580.a(vib-sensor.o)
                0x0000000000243620                vib_interface
                0x0000000000243640                vib_sensor
 .data.rel.ro.local
                0x0000000000243660       0x10 build/cooja/mtype580.a(clock.o)
                0x0000000000243660                clock_interface
 .data.rel.ro.local
                0x0000000000243670       0x10 build/cooja/mtype580.a(cooja-log.o)
                0x0000000000243670                simlog_interface
 .data.rel.ro.local
                0x0000000000243680       0x10 build/cooja/mtype580.a(cfs-cooja.o)
                0x0000000000243680                cfs_interface
 *fill*         0x0000000000243690       0x10 
 .data.rel.ro.local
                0x00000000002436a0       0x90 build/cooja/mtype580.a(cooja-radio.o)
                0x00000000002436a0                radio_interface
                0x00000000002436c0                cooja_radio_driver
 .data.rel.ro.local
                0x0000000000243730       0x10 build/cooja/mtype580.a(eeprom.o)
                0x0000000000243730                eeprom_interface
 .data.rel.ro.local
                0x0000000000243740       0x40 build/cooja/mtype580.a(buttons.o)
                0x0000000000243740                button_interface
                0x0000000000243760                button_sensor
 .data.rel.ro.local
                0x0000000000243780       0x38 build/cooja/mtype580.a(tsch.o)
                0x0000000000243780                tschmac_driver
 *fill*         0x00000000002437b8        0x8 
 .data.rel.ro.local
                0x00000000002437c0       0x18 build/cooja/mtype580.a(framer-802154.o)
                0x00000000002437c0                framer_802154
 *fill*         0x00000000002437d8        0x8 
 .data.rel.ro.local
                0x00000000002437e0       0x10 build/cooja/mtype580.a(ccm-star.o)
                0x00000000002437e0                ccm_star_driver
 .data.rel.ro.local
                0x00000000002437f0       0x10 build/cooja/mtype580.a(aes-128.o)
                0x00000000002437f0                aes_128_driver
 *(.data.rel.ro .data.rel.ro.* .gnu.linkonce.d.rel.ro.*)
 .data.rel.ro   0x0000000000243800        0x0 /usr/lib/gcc/x86_64-linux-gnu/7/../../../x86_64-linux-gnu/crti.o
 .data.rel.ro   0x0000000000243800       0x10 node.o
                0x0000000000243800                autostart_processes
 *fill*         0x0000000000243810       0x10 
 .data.rel.ro   0x0000000000243820       0x20 build/cooja/mtype580.a(sicslowpan.o)
                0x0000000000243820                sicslowpan_driver
 .data.rel.ro   0x0000000000243840       0xa8 build/cooja/mtype580.a(rpl.o)
                0x0000000000243840                rpl_lite_driver
 .data.rel.ro   0x00000000002438e8        0x8 build/cooja/mtype580.a(rpl-dag.o)

.dynamic        0x00000000002438f0      0x1c0
 *(.dynamic)
 .dynamic       0x00000000002438f0      0x1c0 /usr/lib/gcc/x86_64-linux-gnu/7/../../../x86_64-linux-gnu/crti.o
                0x00000000002438f0                _DYNAMIC

.got            0x0000000000243ab0      0x548
 *(.got)
 .got           0x0000000000243ab0      0x548 /usr/lib/gcc/x86_64-linux-gnu/7/../../../x86_64-linux-gnu/crti.o
 *(.igot)
                0x0000000000244fe8                . = DATA_SEGMENT_RELRO_END (., (SIZEOF (.got.plt) >= 0x18)?0x18:0x0)

.got.plt        0x0000000000244000      0xdb0
 *(.got.plt)
 .got.plt       0x0000000000244000      0xdb0 /usr/lib/gcc/x86_64-linux-gnu/7/../../../x86_64-linux-gnu/crti.o
                0x0000000000244000                _GLOBAL_OFFSET_TABLE_
 *(.igot.plt)

.data           0x0000000000244dc0      0x958
 *(.data .data.* .gnu.linkonce.d.*)
 .data          0x0000000000244dc0        0x0 /usr/lib/gcc/x86_64-linux-gnu/7/../../../x86_64-linux-gnu/crti.o
 .data          0x0000000000244dc0        0x0 /usr/lib/gcc/x86_64-linux-gnu/7/crtbeginS.o
 .data.rel.local
                0x0000000000244dc0        0x8 /usr/lib/gcc/x86_64-linux-gnu/7/crtbeginS.o
                0x0000000000244dc0                __dso_handle
 .data          0x0000000000244dc8        0x0 node.o
 *fill*         0x0000000000244dc8       0x18 
 .data.rel.local
                0x0000000000244de0       0x20 node.o
                0x0000000000244de0                app_process
 .data          0x0000000000244e00        0x0 build/cooja/mtype580.o
 .data.rel      0x0000000000244e00       0xa0 build/cooja/mtype580.o
                0x0000000000244e00                simInterfaces
                0x0000000000244e80                sensors
 .data          0x0000000000244ea0        0x0 build/cooja/mtype580.a(simEnvChange.o)
 .data          0x0000000000244ea0        0x0 build/cooja/mtype580.a(cooja_mt.o)
 .data          0x0000000000244ea0        0x0 build/cooja/mtype580.a(cooja_mtarch.o)
 .data          0x0000000000244ea0        0x0 build/cooja/mtype580.a(rtimer-arch.o)
 .data          0x0000000000244ea0        0x0 build/cooja/mtype580.a(beep.o)
 .data          0x0000000000244ea0        0x0 build/cooja/mtype580.a(leds-arch.o)
 .data          0x0000000000244ea0        0x0 build/cooja/mtype580.a(moteid.o)
 .data          0x0000000000244ea0        0x0 build/cooja/mtype580.a(pir-sensor.o)
 .data          0x0000000000244ea0        0x0 build/cooja/mtype580.a(rs232.o)
 .data          0x0000000000244ea0        0x0 build/cooja/mtype580.a(vib-sensor.o)
 .data          0x0000000000244ea0        0x0 build/cooja/mtype580.a(clock.o)
 .data          0x0000000000244ea0        0x0 build/cooja/mtype580.a(cooja-log.o)
 .data          0x0000000000244ea0        0x0 build/cooja/mtype580.a(cfs-cooja.o)
 .data          0x0000000000244ea0       0x1c build/cooja/mtype580.a(cooja-radio.o)
                0x0000000000244ea0                simRadioHWOn
                0x0000000000244ea4                simSignalStrength
                0x0000000000244ea8                simLastSignalStrength
                0x0000000000244eac                simPower
                0x0000000000244eb0                simRadioChannel
                0x0000000000244eb4                simLQI
 *fill*         0x0000000000244ebc        0x4 
 .data.rel.local
                0x0000000000244ec0       0x20 build/cooja/mtype580.a(cooja-radio.o)
                0x0000000000244ec0                cooja_radio_process
 .data          0x0000000000244ee0        0x0 build/cooja/mtype580.a(eeprom.o)
 .data          0x0000000000244ee0        0x0 build/cooja/mtype580.a(random.o)
 .data          0x0000000000244ee0        0x0 build/cooja/mtype580.a(sensors.o)
 .data.rel.local
                0x0000000000244ee0       0x20 build/cooja/mtype580.a(sensors.o)
                0x0000000000244ee0                sensors_process
 .data          0x0000000000244f00        0x0 build/cooja/mtype580.a(leds.o)
 .data          0x0000000000244f00        0x0 build/cooja/mtype580.a(gpio-hal-arch.o)
 .data          0x0000000000244f00        0x1 build/cooja/mtype580.a(buttons.o)
                0x0000000000244f00                simButtonIsActive
 *fill*         0x0000000000244f01       0x1f 
 .data.rel.local
                0x0000000000244f20       0xb0 build/cooja/mtype580.a(buttons.o)
                0x0000000000244fc0                button_hal_buttons
 .data          0x0000000000244fd0        0x0 build/cooja/mtype580.a(deployment.o)
 .data          0x0000000000244fd0        0x0 build/cooja/mtype580.a(contiki-main.o)
 .data          0x0000000000244fd0        0x0 build/cooja/mtype580.a(autostart.o)
 .data          0x0000000000244fd0       0x10 build/cooja/mtype580.a(log.o)
                0x0000000000244fd0                curr_log_level_rpl
                0x0000000000244fd4                curr_log_level_ipv6
                0x0000000000244fd8                curr_log_level_mac
                0x0000000000244fdc                curr_log_level_main
 .data.rel      0x0000000000244fe0      0x138 build/cooja/mtype580.a(log.o)
                0x0000000000244fe0                all_modules
 .data          0x0000000000245118        0x0 build/cooja/mtype580.a(energest.o)
 .data          0x0000000000245118        0x0 build/cooja/mtype580.a(etimer.o)
 *fill*         0x0000000000245118        0x8 
 .data.rel.local
                0x0000000000245120       0x20 build/cooja/mtype580.a(etimer.o)
                0x0000000000245120                etimer_process
 .data          0x0000000000245140        0x0 build/cooja/mtype580.a(node-id.o)
 .data          0x0000000000245140        0x0 build/cooja/mtype580.a(ctimer.o)
 .data.rel.local
                0x0000000000245140       0x40 build/cooja/mtype580.a(ctimer.o)
                0x0000000000245160                ctimer_process
 .data          0x0000000000245180        0x0 build/cooja/mtype580.a(process.o)
 .data          0x0000000000245180        0x0 build/cooja/mtype580.a(rtimer.o)
 .data          0x0000000000245180        0x0 build/cooja/mtype580.a(timer.o)
 .data          0x0000000000245180        0x0 build/cooja/mtype580.a(list.o)
 .data          0x0000000000245180        0x0 build/cooja/mtype580.a(button-hal.o)
 .data.rel.local
                0x0000000000245180       0x20 build/cooja/mtype580.a(button-hal.o)
                0x0000000000245180                button_hal_process
 .data          0x00000000002451a0        0x0 build/cooja/mtype580.a(serial-line.o)
 .data.rel.local
                0x00000000002451a0       0x20 build/cooja/mtype580.a(serial-line.o)
                0x00000000002451a0                serial_line_process
 .data          0x00000000002451c0        0x0 build/cooja/mtype580.a(gpio-hal.o)
 .data.rel.local
                0x00000000002451c0        0x8 build/cooja/mtype580.a(gpio-hal.o)
 .data          0x00000000002451c8        0x0 build/cooja/mtype580.a(queuebuf.o)
 *fill*         0x00000000002451c8        0x8 
 .data.rel.local
                0x00000000002451d0       0x38 build/cooja/mtype580.a(queuebuf.o)
 .data          0x0000000000245208        0x0 build/cooja/mtype580.a(packetbuf.o)
 .data.rel.local
                0x0000000000245208        0x8 build/cooja/mtype580.a(packetbuf.o)
 .data          0x0000000000245210        0x0 build/cooja/mtype580.a(netstack.o)
 .data.rel.local
                0x0000000000245210        0x8 build/cooja/mtype580.a(netstack.o)
 .data          0x0000000000245218        0x0 build/cooja/mtype580.a(linkaddr.o)
 .data          0x0000000000245218        0x0 build/cooja/mtype580.a(tsch.o)
 *fill*         0x0000000000245218        0x8 
 .data.rel.local
                0x0000000000245220       0x60 build/cooja/mtype580.a(tsch.o)
                0x0000000000245220                tsch_process
                0x0000000000245240                tsch_send_eb_process
                0x0000000000245260                tsch_pending_events_process
 .data          0x0000000000245280        0x0 build/cooja/mtype580.a(uip-sr.o)
 .data.rel.local
                0x0000000000245280       0x28 build/cooja/mtype580.a(uip-sr.o)
 .data          0x00000000002452a8        0x0 build/cooja/mtype580.a(uip-ds6.o)
 .data          0x00000000002452a8        0x0 build/cooja/mtype580.a(tcpip.o)
 *fill*         0x00000000002452a8       0x18 
 .data.rel.local
                0x00000000002452c0       0x20 build/cooja/mtype580.a(tcpip.o)
                0x00000000002452c0                tcpip_process
 .data          0x00000000002452e0        0x0 build/cooja/mtype580.a(uip-ds6-route.o)
 .data.rel.local
                0x00000000002452e0       0x28 build/cooja/mtype580.a(uip-ds6-route.o)
 .data          0x0000000000245308        0x0 build/cooja/mtype580.a(uip-ds6-nbr.o)
 *fill*         0x0000000000245308        0x8 
 .data.rel.local
                0x0000000000245310       0x20 build/cooja/mtype580.a(uip-ds6-nbr.o)
 .data          0x0000000000245330        0x0 build/cooja/mtype580.a(uip6.o)
 .data          0x0000000000245330        0x0 build/cooja/mtype580.a(uip-nd6.o)
 .data.rel.local
                0x0000000000245330       0x18 build/cooja/mtype580.a(uip-nd6.o)
 .data          0x0000000000245348        0x0 build/cooja/mtype580.a(simple-udp.o)
 *fill*         0x0000000000245348       0x18 
 .data.rel.local
                0x0000000000245360       0x20 build/cooja/mtype580.a(simple-udp.o)
                0x0000000000245360                simple_udp_process
 .data          0x0000000000245380        0x0 build/cooja/mtype580.a(sicslowpan.o)
 .data          0x0000000000245380        0x0 build/cooja/mtype580.a(uiplib.o)
 .data          0x0000000000245380        0x0 build/cooja/mtype580.a(rpl.o)
 .data          0x0000000000245380        0x0 build/cooja/mtype580.a(rpl-dag-root.o)
 .data          0x0000000000245380        0x0 build/cooja/mtype580.a(watchdog.o)
 .data          0x0000000000245380        0x0 build/cooja/mtype580.a(int-master.o)
 .data          0x0000000000245380        0x0 build/cooja/mtype580.a(cooja16.o)
 .data          0x0000000000245380        0x0 build/cooja/mtype580.a(simple-energest)
 .data.rel.local
                0x0000000000245380       0x20 build/cooja/mtype580.a(simple-energest)
                0x0000000000245380                simple_energest_process
 .data          0x00000000002453a0        0x0 build/cooja/mtype580.a(orchestra.o)
 .data.rel.local
                0x00000000002453a0       0x18 build/cooja/mtype580.a(orchestra.o)
 *fill*         0x00000000002453b8        0x8 
 .data.rel      0x00000000002453c0       0x18 build/cooja/mtype580.a(orchestra.o)
                0x00000000002453c0                all_rules
 .data          0x00000000002453d8        0x0 build/cooja/mtype580.a(orchestra-rule-)
 *fill*         0x00000000002453d8        0x8 
 .data.rel.local
                0x00000000002453e0       0x38 build/cooja/mtype580.a(orchestra-rule-)
                0x00000000002453e0                eb_per_time_source
 .data          0x0000000000245418        0x0 build/cooja/mtype580.a(stimer.o)
 .data          0x0000000000245418        0x0 build/cooja/mtype580.a(ringbufindex.o)
 .data          0x0000000000245418        0x0 build/cooja/mtype580.a(memb.o)
 .data          0x0000000000245418        0x0 build/cooja/mtype580.a(ringbuf.o)
 .data          0x0000000000245418        0x0 build/cooja/mtype580.a(nbr-table.o)
 *fill*         0x0000000000245418        0x8 
 .data.rel.local
                0x0000000000245420       0x20 build/cooja/mtype580.a(nbr-table.o)
 .data          0x0000000000245440        0x0 build/cooja/mtype580.a(link-stats.o)
 .data.rel.local
                0x0000000000245440       0x20 build/cooja/mtype580.a(link-stats.o)
 .data          0x0000000000245460        0x0 build/cooja/mtype580.a(mac-sequence.o)
 .data          0x0000000000245460        0x0 build/cooja/mtype580.a(mac.o)
 .data          0x0000000000245460        0x0 build/cooja/mtype580.a(framer-802154.o)
 .data          0x0000000000245460        0x2 build/cooja/mtype580.a(frame802154.o)
 .data          0x0000000000245462        0x0 build/cooja/mtype580.a(tsch-queue.o)
 *fill*         0x0000000000245462        0xe 
 .data.rel.local
                0x0000000000245470       0x40 build/cooja/mtype580.a(tsch-queue.o)
 .data          0x00000000002454b0        0x0 build/cooja/mtype580.a(tsch-timeslot-t)
 .data          0x00000000002454b0        0x0 build/cooja/mtype580.a(tsch-schedule.o)
 .data.rel.local
                0x00000000002454b0       0x40 build/cooja/mtype580.a(tsch-schedule.o)
 .data          0x00000000002454f0        0x4 build/cooja/mtype580.a(tsch-slot-opera)
 .data          0x00000000002454f4        0x0 build/cooja/mtype580.a(tsch-packet.o)
 *fill*         0x00000000002454f4        0xc 
 .data          0x0000000000245500       0x20 build/cooja/mtype580.a(tsch-security.o)
 .data          0x0000000000245520        0x0 build/cooja/mtype580.a(tsch-rpl.o)
 .data          0x0000000000245520        0x0 build/cooja/mtype580.a(tsch-adaptive-t)
 .data          0x0000000000245520        0x0 build/cooja/mtype580.a(uipbuf.o)
 .data          0x0000000000245520        0x0 build/cooja/mtype580.a(uip-icmp6.o)
 .data.rel.local
                0x0000000000245520       0x48 build/cooja/mtype580.a(uip-icmp6.o)
 .data          0x0000000000245568        0x0 build/cooja/mtype580.a(uip-packetqueue)
 *fill*         0x0000000000245568        0x8 
 .data.rel.local
                0x0000000000245570       0x18 build/cooja/mtype580.a(uip-packetqueue)