Archive member included to satisfy reference by file (symbol)

build/cooja/mtype78.a(simEnvChange.o)
                              build/cooja/mtype78.o (simDontFallAsleep)
build/cooja/mtype78.a(cooja_mt.o)
                              build/cooja/mtype78.o (cooja_mt_start)
build/cooja/mtype78.a(cooja_mtarch.o)
                              build/cooja/mtype78.a(cooja_mt.o) (cooja_mtarch_start)
build/cooja/mtype78.a(rtimer-arch.o)
                              build/cooja/mtype78.o (rtimer_arch_check)
build/cooja/mtype78.a(beep.o)
                              build/cooja/mtype78.o (beep_interface)
build/cooja/mtype78.a(leds-arch.o)
                              build/cooja/mtype78.o (leds_interface)
build/cooja/mtype78.a(moteid.o)
                              build/cooja/mtype78.o (moteid_interface)
build/cooja/mtype78.a(pir-sensor.o)
                              build/cooja/mtype78.o (pir_interface)
build/cooja/mtype78.a(rs232.o)
                              build/cooja/mtype78.o (rs232_interface)
build/cooja/mtype78.a(vib-sensor.o)
                              build/cooja/mtype78.o (vib_interface)
build/cooja/mtype78.a(clock.o)
                              build/cooja/mtype78.o (clock_interface)
build/cooja/mtype78.a(cooja-log.o)
                              build/cooja/mtype78.o (simlog_interface)
build/cooja/mtype78.a(cfs-cooja.o)
                              build/cooja/mtype78.o (cfs_interface)
build/cooja/mtype78.a(cooja-radio.o)
                              build/cooja/mtype78.o (radio_interface)
build/cooja/mtype78.a(eeprom.o)
                              build/cooja/mtype78.o (eeprom_interface)
build/cooja/mtype78.a(random.o)
                              build/cooja/mtype78.a(moteid.o) (random_init)
build/cooja/mtype78.a(sensors.o)
                              build/cooja/mtype78.a(pir-sensor.o) (sensors_changed)
build/cooja/mtype78.a(leds.o)
                              build/cooja/mtype78.a(leds-arch.o) (leds_get)
build/cooja/mtype78.a(gpio-hal-arch.o)
                              build/cooja/mtype78.a(leds-arch.o) (gpio_hal_arch_register_pin_callback)
build/cooja/mtype78.a(buttons.o)
                              build/cooja/mtype78.o (button_interface)
build/cooja/mtype78.a(deployment.o)
                              node.o (deployment_node_count)
build/cooja/mtype78.a(contiki-main.o)
                              build/cooja/mtype78.o (main)
build/cooja/mtype78.a(autostart.o)
                              build/cooja/mtype78.a(contiki-main.o) (autostart_start)
build/cooja/mtype78.a(log.o)  build/cooja/mtype78.a(contiki-main.o) (curr_log_level_main)
build/cooja/mtype78.a(energest.o)
                              build/cooja/mtype78.a(cooja-radio.o) (energest_total_time)
build/cooja/mtype78.a(etimer.o)
                              build/cooja/mtype78.a(contiki-main.o) (etimer_process)
build/cooja/mtype78.a(node-id.o)
                              node.o (node_id)
build/cooja/mtype78.a(ctimer.o)
                              build/cooja/mtype78.a(contiki-main.o) (ctimer_init)
build/cooja/mtype78.a(process.o)
                              build/cooja/mtype78.a(etimer.o) (process_current)
build/cooja/mtype78.a(rtimer.o)
                              build/cooja/mtype78.a(contiki-main.o) (rtimer_init)
build/cooja/mtype78.a(timer.o)
                              build/cooja/mtype78.a(etimer.o) (timer_set)
build/cooja/mtype78.a(list.o)
                              build/cooja/mtype78.a(ctimer.o) (list_init)
build/cooja/mtype78.a(button-hal.o)
                              build/cooja/mtype78.o (button_hal_init)
build/cooja/mtype78.a(serial-line.o)
                              build/cooja/mtype78.a(rs232.o) (serial_line_input_byte)
build/cooja/mtype78.a(gpio-hal.o)
                              build/cooja/mtype78.a(button-hal.o) (gpio_hal_register_handler)
build/cooja/mtype78.a(queuebuf.o)
                              build/cooja/mtype78.a(contiki-main.o) (queuebuf_init)
build/cooja/mtype78.a(packetbuf.o)
                              build/cooja/mtype78.a(cooja-radio.o) (packetbuf_clear)
build/cooja/mtype78.a(netstack.o)
                              build/cooja/mtype78.a(contiki-main.o) (netstack_init)
build/cooja/mtype78.a(linkaddr.o)
                              build/cooja/mtype78.a(deployment.o) (linkaddr_node_addr)
build/cooja/mtype78.a(tsch.o)
                              build/cooja/mtype78.a(cooja-radio.o) (tschmac_driver)
build/cooja/mtype78.a(uip-sr.o)
                              node.o (uip_sr_num_nodes)
build/cooja/mtype78.a(uip-ds6.o)
                              build/cooja/mtype78.a(deployment.o) (uip_ds6_set_addr_iid)
build/cooja/mtype78.a(tcpip.o)
                              build/cooja/mtype78.a(contiki-main.o) (tcpip_process)
build/cooja/mtype78.a(uip-ds6-route.o)
                              build/cooja/mtype78.a(uip-ds6.o) (uip_ds6_route_init)
build/cooja/mtype78.a(uip-ds6-nbr.o)
[...]
Memory Configuration

Name             Origin             Length             Attributes
*default*        0x0000000000000000 0xffffffffffffffff

Linker script and memory map

LOAD /usr/lib/gcc/x86_64-linux-gnu/7/../../../x86_64-linux-gnu/crti.o
LOAD /usr/lib/gcc/x86_64-linux-gnu/7/crtbeginS.o
LOAD node.o
LOAD build/cooja/mtype78.o
LOAD build/cooja/mtype78.a
LOAD /usr/lib/gcc/x86_64-linux-gnu/7/libgcc.a
LOAD /usr/lib/gcc/x86_64-linux-gnu/7/libgcc_s.so
START GROUP
LOAD /usr/lib/gcc/x86_64-linux-gnu/7/libgcc_s.so.1
LOAD /usr/lib/gcc/x86_64-linux-gnu/7/libgcc.a
END GROUP
LOAD /usr/lib/gcc/x86_64-linux-gnu/7/../../../x86_64-linux-gnu/libc.so
START GROUP
LOAD /lib/x86_64-linux-gnu/libc.so.6
LOAD /usr/lib/x86_64-linux-gnu/libc_nonshared.a
LOAD /lib/x86_64-linux-gnu/ld-linux-x86-64.so.2
END GROUP
LOAD /usr/lib/gcc/x86_64-linux-gnu/7/libgcc.a
LOAD /usr/lib/gcc/x86_64-linux-gnu/7/libgcc_s.so
START GROUP
LOAD /usr/lib/gcc/x86_64-linux-gnu/7/libgcc_s.so.1
LOAD /usr/lib/gcc/x86_64-linux-gnu/7/libgcc.a
END GROUP
LOAD /usr/lib/gcc/x86_64-linux-gnu/7/crtendS.o
LOAD /usr/lib/gcc/x86_64-linux-gnu/7/../../../x86_64-linux-gnu/crtn.o
                0x00000000000001c8                . = (SEGMENT_START ("text-segment", 0x0) + SIZEOF_HEADERS)

.note.gnu.build-id
                0x00000000000001c8       0x24
 *(.note.gnu.build-id)
 .note.gnu.build-id
                0x00000000000001c8       0x24 /usr/lib/gcc/x86_64-linux-gnu/7/../../../x86_64-linux-gnu/crti.o

.hash
 *(.hash)

.gnu.hash       0x00000000000001f0     0x186c
 *(.gnu.hash)
 .gnu.hash      0x00000000000001f0     0x186c /usr/lib/gcc/x86_64-linux-gnu/7/../../../x86_64-linux-gnu/crti.o

.dynsym         0x0000000000001a60     0x4ae8
 *(.dynsym)
 .dynsym        0x0000000000001a60     0x4ae8 /usr/lib/gcc/x86_64-linux-gnu/7/../../../x86_64-linux-gnu/crti.o

.dynstr         0x0000000000006548     0x3c6b
 *(.dynstr)
 .dynstr        0x0000000000006548     0x3c6b /usr/lib/gcc/x86_64-linux-gnu/7/../../../x86_64-linux-gnu/crti.o

.gnu.version    0x000000000000a1b4      0x63e
 *(.gnu.version)
 .gnu.version   0x000000000000a1b4      0x63e /usr/lib/gcc/x86_64-linux-gnu/7/../../../x86_64-linux-gnu/crti.o

.gnu.version_d  0x000000000000a7f8        0x0
 *(.gnu.version_d)
 .gnu.version_d
                0x000000000000a7f8        0x0 /usr/lib/gcc/x86_64-linux-gnu/7/../../../x86_64-linux-gnu/crti.o

.gnu.version_r  0x000000000000a7f8       0x40
 *(.gnu.version_r)
 .gnu.version_r
                0x000000000000a7f8       0x40 /usr/lib/gcc/x86_64-linux-gnu/7/../../../x86_64-linux-gnu/crti.o

.rela.dyn       0x000000000000a838     0x2550
 *(.rela.init)
 *(.rela.text .rela.text.* .rela.gnu.linkonce.t.*)
 .rela.text     0x000000000000a838        0x0 /usr/lib/gcc/x86_64-linux-gnu/7/../../../x86_64-linux-gnu/crti.o
 *(.rela.fini)
 *(.rela.rodata .rela.rodata.* .rela.gnu.linkonce.r.*)
 *(.rela.data .rela.data.* .rela.gnu.linkonce.d.*)
 .rela.data.rel.local
                0x000000000000a838      0x8e8 /usr/lib/gcc/x86_64-linux-gnu/7/../../../x86_64-linux-gnu/crti.o
 .rela.data.rel.ro
                0x000000000000b120      0x288 /usr/lib/gcc/x86_64-linux-gnu/7/../../../x86_64-linux-gnu/crti.o
 .rela.data.rel
                0x000000000000b3a8      0x3f0 /usr/lib/gcc/x86_64-linux-gnu/7/../../../x86_64-linux-gnu/crti.o
 .rela.data.rel.ro.local
                0x000000000000b798      0x600 /usr/lib/gcc/x86_64-linux-gnu/7/../../../x86_64-linux-gnu/crti.o
 *(.rela.tdata .rela.tdata.* .rela.gnu.linkonce.td.*)
 *(.rela.tbss .rela.tbss.* .rela.gnu.linkonce.tb.*)
 *(.rela.ctors)
 *(.rela.dtors)
 *(.rela.got)
 .rela.got      0x000000000000bd98      0xfc0 /usr/lib/gcc/x86_64-linux-gnu/7/../../../x86_64-linux-gnu/crti.o
 *(.rela.bss .rela.bss.* .rela.gnu.linkonce.b.*)
 *(.rela.ldata .rela.ldata.* .rela.gnu.linkonce.l.*)
 *(.rela.lbss .rela.lbss.* .rela.gnu.linkonce.lb.*)
 *(.rela.lrodata .rela.lrodata.* .rela.gnu.linkonce.lr.*)
 *(.rela.ifunc)
 .rela.ifunc    0x000000000000cd58        0x0 /usr/lib/gcc/x86_64-linux-gnu/7/../../../x86_64-linux-gnu/crti.o
 .rela.fini_array
                0x000000000000cd58       0x18 /usr/lib/gcc/x86_64-linux-gnu/7/../../../x86_64-linux-gnu/crti.o
 .rela.init_array
                0x000000000000cd70       0x18 /usr/lib/gcc/x86_64-linux-gnu/7/../../../x86_64-linux-gnu/crti.o

.rela.plt       0x000000000000cd88     0x28c8
 *(.rela.plt)
 .rela.plt      0x000000000000cd88     0x28c8 /usr/lib/gcc/x86_64-linux-gnu/7/../../../x86_64-linux-gnu/crti.o
 *(.rela.iplt)

.init           0x000000000000f650       0x17
 *(SORT_NONE(.init))
 .init          0x000000000000f650       0x12 /usr/lib/gcc/x86_64-linux-gnu/7/../../../x86_64-linux-gnu/crti.o
                0x000000000000f650                _init
 .init          0x000000000000f662        0x5 /usr/lib/gcc/x86_64-linux-gnu/7/../../../x86_64-linux-gnu/crtn.o

.plt            0x000000000000f670     0x1b40
 *(.plt)
 .plt           0x000000000000f670     0x1b40 /usr/lib/gcc/x86_64-linux-gnu/7/../../../x86_64-linux-gnu/crti.o
 *(.iplt)

.plt.got        0x00000000000111b0       0x18
 *(.plt.got)
 .plt.got       0x00000000000111b0       0x18 /usr/lib/gcc/x86_64-linux-gnu/7/../../../x86_64-linux-gnu/crti.o

.plt.sec
 *(.plt.sec)

.text           0x00000000000111d0    0x25df9
 *(.text.unlikely .text.*_unlikely .text.unlikely.*)
 *(.text.exit .text.exit.*)
 *(.text.startup .text.startup.*)
 *(.text.hot .text.hot.*)
 *(.text .stub .text.* .gnu.linkonce.t.*)
 .text          0x00000000000111d0        0x0 /usr/lib/gcc/x86_64-linux-gnu/7/../../../x86_64-linux-gnu/crti.o
 .text          0x00000000000111d0       0xda /usr/lib/gcc/x86_64-linux-gnu/7/crtbeginS.o
 .text          0x00000000000112aa      0x4a1 node.o
 .text          0x000000000001174b      0x354 build/cooja/mtype78.o
                0x00000000000117f7                platform_init_stage_one
                0x0000000000011808                platform_init_stage_two
                0x0000000000011819                platform_init_stage_three
                0x000000000001182a                platform_main_loop
                0x00000000000118c0                Java_org_contikios_cooja_corecomm_Lib2_init
                0x0000000000011903                Java_org_contikios_cooja_corecomm_Lib2_getMemory
                0x000000000001195b                Java_org_contikios_cooja_corecomm_Lib2_setMemory
                0x00000000000119e8                Java_org_contikios_cooja_corecomm_Lib2_tick
                0x0000000000011a71                Java_org_contikios_cooja_corecomm_Lib2_setReferenceAddress
 .text          0x0000000000011a9f       0x89 build/cooja/mtype78.a(simEnvChange.o)
                0x0000000000011a9f                doActionsBeforeTick
                0x0000000000011ae3                doActionsAfterTick
 .text          0x0000000000011b28       0x9f build/cooja/mtype78.a(cooja_mt.o)
                0x0000000000011b28                cooja_mt_start
                0x0000000000011b64                cooja_mt_exec
                0x0000000000011ba3                cooja_mt_yield
 .text          0x0000000000011bc7       0xfe build/cooja/mtype78.a(cooja_mtarch.o)
                0x0000000000011bc7                cooja_mtarch_start
                0x0000000000011c66                cooja_sw
                0x0000000000011c8f                cooja_mtarch_exec
                0x0000000000011cb9                cooja_mtarch_yield
 .text          0x0000000000011cc5       0xb4 build/cooja/mtype78.a(rtimer-arch.o)
                0x0000000000011cc5                rtimer_arch_init
                0x0000000000011ce7                rtimer_arch_schedule
                0x0000000000011d0d                rtimer_arch_next
                0x0000000000011d1d                rtimer_arch_pending
                0x0000000000011d2c                rtimer_arch_check
                0x0000000000011d69                rtimer_arch_now
 .text          0x0000000000011d79       0xba build/cooja/mtype78.a(beep.o)
                0x0000000000011d79                beep_alarm
                0x0000000000011d90                beep_beep
                0x0000000000011da4                beep
                0x0000000000011db5                beep_down
                0x0000000000011dc9                beep_on
                0x0000000000011dda                beep_off
                0x0000000000011deb                beep_spinup
                0x0000000000011dfc                beep_quick
                0x0000000000011e10                beep_long
 .text          0x0000000000011e33       0x69 build/cooja/mtype78.a(leds-arch.o)
                0x0000000000011e4a                leds_arch_init
 .text          0x0000000000011e9c       0x39 build/cooja/mtype78.a(moteid.o)
 .text          0x0000000000011ed5       0xe5 build/cooja/mtype78.a(pir-sensor.o)
 .text          0x0000000000011fba      0x175 build/cooja/mtype78.a(rs232.o)
                0x0000000000011fba                rs232_init
                0x0000000000011fc1                rs232_set_speed
                0x0000000000011fcd                rs232_set_input
                0x0000000000011fe3                rs232_send
                0x000000000001200a                rs232_print
                0x0000000000012031                slip_arch_writeb
 .text          0x000000000001212f       0xe5 build/cooja/mtype78.a(vib-sensor.o)
 .text          0x0000000000012214       0x57 build/cooja/mtype78.a(clock.o)
                0x0000000000012214                clock_init
                0x000000000001221b                clock_time
                0x000000000001222b                clock_seconds
                0x0000000000012253                clock_delay
 .text          0x000000000001226b      0x30e build/cooja/mtype78.a(cooja-log.o)
                0x000000000001226b                simlog_char
                0x00000000000122c4                simlog
                0x0000000000012363                log_message
                0x000000000001239c                log_set_putchar_with_slip
                0x00000000000123af                log_putchar
                0x000000000001242f                log_puts
                0x0000000000012458                log_printf
 .text          0x0000000000012579      0x373 build/cooja/mtype78.a(cfs-cooja.o)
                0x0000000000012579                cfs_open
                0x00000000000125f2                cfs_close
                0x0000000000012603                cfs_read
                0x00000000000126c7                cfs_write
                0x00000000000127d6                cfs_seek
                0x0000000000012881                cfs_remove
                0x00000000000128ad                cfs_opendir
                0x00000000000128c0                cfs_readdir
                0x00000000000128d3                cfs_closedir
 .text          0x00000000000128ec      0x8a7 build/cooja/mtype78.a(cooja-radio.o)
                0x0000000000012a88                radio_set_channel
                0x0000000000012a9e                radio_set_txpower
                0x0000000000012ab7                radio_signal_strength_last
                0x0000000000012ac6                radio_signal_strength_current
                0x0000000000012ad5                radio_LQI
 .text          0x0000000000013193      0x125 build/cooja/mtype78.a(eeprom.o)
                0x0000000000013193                eeprom_init
                0x000000000001319a                eeprom_read
                0x0000000000013222                eeprom_write
 .text          0x00000000000132b8       0x27 build/cooja/mtype78.a(random.o)
                0x00000000000132b8                random_init
                0x00000000000132d4                random_rand
 .text          0x00000000000132df      0x33f build/cooja/mtype78.a(sensors.o)
                0x0000000000013324                sensors_first
                0x0000000000013334                sensors_next
                0x000000000001335f                sensors_changed
                0x00000000000133a8                sensors_find
 .text          0x000000000001361e      0x386 build/cooja/mtype78.a(leds.o)
                0x000000000001361e                leds_init
                0x0000000000013665                leds_single_on
                0x00000000000136ce                leds_single_off
                0x0000000000013737                leds_single_toggle
                0x000000000001376b                leds_on
                0x00000000000137f7                leds_off
                0x0000000000013883                leds_toggle
                0x00000000000138da                leds_set
                0x00000000000138ff                leds_get
 .text          0x00000000000139a4      0x3ce build/cooja/mtype78.a(gpio-hal-arch.o)
                0x00000000000139a4                gpio_hal_arch_register_pin_callback
                0x0000000000013a44                gpio_hal_arch_init
                0x0000000000013a8d                gpio_hal_arch_no_port_interrupt_enable
                0x0000000000013ad6                gpio_hal_arch_no_port_interrupt_disable
                0x0000000000013b1f                gpio_hal_arch_no_port_pin_cfg_set
                0x0000000000013b51                gpio_hal_arch_no_port_pin_cfg_get
                0x0000000000013b81                gpio_hal_arch_no_port_pin_set_input
                0x0000000000013b90                gpio_hal_arch_no_port_pin_set_output
                0x0000000000013b9f                gpio_hal_arch_no_port_set_pin
                0x0000000000013bbf                gpio_hal_arch_no_port_clear_pin
                0x0000000000013bdf                gpio_hal_arch_no_port_read_pin
                0x0000000000013c09                gpio_hal_arch_no_port_write_pin
                0x0000000000013c2f                gpio_hal_arch_no_port_set_pins
                0x0000000000013c79                gpio_hal_arch_no_port_clear_pins
                0x0000000000013cc3                gpio_hal_arch_no_port_read_pins
                0x0000000000013d0e                gpio_hal_arch_no_port_write_pins
 .text          0x0000000000013d72       0x94 build/cooja/mtype78.a(buttons.o)
 .text          0x0000000000013e06      0x22b build/cooja/mtype78.a(deployment.o)
                0x0000000000013e06                deployment_init
                0x0000000000013e63                deployment_node_count
                0x0000000000013e6f                deployment_id_from_lladdr
                0x0000000000013ed0                deployment_lladdr_from_id
                0x0000000000013f39                deployment_id_from_iid
                0x0000000000013f89                deployment_iid_from_id
                0x0000000000013fe6                deployment_id_from_index
 .text          0x0000000000014031      0x3ad build/cooja/mtype78.a(contiki-main.o)
                0x0000000000014031                main
 .text          0x00000000000143de       0xb3 build/cooja/mtype78.a(autostart.o)
                0x00000000000143de                autostart_start
                0x000000000001443a                autostart_exit
 .text          0x0000000000014491      0x4dd build/cooja/mtype78.a(log.o)
                0x0000000000014491                log_6addr
                0x00000000000144f0                log_6addr_compact_snprint
                0x00000000000145b5                log_6addr_compact
                0x0000000000014614                log_lladdr
                0x0000000000014691                log_lladdr_compact
                0x00000000000146f6                log_bytes
                0x000000000001474e                log_set_level
                0x0000000000014854                log_get_level
                0x0000000000014907                log_level_to_str
 .text          0x000000000001496e      0x189 build/cooja/mtype78.a(energest.o)
                0x00000000000149c9                energest_init
                0x0000000000014a38                energest_flush
                0x0000000000014ac8                energest_get_total_time
 .text          0x0000000000014af7      0x540 build/cooja/mtype78.a(etimer.o)
                0x0000000000014d97                etimer_request_poll
                0x0000000000014e41                etimer_set
                0x0000000000014e73                etimer_reset_with_new_interval
                0x0000000000014eaa                etimer_reset
                0x0000000000014ed1                etimer_restart
                0x0000000000014ef8                etimer_adjust
                0x0000000000014f25                etimer_expired
                0x0000000000014f40                etimer_expiration_time
                0x0000000000014f5c                etimer_start_time
                0x0000000000014f6d                etimer_pending
                0x0000000000014f83                etimer_next_expiration_time
                0x0000000000014fa0                etimer_stop
 .text          0x0000000000015037        0xc build/cooja/mtype78.a(node-id.o)
                0x0000000000015037                node_id_init
 .text          0x0000000000015043      0x421 build/cooja/mtype78.a(ctimer.o)
                0x00000000000151a1                ctimer_init
                0x00000000000151d2                ctimer_set
                0x0000000000015212                ctimer_set_with_process
                0x00000000000152c8                ctimer_reset
                0x0000000000015335                ctimer_restart
                0x00000000000153a2                ctimer_stop
                0x00000000000153fc                ctimer_expired
 .text          0x0000000000015464      0x641 build/cooja/mtype78.a(process.o)
                0x0000000000015464                process_alloc_event
                0x000000000001547a                process_start
                0x00000000000156df                process_exit
                0x0000000000015707                process_init
                0x00000000000158f7                process_run
                0x0000000000015928                process_nevents
                0x0000000000015944                process_post
                0x0000000000015a08                process_post_synch
                0x0000000000015a52                process_poll
                0x0000000000015a8b                process_is_running
 .text          0x0000000000015aa5       0xf6 build/cooja/mtype78.a(rtimer.o)
                0x0000000000015aa5                rtimer_init
                0x0000000000015ab1                rtimer_set
                0x0000000000015b2e                rtimer_run_next
 .text          0x0000000000015b9b       0xf3 build/cooja/mtype78.a(timer.o)
                0x0000000000015b9b                timer_set
                0x0000000000015bc9                timer_reset
                0x0000000000015c01                timer_restart
                0x0000000000015c1f                timer_expired
                0x0000000000015c5c                timer_remaining
 .text          0x0000000000015c8e      0x367 build/cooja/mtype78.a(list.o)
                0x0000000000015c8e                list_init
                0x0000000000015ca4                list_head
                0x0000000000015cb5                list_copy
                0x0000000000015cd2                list_tail
                0x0000000000015d17                list_add
                0x0000000000015d77                list_push
                0x0000000000015db6                list_chop
                0x0000000000015e3f                list_pop
                0x0000000000015e75                list_remove
                0x0000000000015efd                list_length
                0x0000000000015f34                list_insert
                0x0000000000015f93                list_item_next
                0x0000000000015fb2                list_contains
 .text          0x0000000000015ff5      0x54c build/cooja/mtype78.a(button-hal.o)
                0x00000000000161aa                button_hal_get_by_id
                0x00000000000161f4                button_hal_get_by_index
                0x0000000000016227                button_hal_get_state
                0x0000000000016286                button_hal_init
 .text          0x0000000000016541      0x217 build/cooja/mtype78.a(serial-line.o)
                0x0000000000016541                serial_line_input_byte
                0x0000000000016725                serial_line_init
 .text          0x0000000000016758      0x164 build/cooja/mtype78.a(gpio-hal.o)
                0x0000000000016758                gpio_hal_register_handler
                0x000000000001677d                gpio_hal_event_handler
                0x00000000000167e3                gpio_hal_init
                0x00000000000167fe                gpio_hal_arch_port_toggle_pin
                0x0000000000016831                gpio_hal_arch_port_toggle_pins
                0x000000000001685e                gpio_hal_arch_no_port_toggle_pin
                0x0000000000016894                gpio_hal_arch_no_port_toggle_pins
 .text          0x00000000000168bc      0x330 build/cooja/mtype78.a(queuebuf.o)
                0x00000000000168cd                queuebuf_init
                0x00000000000168ec                queuebuf_numfree
                0x00000000000168fe                queuebuf_new_from_packetbuf
                0x00000000000169a7                queuebuf_update_attr_from_packetbuf
                0x00000000000169e6                queuebuf_update_from_packetbuf
                0x0000000000016a3e                queuebuf_free
                0x0000000000016a8d                queuebuf_to_packetbuf
                0x0000000000016aff                queuebuf_dataptr
                0x0000000000016b3f                queuebuf_datalen
                0x0000000000016b6b                queuebuf_addr
                0x0000000000016bae                queuebuf_attr
                0x0000000000016be5                queuebuf_debug_print
 .text          0x0000000000016bec      0x458 build/cooja/mtype78.a(packetbuf.o)
                0x0000000000016bec                packetbuf_clear
                0x0000000000016c16                packetbuf_copyfrom
                0x0000000000016c6c                packetbuf_copyto
                0x0000000000016d0f                packetbuf_hdralloc
                0x0000000000016d9a                packetbuf_hdrreduce
                0x0000000000016de6                packetbuf_set_datalen
                0x0000000000016dfe                packetbuf_dataptr
                0x0000000000016e20                packetbuf_hdrptr
                0x0000000000016e2d                packetbuf_datalen
                0x0000000000016e3a                packetbuf_hdrlen
                0x0000000000016e52                packetbuf_totlen
                0x0000000000016e71                packetbuf_remaininglen
                0x0000000000016e85                packetbuf_attr_clear
                0x0000000000016ee5                packetbuf_attr_copyto
                0x0000000000016f2c                packetbuf_attr_copyfrom
                0x0000000000016f73                packetbuf_set_attr
                0x0000000000016f9f                packetbuf_attr
                0x0000000000016fbc                packetbuf_set_addr
                0x0000000000016ffe                packetbuf_addr
                0x0000000000017024                packetbuf_holds_broadcast
 .text          0x0000000000017044      0x11b build/cooja/mtype78.a(netstack.o)
                0x0000000000017044                netstack_process_ip_callback
                0x00000000000170e1                netstack_ip_packet_processor_add
                0x000000000001710d                uip_ds6_ip_packet_processor_rm
                0x0000000000017132                netstack_init
 .text          0x000000000001715f       0x74 build/cooja/mtype78.a(linkaddr.o)
                0x000000000001715f                linkaddr_copy
                0x000000000001717c                linkaddr_cmp
                0x00000000000171ae                linkaddr_set_node_addr
 .text          0x00000000000171d3     0x29c5 build/cooja/mtype78.a(tsch.o)
                0x00000000000171d3                tsch_set_coordinator
                0x0000000000017212                tsch_set_pan_secured
                0x0000000000017229                tsch_set_join_priority
                0x0000000000017242                tsch_set_ka_timeout
                0x0000000000017264                tsch_set_eb_period
                0x00000000000177c5                tsch_schedule_keepalive
                0x0000000000018027                tsch_disassociate
                0x00000000000187b7                tsch_scan
 .text          0x0000000000019b98      0x9a2 build/cooja/mtype78.a(uip-sr.o)
                0x0000000000019b98                uip_sr_num_nodes
                0x0000000000019c3b                uip_sr_get_node
                0x0000000000019c9f                uip_sr_is_addr_reachable
                0x0000000000019d63                uip_sr_expire_parent
                0x0000000000019dc2                uip_sr_update_node
                0x000000000001a09f                uip_sr_init
                0x000000000001a0cb                uip_sr_node_head
                0x000000000001a0e0                uip_sr_node_next
                0x000000000001a0fa                uip_sr_periodic
                0x000000000001a2c0                uip_sr_free_all
                0x000000000001a337                uip_sr_link_snprint
 .text          0x000000000001a53a     0x10dd build/cooja/mtype78.a(uip-ds6.o)
                0x000000000001a53a                uip_ds6_default_prefix
                0x000000000001a547                uip_ds6_set_default_prefix
                0x000000000001a56b                uip_ds6_init
                0x000000000001a9ce                uip_ds6_periodic
                0x000000000001aa6c                uip_ds6_list_loop
                0x000000000001ab51                uip_ds6_prefix_add
                0x000000000001acf3                uip_ds6_prefix_rm
                0x000000000001ad0d                uip_ds6_prefix_lookup
                0x000000000001ad60                uip_ds6_is_addr_onlink
                0x000000000001adf0                uip_ds6_addr_add
                0x000000000001af31                uip_ds6_addr_rm
                0x000000000001afe5                uip_ds6_addr_lookup
                0x000000000001b033                uip_ds6_get_link_local
                0x000000000001b0d4                uip_ds6_get_global
                0x000000000001b175                uip_ds6_maddr_add
                0x000000000001b1ea                uip_ds6_maddr_rm
                0x000000000001b204                uip_ds6_maddr_lookup
                0x000000000001b255                uip_ds6_aaddr_add
                0x000000000001b2ca                uip_ds6_aaddr_rm
                0x000000000001b2e4                uip_ds6_aaddr_lookup
                0x000000000001b335                uip_ds6_select_src
                0x000000000001b4bb                uip_ds6_set_addr_iid
                0x000000000001b4f0                uip_ds6_set_lladdr_from_iid
                0x000000000001b523                get_match_length
                0x000000000001b5cd                uip_ds6_compute_reachable_time
 .text          0x000000000001b617      0x830 build/cooja/mtype78.a(tcpip.o)
                0x000000000001b643                tcpip_output
                0x000000000001b6cf                udp_attach
                0x000000000001b6f9                udp_new
                0x000000000001b750                udp_broadcast_new
                0x000000000001b8ed                tcpip_input
                0x000000000001bab0                tcpip_ipv6_output
                0x000000000001bd06                tcpip_poll_udp
                0x000000000001bd30                tcpip_uipcall
 .text          0x000000000001be47      0x6dd build/cooja/mtype78.a(uip-ds6-route.o)
                0x000000000001be9c                uip_ds6_route_init
                0x000000000001bebe                uip_ds6_route_nexthop
                0x000000000001becd                uip_ds6_route_head
                0x000000000001bed8                uip_ds6_route_next
                0x000000000001bee7                uip_ds6_route_is_nexthop
                0x000000000001bef6                uip_ds6_route_num_routes
                0x000000000001bf01                uip_ds6_route_lookup
                0x000000000001bf10                uip_ds6_route_add
                0x000000000001bf28                uip_ds6_route_rm
                0x000000000001bf33                uip_ds6_route_rm_by_nexthop
                0x000000000001bf3e                uip_ds6_defrt_head
                0x000000000001bf53                uip_ds6_defrt_add
                0x000000000001c13e                uip_ds6_defrt_rm
                0x000000000001c1f2                uip_ds6_defrt_lookup
                0x000000000001c265                uip_ds6_defrt_choose
                0x000000000001c467                uip_ds6_defrt_periodic
 .text          0x000000000001c524      0x6a9 build/cooja/mtype78.a(uip-ds6-nbr.o)
                0x000000000001c524                uip_ds6_neighbors_init
                0x000000000001c549                uip_ds6_nbr_add
                0x000000000001c75d                uip_ds6_nbr_rm
                0x000000000001c7b6                uip_ds6_nbr_update_ll
                0x000000000001ca08                uip_ds6_nbr_get_ipaddr
                0x000000000001ca24                uip_ds6_nbr_get_ll
                0x000000000001ca48                uip_ds6_nbr_num
                0x000000000001ca96                uip_ds6_nbr_head
                0x000000000001caab                uip_ds6_nbr_next
                0x000000000001cacf                uip_ds6_nbr_lookup
                0x000000000001cb34                uip_ds6_nbr_ll_lookup
                0x000000000001cb58                uip_ds6_nbr_ipaddr_from_lladdr
                0x000000000001cb88                uip_ds6_nbr_lladdr_from_ipaddr
                0x000000000001cbc0                uip_ds6_link_callback
 .text          0x000000000001cbcd     0x1ead build/cooja/mtype78.a(uip6.o)
                0x000000000001cc8d                uip_chksum
                0x000000000001cd6f                uip_icmp6chksum
                0x000000000001cd7f                uip_udpchksum
                0x000000000001cd8f                uip_init
                0x000000000001cdf1                uip_remove_ext_hdr
                0x000000000001cf2b                uip_udp_new
                0x000000000001d339                uip_process
                0x000000000001e909                uip_htons
                0x000000000001e928                uip_htonl
                0x000000000001e96c                uip_send
 .text          0x000000000001ea7a      0xbea build/cooja/mtype78.a(uip-nd6.o)
                0x000000000001f651                uip_nd6_init
 .text          0x000000000001f664      0x46d build/cooja/mtype78.a(simple-udp.o)
                0x000000000001f691                simple_udp_send
                0x000000000001f6ff                simple_udp_sendto
                0x000000000001f76d                simple_udp_sendto_port
                0x000000000001f7d9                simple_udp_register
 .text          0x000000000001fad1     0x33af build/cooja/mtype78.a(sicslowpan.o)
                0x000000000002029a                netstack_sniffer_add
                0x00000000000202b0                netstack_sniffer_remove
                0x0000000000022e51                sicslowpan_init
                0x0000000000022e74                sicslowpan_get_last_rssi
 .text          0x0000000000022e80      0x590 build/cooja/mtype78.a(uiplib.o)
                0x0000000000022e80                uiplib_ip6addrconv
                0x0000000000023062                uiplib_ip4addrconv
                0x0000000000023130                uiplib_ipaddr_print
                0x000000000002318f                uiplib_ipaddr_snprint
 .text          0x0000000000023410      0x831 build/cooja/mtype78.a(rpl.o)
                0x0000000000023410                rpl_lollipop_greater_than
                0x0000000000023470                rpl_get_global_address
                0x000000000002360c                rpl_link_callback
                0x0000000000023708                rpl_has_joined
                0x0000000000023737                rpl_is_reachable
                0x00000000000237d5                rpl_reset_prefix
                0x00000000000238c3                rpl_set_prefix_from_addr
                0x0000000000023a8a                rpl_set_prefix
                0x0000000000023c1e                rpl_set_leaf_only
                0x0000000000023c34                rpl_get_leaf_only
 .text          0x0000000000023c41      0x5dd build/cooja/mtype78.a(rpl-dag-root.o)
                0x0000000000023c41                rpl_dag_root_print_links
                0x0000000000023fca                rpl_dag_root_set_prefix
                0x0000000000024002                rpl_dag_root_start
                0x00000000000241e2                rpl_dag_root_is_root
 .text          0x000000000002421e       0x35 build/cooja/mtype78.a(watchdog.o)
                0x000000000002421e                watchdog_init
                0x0000000000024225                watchdog_start
                0x000000000002422c                watchdog_periodic
                0x0000000000024245                watchdog_stop
                0x000000000002424c                watchdog_reboot
 .text          0x0000000000024253       0x51 build/cooja/mtype78.a(int-master.o)
                0x0000000000024253                int_master_enable
                0x0000000000024264                int_master_read_and_disable
                0x0000000000024280                int_master_status_set
                0x0000000000024293                int_master_is_enabled
 .text          0x00000000000242a4        0x0 build/cooja/mtype78.a(cooja16.o)
 .text          0x00000000000242a4      0x58c build/cooja/mtype78.a(simple-energest)
                0x00000000000247af                simple_energest_init
 .text          0x0000000000024830      0x3dd build/cooja/mtype78.a(orchestra.o)
                0x00000000000248c2                orchestra_callback_child_added
                0x000000000002491e                orchestra_callback_child_removed
                0x000000000002497a                orchestra_callback_packet_ready
                0x0000000000024a5d                orchestra_callback_new_time_source
                0x0000000000024adb                orchestra_init
 .text          0x0000000000024c0d      0x271 build/cooja/mtype78.a(orchestra-rule-)
 .text          0x0000000000024e7e      0x11a build/cooja/mtype78.a(stimer.o)
                0x0000000000024e7e                stimer_set
                0x0000000000024eac                stimer_reset
                0x0000000000024ee4                stimer_restart
                0x0000000000024f02                stimer_expired
                0x0000000000024f43                stimer_remaining
                0x0000000000024f75                stimer_elapsed
 .text          0x0000000000024f98      0x236 build/cooja/mtype78.a(ringbufindex.o)
                0x0000000000024f98                ringbufindex_init
                0x0000000000024fc5                ringbufindex_put
                0x000000000002502c                ringbufindex_peek_put
                0x000000000002507a                ringbufindex_get
                0x00000000000250e3                ringbufindex_peek_get
                0x0000000000025127                ringbufindex_size
                0x000000000002513e                ringbufindex_elements
                0x000000000002516c                ringbufindex_full
                0x00000000000251ac                ringbufindex_empty
 .text          0x00000000000251ce      0x206 build/cooja/mtype78.a(memb.o)
                0x00000000000251ce                memb_init
                0x000000000002522d                memb_alloc
                0x00000000000252a3                memb_free
                0x0000000000025332                memb_inmemb
                0x0000000000025385                memb_numfree
 .text          0x00000000000253d4      0x189 build/cooja/mtype78.a(ringbuf.o)
                0x00000000000253d4                ringbuf_init
                0x0000000000025411                ringbuf_put
                0x000000000002549c                ringbuf_get
                0x0000000000025516                ringbuf_size
                0x000000000002552e                ringbuf_elements
 .text          0x000000000002555d      0x9ac build/cooja/mtype78.a(nbr-table.o)
                0x0000000000025b05                nbr_table_register
                0x0000000000025b93                nbr_table_is_registered
                0x0000000000025be6                nbr_table_head
                0x0000000000025c4d                nbr_table_next
                0x0000000000025cc3                nbr_table_add_lladdr
                0x0000000000025dc6                nbr_table_get_from_lladdr
                0x0000000000025e1e                nbr_table_remove
                0x0000000000025e6e                nbr_table_lock
                0x0000000000025e9c                nbr_table_unlock
                0x0000000000025eca                nbr_table_get_lladdr
 .text          0x0000000000025f09      0x410 build/cooja/mtype78.a(link-stats.o)
                0x0000000000025f09                link_stats_from_lladdr
                0x0000000000025f2d                link_stats_get_lladdr
                0x0000000000025f51                link_stats_is_fresh
                0x0000000000025f9b                guess_etx_from_rssi
                0x000000000002601c                link_stats_packet_sent
                0x000000000002615a                link_stats_input_callback
                0x0000000000026287                link_stats_reset
                0x00000000000262de                link_stats_init
 .text          0x0000000000026319      0x1da build/cooja/mtype78.a(mac-sequence.o)
                0x0000000000026319                mac_sequence_is_duplicate
                0x00000000000263fa                mac_sequence_register_seqno
 .text          0x00000000000264f3       0x33 build/cooja/mtype78.a(mac.o)
                0x00000000000264f3                mac_call_sent_callback
 .text          0x0000000000026526      0x442 build/cooja/mtype78.a(framer-802154.o)
                0x00000000000266bd                framer_802154_setup_params
 .text          0x0000000000026968      0xc84 build/cooja/mtype78.a(frame802154.o)
                0x0000000000026996                frame802154_get_pan_id
                0x00000000000269a3                frame802154_set_pan_id
                0x00000000000269bb                frame802154_has_panid
                0x0000000000026b96                frame802154_check_dest_panid
                0x0000000000026c31                frame802154_is_broadcast_addr
                0x0000000000026c84                frame802154_extract_linkaddr
                0x0000000000026f1a                frame802154_hdrlen
                0x0000000000026f95                frame802154_create_fcf
                0x0000000000027063                frame802154_create
                0x0000000000027209                frame802154_parse_fcf
                0x00000000000272fc                frame802154_parse
 .text          0x00000000000275ec      0xcd6 build/cooja/mtype78.a(tsch-queue.o)
                0x00000000000275ec                tsch_queue_add_nbr
                0x00000000000276f6                tsch_queue_get_nbr
                0x000000000002772a                tsch_queue_get_time_source
                0x000000000002778a                tsch_queue_get_nbr_address
                0x00000000000277ae                tsch_queue_update_time_source
                0x0000000000027a3d                tsch_queue_add_packet
                0x0000000000027bf5                tsch_queue_global_packet_count
                0x0000000000027c10                tsch_queue_nbr_packet_count
                0x0000000000027c3e                tsch_queue_remove_packet_from_queue
                0x0000000000027c97                tsch_queue_free_packet
                0x0000000000027ccf                tsch_queue_packet_sent
                0x0000000000027d99                tsch_queue_reset
                0x0000000000027e03                tsch_queue_free_unused_neighbors
                0x0000000000027e94                tsch_queue_is_empty
                0x0000000000027ed4                tsch_queue_get_packet_for_nbr
                0x0000000000028004                tsch_queue_get_packet_for_dest_addr
                0x0000000000028044                tsch_queue_get_unicast_packet_for_any
                0x00000000000280f3                tsch_queue_backoff_expired
                0x000000000002810d                tsch_queue_backoff_reset
                0x0000000000028128                tsch_queue_backoff_inc
                0x000000000002819a                tsch_queue_update_all_backoff_windows
                0x0000000000028263                tsch_queue_init
 .text          0x00000000000282c2        0x0 build/cooja/mtype78.a(tsch-timeslot-t)
 .text          0x00000000000282c2     0x1190 build/cooja/mtype78.a(tsch-schedule.o)
                0x00000000000282c2                tsch_schedule_add_slotframe
                0x0000000000028409                tsch_schedule_remove_all_slotframes
                0x000000000002844b                tsch_schedule_remove_slotframe
                0x0000000000028531                tsch_schedule_get_slotframe_by_handle
                0x000000000002858f                tsch_schedule_get_link_by_handle
                0x0000000000028760                tsch_schedule_add_link
                0x0000000000028aa1                tsch_schedule_remove_link
                0x0000000000028cfe                tsch_schedule_remove_link_by_timeslot
                0x0000000000028da3                tsch_schedule_get_link_by_timeslot
                0x0000000000028eff                tsch_schedule_get_next_active_link
                0x00000000000291b5                tsch_schedule_init
                0x00000000000291fc                tsch_schedule_create_minimal
                0x0000000000029255                tsch_schedule_slotframe_head
                0x000000000002926a                tsch_schedule_slotframe_next
                0x0000000000029284                tsch_schedule_print
 .text          0x0000000000029452     0x1bfd build/cooja/mtype78.a(tsch-slot-opera)
                0x000000000002947f                tsch_is_locked
                0x000000000002948b                tsch_get_lock
                0x0000000000029512                tsch_release_lock
                0x0000000000029892                tsch_get_network_uptime_ticks
                0x000000000002aeb2                tsch_slot_operation_start
                0x000000000002afd8                tsch_slot_operation_sync
 .text          0x000000000002b04f      0xaaa build/cooja/mtype78.a(tsch-packet.o)
                0x000000000002b04f                tsch_packet_eackbuf_set_attr
                0x000000000002b07a                tsch_packet_eackbuf_attr
                0x000000000002b09a                tsch_packet_create_eack
                0x000000000002b28e                tsch_packet_parse_eack
                0x000000000002b445                tsch_packet_create_eb
                0x000000000002b743                tsch_packet_update_eb
                0x000000000002b7c6                tsch_packet_parse_eb
                0x000000000002babc                tsch_packet_set_frame_pending
                0x000000000002badc                tsch_packet_get_frame_pending
 .text          0x000000000002baf9      0x718 build/cooja/mtype78.a(tsch-security.o)
                0x000000000002bc4a                tsch_security_mic_len
                0x000000000002bc87                tsch_security_secure_frame
                0x000000000002bf54                tsch_security_parse_frame
                0x000000000002c205                tsch_security_set_packetbuf_attr
 .text          0x000000000002c211      0x157 build/cooja/mtype78.a(tsch-rpl.o)
                0x000000000002c211                tsch_rpl_callback_ka_sent
                0x000000000002c250                tsch_rpl_callback_joining_network
                0x000000000002c257                tsch_rpl_callback_leaving_network
                0x000000000002c277                tsch_rpl_callback_new_dio_interval
                0x000000000002c318                tsch_rpl_callback_parent_switch
                0x000000000002c355                tsch_rpl_check_dodag_joined
 .text          0x000000000002c368      0x398 build/cooja/mtype78.a(tsch-adaptive-t)
                0x000000000002c368                tsch_adaptive_timesync_get_drift_ppm
                0x000000000002c4b7                tsch_timesync_update
                0x000000000002c65c                tsch_timesync_adaptive_compensate
                0x000000000002c6c6                tsch_adaptive_timesync_reset
 .text          0x000000000002c700      0x55f build/cooja/mtype78.a(uipbuf.o)
                0x000000000002c700                uipbuf_clear
                0x000000000002c72e                uipbuf_add_ext_hdr
                0x000000000002c7c2                uipbuf_set_len
                0x000000000002c7f0                uipbuf_set_len_field
                0x000000000002c81f                uipbuf_get_len_field
                0x000000000002c846                uipbuf_get_next_header
                0x000000000002c999                uipbuf_get_last_header
                0x000000000002ca2e                uipbuf_search_header
                0x000000000002caf9                uipbuf_get_attr
                0x000000000002cb26                uipbuf_set_attr
                0x000000000002cb62                uipbuf_set_default_attr
                0x000000000002cb9e                uipbuf_clear_attr
                0x000000000002cbbf                uipbuf_set_attr_flag
                0x000000000002cbde                uipbuf_clr_attr_flag
                0x000000000002cc03                uipbuf_is_attr_flag
                0x000000000002cc24                uipbuf_init
 .text          0x000000000002cc5f      0xca3 build/cooja/mtype78.a(uip-icmp6.o)
                0x000000000002ccd8                uip_icmp6_input
                0x000000000002cd32                uip_icmp6_register_input_handler
                0x000000000002d03d                uip_icmp6_error_output
                0x000000000002d4ae                uip_icmp6_send
                0x000000000002d87b                uip_icmp6_echo_reply_callback_add
                0x000000000002d8be                uip_icmp6_echo_reply_callback_rm
                0x000000000002d8e3                uip_icmp6_init
 .text          0x000000000002d902      0x197 build/cooja/mtype78.a(uip-packetqueue)
                0x000000000002d93a                uip_packetqueue_new
                0x000000000002d950                uip_packetqueue_alloc
                0x000000000002d9c6                uip_packetqueue_free
                0x000000000002da17                uip_packetqueue_buf
                0x000000000002da3f                uip_packetqueue_buflen
                0x000000000002da6a                uip_packetqueue_set_buflen
 .text          0x000000000002da99      0x13c build/cooja/mtype78.a(uip-udp-packet.)
                0x000000000002da99                uip_udp_packet_send
                0x000000000002db14                uip_udp_packet_sendto
 .text          0x000000000002dbd5     0x2271 build/cooja/mtype78.a(rpl-icmp6.o)
                0x000000000002dd59                rpl_icmp6_update_nbr_table
                0x000000000002df8b                rpl_icmp6_dis_output
                0x000000000002ea5a                rpl_icmp6_dio_output
                0x000000000002f66d                rpl_icmp6_dao_output
                0x000000000002fce1                rpl_icmp6_dao_ack_output
                0x000000000002fe0f                rpl_icmp6_init
 .text          0x000000000002fe46      0xe1b build/cooja/mtype78.a(rpl-neighbor.o)
                0x000000000002fed5                rpl_neighbor_snprint
                0x000000000003020c                rpl_neighbor_print_list
                0x000000000003046a                rpl_neighbor_count
                0x000000000003054d                rpl_neighbor_get_from_lladdr
                0x0000000000030574                rpl_neighbor_is_acceptable_parent
                0x00000000000305bc                rpl_neighbor_get_link_metric
                0x0000000000030604                rpl_neighbor_rank_via_nbr
                0x000000000003064c                rpl_neighbor_get_lladdr
                0x0000000000030673                rpl_neighbor_get_ipaddr
                0x000000000003069d                rpl_neighbor_get_link_stats
                0x00000000000306c7                rpl_neighbor_is_fresh
                0x00000000000306f1                rpl_neighbor_is_reachable
                0x0000000000030745                rpl_neighbor_is_parent
                0x000000000003077a                rpl_neighbor_set_preferred_parent
                0x000000000003090e                rpl_neighbor_remove_all
                0x00000000000309ae                rpl_neighbor_get_from_ipaddr
                0x0000000000030adf                rpl_neighbor_select_best
                0x0000000000030c41                rpl_neighbor_init
 .text          0x0000000000030c61     0x1bbf build/cooja/mtype78.a(rpl-dag.o)
                0x0000000000030c61                rpl_dag_state_to_str
                0x0000000000030cae                rpl_dag_get_root_ipaddr
                0x0000000000030cf4                rpl_dag_leave
                0x0000000000030e23                rpl_dag_poison_and_leave
                0x0000000000030e3d                rpl_dag_periodic
                0x0000000000030f88                rpl_is_addr_in_our_dag
                0x0000000000030fdd                rpl_get_default_instance
                0x0000000000031000                rpl_get_any_dag
                0x0000000000031065                rpl_refresh_routes
                0x0000000000031134                rpl_global_repair
                0x00000000000312de                rpl_local_repair
                0x0000000000031382                rpl_dag_ready_to_advertise
                0x00000000000313d6                rpl_dag_update_state
                0x000000000003224d                rpl_process_dio
                0x000000000003232c                rpl_process_dis
                0x00000000000323b7                rpl_process_dao
                0x000000000003249e                rpl_process_dao_ack
                0x0000000000032593                rpl_process_hbh
                0x00000000000325ee                rpl_dag_init_root
                0x0000000000032800                rpl_dag_init
 .text          0x0000000000032820      0xe63 build/cooja/mtype78.a(rpl-timers.o)
                0x0000000000032820                rpl_timers_schedule_periodic_dis
                0x0000000000032a24                rpl_timers_dio_reset
                0x0000000000032be6                rpl_timers_schedule_unicast_dio
                0x0000000000032db1                rpl_timers_schedule_dao
                0x0000000000032eac                rpl_timers_schedule_dao_ack
                0x0000000000032f60                rpl_timers_notify_dao_ack
                0x0000000000032fca                get_probing_delay
                0x0000000000033013                get_probing_target
                0x0000000000033371                rpl_schedule_probing
                0x00000000000333ae                rpl_schedule_probing_now
                0x0000000000033431                rpl_timers_unschedule_leaving
                0x0000000000033471                rpl_timers_schedule_leaving
                0x00000000000334c2                rpl_timers_init
                0x0000000000033589                rpl_timers_stop_dag_timers
                0x0000000000033612                rpl_timers_unschedule_state_update
                0x0000000000033638                rpl_timers_schedule_state_update
 .text          0x0000000000033683     0x1483 build/cooja/mtype78.a(rpl-ext-header.)
                0x0000000000033683                rpl_ext_header_srh_get_next_hop
                0x000000000003378d                rpl_ext_header_srh_update
                0x00000000000341d7                rpl_ext_header_hbh_update
                0x0000000000034864                rpl_ext_header_update
                0x000000000003490a                rpl_ext_header_remove
 .text          0x0000000000034b06      0x235 build/cooja/mtype78.a(rpl-nbr-policy.)
                0x0000000000034ce9                rpl_nbr_policy_find_removable
 .text          0x0000000000034d3b      0x392 build/cooja/mtype78.a(rpl-mrhof.o)
 .text          0x00000000000350cd      0x234 build/cooja/mtype78.a(orchestra-rule-)
 .text          0x0000000000035301       0xa8 build/cooja/mtype78.a(orchestra-rule-)
 .text          0x00000000000353a9      0x4e2 build/cooja/mtype78.a(ccm-star.o)
 .text          0x000000000003588b      0x681 build/cooja/mtype78.a(aes-128.o)
 .text          0x0000000000035f0c     0x10bd build/cooja/mtype78.a(frame802154e-ie)
                0x0000000000036041                frame80215e_create_ie_header_ack_nack_time_correction
                0x00000000000360db                frame80215e_create_ie_header_list_termination_1
                0x000000000003612c                frame80215e_create_ie_header_list_termination_2
                0x000000000003617d                frame80215e_create_ie_payload_list_termination
                0x00000000000361ce                frame80215e_create_ie_mlme
                0x0000000000036225                frame80215e_create_ie_tsch_synchronization
                0x00000000000362f3                frame80215e_create_ie_tsch_slotframe_and_link
                0x0000000000036539                frame80215e_create_ie_tsch_timeslot
                0x000000000003662f                frame80215e_create_ie_tsch_channel_hopping_sequence
                0x0000000000036ca2                frame802154e_parse_information_elements
 .text          0x0000000000036fc9        0x0 /usr/lib/gcc/x86_64-linux-gnu/7/crtendS.o
 .text          0x0000000000036fc9        0x0 /usr/lib/gcc/x86_64-linux-gnu/7/../../../x86_64-linux-gnu/crtn.o
 *(.gnu.warning)

.fini           0x0000000000036fcc        0x9
 *(SORT_NONE(.fini))
 .fini          0x0000000000036fcc        0x4 /usr/lib/gcc/x86_64-linux-gnu/7/../../../x86_64-linux-gnu/crti.o
                0x0000000000036fcc                _fini
 .fini          0x0000000000036fd0        0x5 /usr/lib/gcc/x86_64-linux-gnu/7/../../../x86_64-linux-gnu/crtn.o
                [!provide]                        PROVIDE (__etext = .)
                [!provide]                        PROVIDE (_etext = .)
                [!provide]                        PROVIDE (etext = .)

.rodata         0x0000000000036fe0     0x3300
 *(.rodata .rodata.* .gnu.linkonce.r.*)
 .rodata        0x0000000000036fe0       0xd4 node.o
 .rodata        0x00000000000370b4        0x6 build/cooja/mtype78.a(leds-arch.o)
                0x00000000000370b4                leds_arch_leds
 .rodata        0x00000000000370ba        0x4 build/cooja/mtype78.a(pir-sensor.o)
 .rodata        0x00000000000370be        0x6 build/cooja/mtype78.a(rs232.o)
 .rodata        0x00000000000370c4        0xa build/cooja/mtype78.a(vib-sensor.o)
 *fill*         0x00000000000370ce        0x2 
 .rodata        0x00000000000370d0       0x27 build/cooja/mtype78.a(cfs-cooja.o)
 *fill*         0x00000000000370f7        0x1 
 .rodata        0x00000000000370f8       0x68 build/cooja/mtype78.a(cooja-radio.o)
 .rodata        0x0000000000037160        0x8 build/cooja/mtype78.a(sensors.o)
 .rodata        0x0000000000037168       0x14 build/cooja/mtype78.a(buttons.o)
                0x0000000000037174                button_hal_button_count
 *fill*         0x000000000003717c        0x4 
 .rodata        0x0000000000037180      0x11c build/cooja/mtype78.a(contiki-main.o)
 .rodata        0x000000000003729c       0xc4 build/cooja/mtype78.a(log.o)
 .rodata        0x0000000000037360        0xc build/cooja/mtype78.a(etimer.o)
 .rodata        0x000000000003736c        0xf build/cooja/mtype78.a(ctimer.o)
 .rodata        0x000000000003737b       0x13 build/cooja/mtype78.a(button-hal.o)
 .rodata        0x000000000003738e        0xe build/cooja/mtype78.a(serial-line.o)
 *fill*         0x000000000003739c        0x4 
 .rodata        0x00000000000373a0        0x8 build/cooja/mtype78.a(linkaddr.o)
                0x00000000000373a0                linkaddr_null
 .rodata        0x00000000000373a8      0x8cc build/cooja/mtype78.a(tsch.o)
                0x00000000000373a8                tsch_broadcast_address
                0x00000000000373b0                tsch_eb_address
 *fill*         0x0000000000037c74        0x4 
 .rodata        0x0000000000037c78      0x106 build/cooja/mtype78.a(uip-sr.o)
 *fill*         0x0000000000037d7e        0x2 
 .rodata        0x0000000000037d80      0x10f build/cooja/mtype78.a(uip-ds6.o)
 .rodata        0x0000000000037e8f        0xd build/cooja/mtype78.a(tcpip.o)
 *fill*         0x0000000000037e9c        0x4 
 .rodata        0x0000000000037ea0      0x1b0 build/cooja/mtype78.a(uip-ds6-route.o)
 .rodata        0x0000000000038050      0x146 build/cooja/mtype78.a(uip-ds6-nbr.o)
 *fill*         0x0000000000038196        0x2 
 .rodata        0x0000000000038198      0x374 build/cooja/mtype78.a(uip6.o)
 .rodata        0x000000000003850c       0x9d build/cooja/mtype78.a(uip-nd6.o)
 .rodata        0x00000000000385a9       0x13 build/cooja/mtype78.a(simple-udp.o)
 .rodata        0x00000000000385bc       0x1d build/cooja/mtype78.a(sicslowpan.o)
                0x00000000000385bc                unc_llconf
                0x00000000000385c0                unc_ctxconf
                0x00000000000385c4                unc_mxconf
                0x00000000000385c8                llprefix
 .rodata        0x00000000000385d9       0x2d build/cooja/mtype78.a(uiplib.o)
 *fill*         0x0000000000038606        0x2 
 .rodata        0x0000000000038608       0xd8 build/cooja/mtype78.a(rpl.o)
 .rodata        0x00000000000386e0       0xc8 build/cooja/mtype78.a(rpl-dag-root.o)
 *fill*         0x00000000000387a8       0x18 
 .rodata        0x00000000000387c0       0xaa build/cooja/mtype78.a(cooja16.o)
                0x00000000000387c0                deployment_cooja16
 *fill*         0x000000000003886a        0x6 
 .rodata        0x0000000000038870      0x160 build/cooja/mtype78.a(simple-energest)
 .rodata        0x00000000000389d0       0x59 build/cooja/mtype78.a(orchestra.o)
 .rodata        0x0000000000038a29       0x13 build/cooja/mtype78.a(orchestra-rule-)
 *fill*         0x0000000000038a3c        0x4 
 .rodata        0x0000000000038a40       0x7d build/cooja/mtype78.a(tsch-queue.o)
 *fill*         0x0000000000038abd        0x3 
 .rodata        0x0000000000038ac0       0x18 build/cooja/mtype78.a(tsch-timeslot-t)
                0x0000000000038ac0                tsch_timeslot_timing_us_10000
 .rodata        0x0000000000038ad8      0x230 build/cooja/mtype78.a(tsch-schedule.o)
 .rodata        0x0000000000038d08       0x3d build/cooja/mtype78.a(tsch-slot-opera)
 *fill*         0x0000000000038d45        0x3 
 .rodata        0x0000000000038d48       0xf1 build/cooja/mtype78.a(tsch-packet.o)
 .rodata        0x0000000000038e39        0xd build/cooja/mtype78.a(tsch-rpl.o)
 *fill*         0x0000000000038e46        0x2 
 .rodata        0x0000000000038e48      0x158 build/cooja/mtype78.a(uip-icmp6.o)
 .rodata        0x0000000000038fa0      0x5a3 build/cooja/mtype78.a(rpl-icmp6.o)
 *fill*         0x0000000000039543        0x5 
 .rodata        0x0000000000039548      0x15e build/cooja/mtype78.a(rpl-neighbor.o)
 *fill*         0x00000000000396a6        0x2 
 .rodata        0x00000000000396a8      0x62c build/cooja/mtype78.a(rpl-dag.o)
 .rodata        0x0000000000039cd4       0x89 build/cooja/mtype78.a(rpl-timers.o)
 *fill*         0x0000000000039d5d        0x3 
 .rodata        0x0000000000039d60      0x3e6 build/cooja/mtype78.a(rpl-ext-header.)
 *fill*         0x000000000003a146        0x2 
 .rodata        0x000000000003a148       0x42 build/cooja/mtype78.a(rpl-nbr-policy.)
 .rodata        0x000000000003a18a       0x25 build/cooja/mtype78.a(rpl-mrhof.o)
 *fill*         0x000000000003a1af        0x1 
 .rodata        0x000000000003a1b0       0x21 build/cooja/mtype78.a(orchestra-rule-)
 .rodata        0x000000000003a1d1        0xf build/cooja/mtype78.a(orchestra-rule-)
 .rodata        0x000000000003a1e0      0x100 build/cooja/mtype78.a(aes-128.o)

.rodata1
 *(.rodata1)

.eh_frame_hdr   0x000000000003a2e0     0x1b34
 *(.eh_frame_hdr)
 .eh_frame_hdr  0x000000000003a2e0     0x1b34 node.o
                0x000000000003a2e0                __GNU_EH_FRAME_HDR
 *(.eh_frame_entry .eh_frame_entry.*)

.eh_frame       0x000000000003be18     0x6d8c
 *(.eh_frame)
 .eh_frame      0x000000000003be18       0x40 /usr/lib/gcc/x86_64-linux-gnu/7/../../../x86_64-linux-gnu/crti.o
 .eh_frame      0x000000000003be58       0x18 /usr/lib/gcc/x86_64-linux-gnu/7/../../../x86_64-linux-gnu/crti.o
                                         0x30 (size before relaxing)
 .eh_frame      0x000000000003be70       0x48 node.o
                                         0x60 (size before relaxing)
 .eh_frame      0x000000000003beb8      0x178 build/cooja/mtype78.o
                                        0x190 (size before relaxing)
 .eh_frame      0x000000000003c030       0x40 build/cooja/mtype78.a(simEnvChange.o)
                                         0x58 (size before relaxing)
 .eh_frame      0x000000000003c070       0x60 build/cooja/mtype78.a(cooja_mt.o)
                                         0x78 (size before relaxing)
 .eh_frame      0x000000000003c0d0       0x80 build/cooja/mtype78.a(cooja_mtarch.o)
                                         0x98 (size before relaxing)
 .eh_frame      0x000000000003c150       0xc0 build/cooja/mtype78.a(rtimer-arch.o)
                                         0xd8 (size before relaxing)
 .eh_frame      0x000000000003c210      0x160 build/cooja/mtype78.a(beep.o)
                                        0x178 (size before relaxing)
 .eh_frame      0x000000000003c370       0x80 build/cooja/mtype78.a(leds-arch.o)
                                         0x98 (size before relaxing)
 .eh_frame      0x000000000003c3f0       0x40 build/cooja/mtype78.a(moteid.o)
                                         0x58 (size before relaxing)
 .eh_frame      0x000000000003c430       0xa0 build/cooja/mtype78.a(pir-sensor.o)
                                         0xb8 (size before relaxing)
 .eh_frame      0x000000000003c4d0      0x100 build/cooja/mtype78.a(rs232.o)
                                        0x118 (size before relaxing)
 .eh_frame      0x000000000003c5d0       0xa0 build/cooja/mtype78.a(vib-sensor.o)
                                         0xb8 (size before relaxing)
 .eh_frame      0x000000000003c670       0xc0 build/cooja/mtype78.a(clock.o)
                                         0xd8 (size before relaxing)
 .eh_frame      0x000000000003c730      0x128 build/cooja/mtype78.a(cooja-log.o)
                                        0x140 (size before relaxing)
 .eh_frame      0x000000000003c858      0x160 build/cooja/mtype78.a(cfs-cooja.o)
                                        0x178 (size before relaxing)
 .eh_frame      0x000000000003c9b8      0x3a0 build/cooja/mtype78.a(cooja-radio.o)
                                        0x3b8 (size before relaxing)
 .eh_frame      0x000000000003cd58       0xa0 build/cooja/mtype78.a(eeprom.o)
                                         0xb8 (size before relaxing)
 .eh_frame      0x000000000003cdf8       0x40 build/cooja/mtype78.a(random.o)
                                         0x58 (size before relaxing)
 .eh_frame      0x000000000003ce38       0xc0 build/cooja/mtype78.a(sensors.o)
                                         0xd8 (size before relaxing)
 .eh_frame      0x000000000003cef8      0x120 build/cooja/mtype78.a(leds.o)
                                        0x138 (size before relaxing)
 .eh_frame      0x000000000003d018      0x220 build/cooja/mtype78.a(gpio-hal-arch.o)
                                        0x238 (size before relaxing)
 .eh_frame      0x000000000003d238       0xa0 build/cooja/mtype78.a(buttons.o)
                                         0xb8 (size before relaxing)
 .eh_frame      0x000000000003d2d8       0xe8 build/cooja/mtype78.a(deployment.o)
                                        0x100 (size before relaxing)
 .eh_frame      0x000000000003d3c0       0x20 build/cooja/mtype78.a(contiki-main.o)
                                         0x38 (size before relaxing)
 .eh_frame      0x000000000003d3e0       0x40 build/cooja/mtype78.a(autostart.o)
                                         0x58 (size before relaxing)
 .eh_frame      0x000000000003d420      0x120 build/cooja/mtype78.a(log.o)
                                        0x138 (size before relaxing)
 .eh_frame      0x000000000003d540       0xa0 build/cooja/mtype78.a(energest.o)
                                         0xb8 (size before relaxing)
 .eh_frame      0x000000000003d5e0      0x1e0 build/cooja/mtype78.a(etimer.o)
                                        0x1f8 (size before relaxing)
 .eh_frame      0x000000000003d7c0       0x20 build/cooja/mtype78.a(node-id.o)
                                         0x38 (size before relaxing)
 .eh_frame      0x000000000003d7e0      0x100 build/cooja/mtype78.a(ctimer.o)
                                        0x118 (size before relaxing)
 .eh_frame      0x000000000003d8e0      0x1c8 build/cooja/mtype78.a(process.o)
                                        0x1e0 (size before relaxing)
 .eh_frame      0x000000000003daa8       0x60 build/cooja/mtype78.a(rtimer.o)
                                         0x78 (size before relaxing)
 .eh_frame      0x000000000003db08       0xa0 build/cooja/mtype78.a(timer.o)
                                         0xb8 (size before relaxing)
 .eh_frame      0x000000000003dba8      0x1a0 build/cooja/mtype78.a(list.o)
                                        0x1b8 (size before relaxing)
 .eh_frame      0x000000000003dd48      0x160 build/cooja/mtype78.a(button-hal.o)
                                        0x178 (size before relaxing)
 .eh_frame      0x000000000003dea8       0x60 build/cooja/mtype78.a(serial-line.o)
                                         0x78 (size before relaxing)
 .eh_frame      0x000000000003df08       0xe0 build/cooja/mtype78.a(gpio-hal.o)
                                         0xf8 (size before relaxing)
 .eh_frame      0x000000000003dfe8      0x1a0 build/cooja/mtype78.a(queuebuf.o)
                                        0x1b8 (size before relaxing)
 .eh_frame      0x000000000003e188      0x288 build/cooja/mtype78.a(packetbuf.o)
                                        0x2a0 (size before relaxing)
 .eh_frame      0x000000000003e410       0x80 build/cooja/mtype78.a(netstack.o)
                                         0x98 (size before relaxing)
 .eh_frame      0x000000000003e490       0x60 build/cooja/mtype78.a(linkaddr.o)
                                         0x78 (size before relaxing)
 .eh_frame      0x000000000003e4f0      0x380 build/cooja/mtype78.a(tsch.o)
                                        0x398 (size before relaxing)
 .eh_frame      0x000000000003e870      0x180 build/cooja/mtype78.a(uip-sr.o)
                                        0x198 (size before relaxing)
 .eh_frame      0x000000000003e9f0      0x328 build/cooja/mtype78.a(uip-ds6.o)
                                        0x340 (size before relaxing)
 .eh_frame      0x000000000003ed18      0x248 build/cooja/mtype78.a(tcpip.o)
                                        0x260 (size before relaxing)
 .eh_frame      0x000000000003ef60      0x220 build/cooja/mtype78.a(uip-ds6-route.o)
                                        0x238 (size before relaxing)
 .eh_frame      0x000000000003f180      0x1c0 build/cooja/mtype78.a(uip-ds6-nbr.o)
                                        0x1d8 (size before relaxing)
 .eh_frame      0x000000000003f340      0x1e8 build/cooja/mtype78.a(uip6.o)
                                        0x200 (size before relaxing)
 .eh_frame      0x000000000003f528       0x80 build/cooja/mtype78.a(uip-nd6.o)
                                         0x98 (size before relaxing)
 .eh_frame      0x000000000003f5a8       0xc0 build/cooja/mtype78.a(simple-udp.o)
                                         0xd8 (size before relaxing)
 .eh_frame      0x000000000003f668      0x2e0 build/cooja/mtype78.a(sicslowpan.o)
                                        0x2f8 (size before relaxing)
 .eh_frame      0x000000000003f948       0x80 build/cooja/mtype78.a(uiplib.o)
                                         0x98 (size before relaxing)
 .eh_frame      0x000000000003f9c8      0x1e0 build/cooja/mtype78.a(rpl.o)
                                        0x1f8 (size before relaxing)
 .eh_frame      0x000000000003fba8       0xa0 build/cooja/mtype78.a(rpl-dag-root.o)
                                         0xb8 (size before relaxing)
 .eh_frame      0x000000000003fc48       0xa0 build/cooja/mtype78.a(watchdog.o)
                                         0xb8 (size before relaxing)
 .eh_frame      0x000000000003fce8       0x80 build/cooja/mtype78.a(int-master.o)
                                         0x98 (size before relaxing)
 .eh_frame      0x000000000003fd68       0xa0 build/cooja/mtype78.a(simple-energest)
                                         0xb8 (size before relaxing)
 .eh_frame      0x000000000003fe08       0xe0 build/cooja/mtype78.a(orchestra.o)
                                         0xf8 (size before relaxing)
 .eh_frame      0x000000000003fee8       0x80 build/cooja/mtype78.a(orchestra-rule-)
                                         0x98 (size before relaxing)
 .eh_frame      0x000000000003ff68       0xc0 build/cooja/mtype78.a(stimer.o)
                                         0xd8 (size before relaxing)
 .eh_frame      0x0000000000040028      0x120 build/cooja/mtype78.a(ringbufindex.o)
                                        0x138 (size before relaxing)
 .eh_frame      0x0000000000040148       0xa0 build/cooja/mtype78.a(memb.o)
                                         0xb8 (size before relaxing)
 .eh_frame      0x00000000000401e8       0xa0 build/cooja/mtype78.a(ringbuf.o)
                                         0xb8 (size before relaxing)
 .eh_frame      0x0000000000040288      0x2a0 build/cooja/mtype78.a(nbr-table.o)
                                        0x2b8 (size before relaxing)
 .eh_frame      0x0000000000040528      0x120 build/cooja/mtype78.a(link-stats.o)
                                        0x138 (size before relaxing)
 .eh_frame      0x0000000000040648       0x48 build/cooja/mtype78.a(mac-sequence.o)
                                         0x60 (size before relaxing)
 .eh_frame      0x0000000000040690       0x20 build/cooja/mtype78.a(mac.o)
                                         0x38 (size before relaxing)
 .eh_frame      0x00000000000406b0       0xa8 build/cooja/mtype78.a(framer-802154.o)
                                         0xc0 (size before relaxing)
 .eh_frame      0x0000000000040758      0x1a8 build/cooja/mtype78.a(frame802154.o)
                                        0x1c0 (size before relaxing)
 .eh_frame      0x0000000000040900      0x308 build/cooja/mtype78.a(tsch-queue.o)
                                        0x320 (size before relaxing)
 .eh_frame      0x0000000000040c08      0x250 build/cooja/mtype78.a(tsch-schedule.o)
                                        0x268 (size before relaxing)
 .eh_frame      0x0000000000040e58      0x268 build/cooja/mtype78.a(tsch-slot-opera)
                                        0x280 (size before relaxing)
 .eh_frame      0x00000000000410c0      0x128 build/cooja/mtype78.a(tsch-packet.o)
                                        0x140 (size before relaxing)
 .eh_frame      0x00000000000411e8       0xc0 build/cooja/mtype78.a(tsch-security.o)
                                         0xd8 (size before relaxing)
 .eh_frame      0x00000000000412a8       0xc0 build/cooja/mtype78.a(tsch-rpl.o)
                                         0xd8 (size before relaxing)
 .eh_frame      0x0000000000041368       0xe0 build/cooja/mtype78.a(tsch-adaptive-t)
                                         0xf8 (size before relaxing)
 .eh_frame      0x0000000000041448      0x200 build/cooja/mtype78.a(uipbuf.o)
                                        0x218 (size before relaxing)
 .eh_frame      0x0000000000041648      0x148 build/cooja/mtype78.a(uip-icmp6.o)
                                        0x160 (size before relaxing)
 .eh_frame      0x0000000000041790       0xe0 build/cooja/mtype78.a(uip-packetqueue)
                                         0xf8 (size before relaxing)
 .eh_frame      0x0000000000041870       0x40 build/cooja/mtype78.a(uip-udp-packet.)
                                         0x58 (size before relaxing)
 .eh_frame      0x00000000000418b0      0x1c0 build/cooja/mtype78.a(rpl-icmp6.o)
                                        0x1d8 (size before relaxing)
 .eh_frame      0x0000000000041a70      0x2d8 build/cooja/mtype78.a(rpl-neighbor.o)
                                        0x2f0 (size before relaxing)
 .eh_frame      0x0000000000041d48      0x360 build/cooja/mtype78.a(rpl-dag.o)
                                        0x378 (size before relaxing)
 .eh_frame      0x00000000000420a8      0x3a8 build/cooja/mtype78.a(rpl-timers.o)
                                        0x3c0 (size before relaxing)
 .eh_frame      0x0000000000042450      0x128 build/cooja/mtype78.a(rpl-ext-header.)
                                        0x140 (size before relaxing)
 .eh_frame      0x0000000000042578       0x80 build/cooja/mtype78.a(rpl-nbr-policy.)
                                         0x98 (size before relaxing)
 .eh_frame      0x00000000000425f8      0x148 build/cooja/mtype78.a(rpl-mrhof.o)
                                        0x160 (size before relaxing)
 .eh_frame      0x0000000000042740       0xe0 build/cooja/mtype78.a(orchestra-rule-)
                                         0xf8 (size before relaxing)
 .eh_frame      0x0000000000042820       0x40 build/cooja/mtype78.a(orchestra-rule-)
                                         0x58 (size before relaxing)
 .eh_frame      0x0000000000042860       0xc0 build/cooja/mtype78.a(ccm-star.o)
                                         0xd8 (size before relaxing)
 .eh_frame      0x0000000000042920       0x60 build/cooja/mtype78.a(aes-128.o)
                                         0x78 (size before relaxing)
 .eh_frame      0x0000000000042980      0x220 build/cooja/mtype78.a(frame802154e-ie)
                                        0x238 (size before relaxing)
 .eh_frame      0x0000000000042ba0        0x4 /usr/lib/gcc/x86_64-linux-gnu/7/crtendS.o
 *(.eh_frame.*)

.gcc_except_table
 *(.gcc_except_table .gcc_except_table.*)

.gnu_extab
 *(.gnu_extab*)

.exception_ranges
 *(.exception_ranges .exception_ranges*)
                0x0000000000243570                . = DATA_SEGMENT_ALIGN (CONSTANT (MAXPAGESIZE), CONSTANT (COMMONPAGESIZE))

.eh_frame
 *(.eh_frame)
 *(.eh_frame.*)

.gnu_extab
 *(.gnu_extab)

.gcc_except_table
 *(.gcc_except_table .gcc_except_table.*)

.exception_ranges
 *(.exception_ranges .exception_ranges*)

.tdata
 *(.tdata .tdata.* .gnu.linkonce.td.*)

.tbss
 *(.tbss .tbss.* .gnu.linkonce.tb.*)
 *(.tcommon)

.preinit_array
 *(.preinit_array)

.init_array     0x0000000000243570        0x8
 *(SORT_BY_INIT_PRIORITY(.init_array.*) SORT_BY_INIT_PRIORITY(.ctors.*))
 *(.init_array EXCLUDE_FILE(*crtend?.o *crtend.o *crtbegin?.o *crtbegin.o) .ctors)
 .init_array    0x0000000000243570        0x8 /usr/lib/gcc/x86_64-linux-gnu/7/crtbeginS.o

.fini_array     0x0000000000243578        0x8
 *(SORT_BY_INIT_PRIORITY(.fini_array.*) SORT_BY_INIT_PRIORITY(.dtors.*))
 *(.fini_array EXCLUDE_FILE(*crtend?.o *crtend.o *crtbegin?.o *crtbegin.o) .dtors)
 .fini_array    0x0000000000243578        0x8 /usr/lib/gcc/x86_64-linux-gnu/7/crtbeginS.o

.ctors
 *crtbegin.o(.ctors)
 *crtbegin?.o(.ctors)
 *(EXCLUDE_FILE(*crtend?.o *crtend.o) .ctors)
 *(SORT_BY_NAME(.ctors.*))
 *(.ctors)

.dtors
 *crtbegin.o(.dtors)
 *crtbegin?.o(.dtors)
 *(EXCLUDE_FILE(*crtend?.o *crtend.o) .dtors)
 *(SORT_BY_NAME(.dtors.*))
 *(.dtors)

.jcr
 *(.jcr)

.data.rel.ro    0x0000000000243580      0x370
 *(.data.rel.ro.local* .gnu.linkonce.d.rel.ro.local.*)
 .data.rel.ro.local
                0x0000000000243580       0x10 build/cooja/mtype78.a(beep.o)
                0x0000000000243580                beep_interface
 .data.rel.ro.local
                0x0000000000243590       0x10 build/cooja/mtype78.a(leds-arch.o)
                0x0000000000243590                leds_interface
 .data.rel.ro.local
                0x00000000002435a0       0x10 build/cooja/mtype78.a(moteid.o)
                0x00000000002435a0                moteid_interface
 *fill*         0x00000000002435b0       0x10 
 .data.rel.ro.local
                0x00000000002435c0       0x40 build/cooja/mtype78.a(pir-sensor.o)
                0x00000000002435c0                pir_interface
                0x00000000002435e0                pir_sensor
 .data.rel.ro.local
                0x0000000000243600       0x10 build/cooja/mtype78.a(rs232.o)
                0x0000000000243600                rs232_interface
 *fill*         0x0000000000243610       0x10 
 .data.rel.ro.local
                0x0000000000243620       0x40 build/cooja/mtype78.a(vib-sensor.o)
                0x0000000000243620                vib_interface
                0x0000000000243640                vib_sensor
 .data.rel.ro.local
                0x0000000000243660       0x10 build/cooja/mtype78.a(clock.o)
                0x0000000000243660                clock_interface
 .data.rel.ro.local
                0x0000000000243670       0x10 build/cooja/mtype78.a(cooja-log.o)
                0x0000000000243670                simlog_interface
 .data.rel.ro.local
                0x0000000000243680       0x10 build/cooja/mtype78.a(cfs-cooja.o)
                0x0000000000243680                cfs_interface
 *fill*         0x0000000000243690       0x10 
 .data.rel.ro.local
                0x00000000002436a0       0x90 build/cooja/mtype78.a(cooja-radio.o)
                0x00000000002436a0                radio_interface
                0x00000000002436c0                cooja_radio_driver
 .data.rel.ro.local
                0x0000000000243730       0x10 build/cooja/mtype78.a(eeprom.o)
                0x0000000000243730                eeprom_interface
 .data.rel.ro.local
                0x0000000000243740       0x40 build/cooja/mtype78.a(buttons.o)
                0x0000000000243740                button_interface
                0x0000000000243760                button_sensor
 .data.rel.ro.local
                0x0000000000243780       0x38 build/cooja/mtype78.a(tsch.o)
                0x0000000000243780                tschmac_driver
 *fill*         0x00000000002437b8        0x8 
 .data.rel.ro.local
                0x00000000002437c0       0x18 build/cooja/mtype78.a(framer-802154.o)
                0x00000000002437c0                framer_802154
 *fill*         0x00000000002437d8        0x8 
 .data.rel.ro.local
                0x00000000002437e0       0x10 build/cooja/mtype78.a(ccm-star.o)
                0x00000000002437e0                ccm_star_driver
 .data.rel.ro.local
                0x00000000002437f0       0x10 build/cooja/mtype78.a(aes-128.o)
                0x00000000002437f0                aes_128_driver
 *(.data.rel.ro .data.rel.ro.* .gnu.linkonce.d.rel.ro.*)
 .data.rel.ro   0x0000000000243800        0x0 /usr/lib/gcc/x86_64-linux-gnu/7/../../../x86_64-linux-gnu/crti.o
 .data.rel.ro   0x0000000000243800       0x10 node.o
                0x0000000000243800                autostart_processes
 *fill*         0x0000000000243810       0x10 
 .data.rel.ro   0x0000000000243820       0x20 build/cooja/mtype78.a(sicslowpan.o)
                0x0000000000243820                sicslowpan_driver
 .data.rel.ro   0x0000000000243840       0xa8 build/cooja/mtype78.a(rpl.o)
                0x0000000000243840                rpl_lite_driver
 .data.rel.ro   0x00000000002438e8        0x8 build/cooja/mtype78.a(rpl-dag.o)

.dynamic        0x00000000002438f0      0x1c0
 *(.dynamic)
 .dynamic       0x00000000002438f0      0x1c0 /usr/lib/gcc/x86_64-linux-gnu/7/../../../x86_64-linux-gnu/crti.o
                0x00000000002438f0                _DYNAMIC

.got            0x0000000000243ab0      0x540
 *(.got)
 .got           0x0000000000243ab0      0x540 /usr/lib/gcc/x86_64-linux-gnu/7/../../../x86_64-linux-gnu/crti.o
 *(.igot)
                0x0000000000244fe8                . = DATA_SEGMENT_RELRO_END (., (SIZEOF (.got.plt) >= 0x18)?0x18:0x0)

.got.plt        0x0000000000244000      0xdb0
 *(.got.plt)
 .got.plt       0x0000000000244000      0xdb0 /usr/lib/gcc/x86_64-linux-gnu/7/../../../x86_64-linux-gnu/crti.o
                0x0000000000244000                _GLOBAL_OFFSET_TABLE_
 *(.igot.plt)

.data           0x0000000000244dc0      0x958
 *(.data .data.* .gnu.linkonce.d.*)
 .data          0x0000000000244dc0        0x0 /usr/lib/gcc/x86_64-linux-gnu/7/../../../x86_64-linux-gnu/crti.o
 .data          0x0000000000244dc0        0x0 /usr/lib/gcc/x86_64-linux-gnu/7/crtbeginS.o
 .data.rel.local
                0x0000000000244dc0        0x8 /usr/lib/gcc/x86_64-linux-gnu/7/crtbeginS.o
                0x0000000000244dc0                __dso_handle
 .data          0x0000000000244dc8        0x0 node.o
 *fill*         0x0000000000244dc8       0x18 
 .data.rel.local
                0x0000000000244de0       0x20 node.o
                0x0000000000244de0                app_process
 .data          0x0000000000244e00        0x0 build/cooja/mtype78.o
 .data.rel      0x0000000000244e00       0xa0 build/cooja/mtype78.o
                0x0000000000244e00                simInterfaces
                0x0000000000244e80                sensors
 .data          0x0000000000244ea0        0x0 build/cooja/mtype78.a(simEnvChange.o)
 .data          0x0000000000244ea0        0x0 build/cooja/mtype78.a(cooja_mt.o)
 .data          0x0000000000244ea0        0x0 build/cooja/mtype78.a(cooja_mtarch.o)
 .data          0x0000000000244ea0        0x0 build/cooja/mtype78.a(rtimer-arch.o)
 .data          0x0000000000244ea0        0x0 build/cooja/mtype78.a(beep.o)
 .data          0x0000000000244ea0        0x0 build/cooja/mtype78.a(leds-arch.o)
 .data          0x0000000000244ea0        0x0 build/cooja/mtype78.a(moteid.o)
 .data          0x0000000000244ea0        0x0 build/cooja/mtype78.a(pir-sensor.o)
 .data          0x0000000000244ea0        0x0 build/cooja/mtype78.a(rs232.o)
 .data          0x0000000000244ea0        0x0 build/cooja/mtype78.a(vib-sensor.o)
 .data          0x0000000000244ea0        0x0 build/cooja/mtype78.a(clock.o)
 .data          0x0000000000244ea0        0x0 build/cooja/mtype78.a(cooja-log.o)
 .data          0x0000000000244ea0        0x0 build/cooja/mtype78.a(cfs-cooja.o)
 .data          0x0000000000244ea0       0x1c build/cooja/mtype78.a(cooja-radio.o)
                0x0000000000244ea0                simRadioHWOn
                0x0000000000244ea4                simSignalStrength
                0x0000000000244ea8                simLastSignalStrength
                0x0000000000244eac                simPower
                0x0000000000244eb0                simRadioChannel
                0x0000000000244eb4                simLQI
 *fill*         0x0000000000244ebc        0x4 
 .data.rel.local
                0x0000000000244ec0       0x20 build/cooja/mtype78.a(cooja-radio.o)
                0x0000000000244ec0                cooja_radio_process
 .data          0x0000000000244ee0        0x0 build/cooja/mtype78.a(eeprom.o)
 .data          0x0000000000244ee0        0x0 build/cooja/mtype78.a(random.o)
 .data          0x0000000000244ee0        0x0 build/cooja/mtype78.a(sensors.o)
 .data.rel.local
                0x0000000000244ee0       0x20 build/cooja/mtype78.a(sensors.o)
                0x0000000000244ee0                sensors_process
 .data          0x0000000000244f00        0x0 build/cooja/mtype78.a(leds.o)
 .data          0x0000000000244f00        0x0 build/cooja/mtype78.a(gpio-hal-arch.o)
 .data          0x0000000000244f00        0x1 build/cooja/mtype78.a(buttons.o)
                0x0000000000244f00                simButtonIsActive
 *fill*         0x0000000000244f01       0x1f 
 .data.rel.local
                0x0000000000244f20       0xb0 build/cooja/mtype78.a(buttons.o)
                0x0000000000244fc0                button_hal_buttons
 .data          0x0000000000244fd0        0x0 build/cooja/mtype78.a(deployment.o)
 .data          0x0000000000244fd0        0x0 build/cooja/mtype78.a(contiki-main.o)
 .data          0x0000000000244fd0        0x0 build/cooja/mtype78.a(autostart.o)
 .data          0x0000000000244fd0       0x10 build/cooja/mtype78.a(log.o)
                0x0000000000244fd0                curr_log_level_rpl
                0x0000000000244fd4                curr_log_level_ipv6
                0x0000000000244fd8                curr_log_level_mac
                0x0000000000244fdc                curr_log_level_main
 .data.rel      0x0000000000244fe0      0x138 build/cooja/mtype78.a(log.o)
                0x0000000000244fe0                all_modules
 .data          0x0000000000245118        0x0 build/cooja/mtype78.a(energest.o)
 .data          0x0000000000245118        0x0 build/cooja/mtype78.a(etimer.o)
 *fill*         0x0000000000245118        0x8 
 .data.rel.local
                0x0000000000245120       0x20 build/cooja/mtype78.a(etimer.o)
                0x0000000000245120                etimer_process
 .data          0x0000000000245140        0x0 build/cooja/mtype78.a(node-id.o)
 .data          0x0000000000245140        0x0 build/cooja/mtype78.a(ctimer.o)
 .data.rel.local
                0x0000000000245140       0x40 build/cooja/mtype78.a(ctimer.o)
                0x0000000000245160                ctimer_process
 .data          0x0000000000245180        0x0 build/cooja/mtype78.a(process.o)
 .data          0x0000000000245180        0x0 build/cooja/mtype78.a(rtimer.o)
 .data          0x0000000000245180        0x0 build/cooja/mtype78.a(timer.o)
 .data          0x0000000000245180        0x0 build/cooja/mtype78.a(list.o)
 .data          0x0000000000245180        0x0 build/cooja/mtype78.a(button-hal.o)
 .data.rel.local
                0x0000000000245180       0x20 build/cooja/mtype78.a(button-hal.o)
                0x0000000000245180                button_hal_process
 .data          0x00000000002451a0        0x0 build/cooja/mtype78.a(serial-line.o)
 .data.rel.local
                0x00000000002451a0       0x20 build/cooja/mtype78.a(serial-line.o)
                0x00000000002451a0                serial_line_process
 .data          0x00000000002451c0        0x0 build/cooja/mtype78.a(gpio-hal.o)
 .data.rel.local
                0x00000000002451c0        0x8 build/cooja/mtype78.a(gpio-hal.o)
 .data          0x00000000002451c8        0x0 build/cooja/mtype78.a(queuebuf.o)
 *fill*         0x00000000002451c8        0x8 
 .data.rel.local
                0x00000000002451d0       0x38 build/cooja/mtype78.a(queuebuf.o)
 .data          0x0000000000245208        0x0 build/cooja/mtype78.a(packetbuf.o)
 .data.rel.local
                0x0000000000245208        0x8 build/cooja/mtype78.a(packetbuf.o)
 .data          0x0000000000245210        0x0 build/cooja/mtype78.a(netstack.o)
 .data.rel.local
                0x0000000000245210        0x8 build/cooja/mtype78.a(netstack.o)
 .data          0x0000000000245218        0x0 build/cooja/mtype78.a(linkaddr.o)
 .data          0x0000000000245218        0x0 build/cooja/mtype78.a(tsch.o)
 *fill*         0x0000000000245218        0x8 
 .data.rel.local
                0x0000000000245220       0x60 build/cooja/mtype78.a(tsch.o)
                0x0000000000245220                tsch_process
                0x0000000000245240                tsch_send_eb_process
                0x0000000000245260                tsch_pending_events_process
 .data          0x0000000000245280        0x0 build/cooja/mtype78.a(uip-sr.o)
 .data.rel.local
                0x0000000000245280       0x28 build/cooja/mtype78.a(uip-sr.o)
 .data          0x00000000002452a8        0x0 build/cooja/mtype78.a(uip-ds6.o)
 .data          0x00000000002452a8        0x0 build/cooja/mtype78.a(tcpip.o)
 *fill*         0x00000000002452a8       0x18 
 .data.rel.local
                0x00000000002452c0       0x20 build/cooja/mtype78.a(tcpip.o)
                0x00000000002452c0                tcpip_process
 .data          0x00000000002452e0        0x0 build/cooja/mtype78.a(uip-ds6-route.o)
 .data.rel.local
                0x00000000002452e0       0x28 build/cooja/mtype78.a(uip-ds6-route.o)
 .data          0x0000000000245308        0x0 build/cooja/mtype78.a(uip-ds6-nbr.o)
 *fill*         0x0000000000245308        0x8 
 .data.rel.local
                0x0000000000245310       0x20 build/cooja/mtype78.a(uip-ds6-nbr.o)
 .data          0x0000000000245330        0x0 build/cooja/mtype78.a(uip6.o)
 .data          0x0000000000245330        0x0 build/cooja/mtype78.a(uip-nd6.o)
 .data.rel.local
                0x0000000000245330       0x18 build/cooja/mtype78.a(uip-nd6.o)
 .data          0x0000000000245348        0x0 build/cooja/mtype78.a(simple-udp.o)
 *fill*         0x0000000000245348       0x18 
 .data.rel.local
                0x0000000000245360       0x20 build/cooja/mtype78.a(simple-udp.o)
                0x0000000000245360                simple_udp_process
 .data          0x0000000000245380        0x0 build/cooja/mtype78.a(sicslowpan.o)
 .data          0x0000000000245380        0x0 build/cooja/mtype78.a(uiplib.o)
 .data          0x0000000000245380        0x0 build/cooja/mtype78.a(rpl.o)
 .data          0x0000000000245380        0x0 build/cooja/mtype78.a(rpl-dag-root.o)
 .data          0x0000000000245380        0x0 build/cooja/mtype78.a(watchdog.o)
 .data          0x0000000000245380        0x0 build/cooja/mtype78.a(int-master.o)
 .data          0x0000000000245380        0x0 build/cooja/mtype78.a(cooja16.o)
 .data          0x0000000000245380        0x0 build/cooja/mtype78.a(simple-energest)
 .data.rel.local
                0x0000000000245380       0x20 build/cooja/mtype78.a(simple-energest)
                0x0000000000245380                simple_energest_process
 .data          0x00000000002453a0        0x0 build/cooja/mtype78.a(orchestra.o)
 .data.rel.local
                0x00000000002453a0       0x18 build/cooja/mtype78.a(orchestra.o)
 *fill*         0x00000000002453b8        0x8 
 .data.rel      0x00000000002453c0       0x18 build/cooja/mtype78.a(orchestra.o)
                0x00000000002453c0                all_rules
 .data          0x00000000002453d8        0x0 build/cooja/mtype78.a(orchestra-rule-)
 *fill*         0x00000000002453d8        0x8 
 .data.rel.local
                0x00000000002453e0       0x38 build/cooja/mtype78.a(orchestra-rule-)
                0x00000000002453e0                eb_per_time_source
 .data          0x0000000000245418        0x0 build/cooja/mtype78.a(stimer.o)
 .data          0x0000000000245418        0x0 build/cooja/mtype78.a(ringbufindex.o)
 .data          0x0000000000245418        0x0 build/cooja/mtype78.a(memb.o)
 .data          0x0000000000245418        0x0 build/cooja/mtype78.a(ringbuf.o)
 .data          0x0000000000245418        0x0 build/cooja/mtype78.a(nbr-table.o)
 *fill*         0x0000000000245418        0x8 
 .data.rel.local
                0x0000000000245420       0x20 build/cooja/mtype78.a(nbr-table.o)
 .data          0x0000000000245440        0x0 build/cooja/mtype78.a(link-stats.o)
 .data.rel.local
                0x0000000000245440       0x20 build/cooja/mtype78.a(link-stats.o)
 .data          0x0000000000245460        0x0 build/cooja/mtype78.a(mac-sequence.o)
 .data          0x0000000000245460        0x0 build/cooja/mtype78.a(mac.o)
 .data          0x0000000000245460        0x0 build/cooja/mtype78.a(framer-802154.o)
 .data          0x0000000000245460        0x2 build/cooja/mtype78.a(frame802154.o)
 .data          0x0000000000245462        0x0 build/cooja/mtype78.a(tsch-queue.o)
 *fill*         0x0000000000245462        0xe 
 .data.rel.local
                0x0000000000245470       0x40 build/cooja/mtype78.a(tsch-queue.o)
 .data          0x00000000002454b0        0x0 build/cooja/mtype78.a(tsch-timeslot-t)
 .data          0x00000000002454b0        0x0 build/cooja/mtype78.a(tsch-schedule.o)
 .data.rel.local
                0x00000000002454b0       0x40 build/cooja/mtype78.a(tsch-schedule.o)
 .data          0x00000000002454f0        0x4 build/cooja/mtype78.a(tsch-slot-opera)
 .data          0x00000000002454f4        0x0 build/cooja/mtype78.a(tsch-packet.o)
 *fill*         0x00000000002454f4        0xc 
 .data          0x0000000000245500       0x20 build/cooja/mtype78.a(tsch-security.o)
 .data          0x0000000000245520        0x0 build/cooja/mtype78.a(tsch-rpl.o)
 .data          0x0000000000245520        0x0 build/cooja/mtype78.a(tsch-adaptive-t)
 .data          0x0000000000245520        0x0 build/cooja/mtype78.a(uipbuf.o)
 .data          0x0000000000245520        0x0 build/cooja/mtype78.a(uip-icmp6.o)
 .data.rel.local
                0x0000000000245520       0x48 build/cooja/mtype78.a(uip-icmp6.o)
 .data          0x0000000000245568        0x0 build/cooja/mtype78.a(uip-packetqueue)
 *fill*         0x0000000000245568        0x8 
 .data.rel.local
                0x0000000000245570       0x18 build/cooja/mtype78.a(uip-packetqueue)
 .data          0x0000000000245588        0x0 build/cooja/mtype78.a(uip-udp-packet.)
 .data          0x0000000000245588        0x0 build/cooja/mtype78.a(rpl-icmp6.o)
 *fill*         0x0000000000245588        0x8 
 .data.rel.local
                0x0000000000245590       0x78 build/cooja/mtype78.a(rpl-icmp6.o)