Archive member included to satisfy reference by file (symbol)

build/cooja/mtype560.a(simEnvChange.o)
                              build/cooja/mtype560.o (simDontFallAsleep)
build/cooja/mtype560.a(cooja_mt.o)
                              build/cooja/mtype560.o (cooja_mt_start)
build/cooja/mtype560.a(cooja_mtarch.o)
                              build/cooja/mtype560.a(cooja_mt.o) (cooja_mtarch_start)
build/cooja/mtype560.a(rtimer-arch.o)
                              build/cooja/mtype560.o (rtimer_arch_check)
build/cooja/mtype560.a(beep.o)
                              build/cooja/mtype560.o (beep_interface)
build/cooja/mtype560.a(leds-arch.o)
                              build/cooja/mtype560.o (leds_interface)
build/cooja/mtype560.a(moteid.o)
                              build/cooja/mtype560.o (moteid_interface)
build/cooja/mtype560.a(pir-sensor.o)
                              build/cooja/mtype560.o (pir_interface)
build/cooja/mtype560.a(rs232.o)
                              build/cooja/mtype560.o (rs232_interface)
build/cooja/mtype560.a(vib-sensor.o)
                              build/cooja/mtype560.o (vib_interface)
build/cooja/mtype560.a(clock.o)
                              build/cooja/mtype560.o (clock_interface)
build/cooja/mtype560.a(cooja-log.o)
                              build/cooja/mtype560.o (simlog_interface)
build/cooja/mtype560.a(cfs-cooja.o)
                              build/cooja/mtype560.o (cfs_interface)
build/cooja/mtype560.a(cooja-radio.o)
                              build/cooja/mtype560.o (radio_interface)
build/cooja/mtype560.a(eeprom.o)
                              build/cooja/mtype560.o (eeprom_interface)
build/cooja/mtype560.a(random.o)
                              build/cooja/mtype560.a(moteid.o) (random_init)
build/cooja/mtype560.a(sensors.o)
                              build/cooja/mtype560.a(pir-sensor.o) (sensors_changed)
build/cooja/mtype560.a(leds.o)
                              build/cooja/mtype560.a(leds-arch.o) (leds_get)
build/cooja/mtype560.a(gpio-hal-arch.o)
                              build/cooja/mtype560.a(leds-arch.o) (gpio_hal_arch_register_pin_callback)
build/cooja/mtype560.a(buttons.o)
                              build/cooja/mtype560.o (button_interface)
build/cooja/mtype560.a(deployment.o)
                              node.o (deployment_node_count)
build/cooja/mtype560.a(contiki-main.o)
                              build/cooja/mtype560.o (main)
build/cooja/mtype560.a(autostart.o)
                              build/cooja/mtype560.a(contiki-main.o) (autostart_start)
build/cooja/mtype560.a(log.o)
                              build/cooja/mtype560.a(contiki-main.o) (curr_log_level_main)
build/cooja/mtype560.a(energest.o)
                              build/cooja/mtype560.a(cooja-radio.o) (energest_total_time)
build/cooja/mtype560.a(etimer.o)
                              build/cooja/mtype560.a(contiki-main.o) (etimer_process)
build/cooja/mtype560.a(node-id.o)
                              node.o (node_id)
build/cooja/mtype560.a(ctimer.o)
                              build/cooja/mtype560.a(contiki-main.o) (ctimer_init)
build/cooja/mtype560.a(process.o)
                              build/cooja/mtype560.a(etimer.o) (process_current)
build/cooja/mtype560.a(rtimer.o)
                              build/cooja/mtype560.a(contiki-main.o) (rtimer_init)
build/cooja/mtype560.a(timer.o)
                              build/cooja/mtype560.a(etimer.o) (timer_set)
build/cooja/mtype560.a(list.o)
                              build/cooja/mtype560.a(ctimer.o) (list_init)
build/cooja/mtype560.a(button-hal.o)
                              build/cooja/mtype560.o (button_hal_init)
build/cooja/mtype560.a(serial-line.o)
                              build/cooja/mtype560.a(rs232.o) (serial_line_input_byte)
build/cooja/mtype560.a(gpio-hal.o)
                              build/cooja/mtype560.a(button-hal.o) (gpio_hal_register_handler)
build/cooja/mtype560.a(queuebuf.o)
                              build/cooja/mtype560.a(contiki-main.o) (queuebuf_init)
build/cooja/mtype560.a(packetbuf.o)
                              build/cooja/mtype560.a(cooja-radio.o) (packetbuf_clear)
build/cooja/mtype560.a(netstack.o)
                              build/cooja/mtype560.a(contiki-main.o) (netstack_init)
build/cooja/mtype560.a(linkaddr.o)
                              build/cooja/mtype560.a(deployment.o) (linkaddr_node_addr)
build/cooja/mtype560.a(tsch.o)
                              build/cooja/mtype560.a(cooja-radio.o) (tschmac_driver)
build/cooja/mtype560.a(uip-sr.o)
                              node.o (uip_sr_num_nodes)
build/cooja/mtype560.a(uip-ds6.o)
                              build/cooja/mtype560.a(deployment.o) (uip_ds6_set_addr_iid)
build/cooja/mtype560.a(tcpip.o)
                              build/cooja/mtype560.a(contiki-main.o) (tcpip_process)
build/cooja/mtype560.a(uip-ds6-route.o)
[...]
Memory Configuration

Name             Origin             Length             Attributes
*default*        0x0000000000000000 0xffffffffffffffff

Linker script and memory map

LOAD /usr/lib/gcc/x86_64-linux-gnu/7/../../../x86_64-linux-gnu/crti.o
LOAD /usr/lib/gcc/x86_64-linux-gnu/7/crtbeginS.o
LOAD node.o
LOAD build/cooja/mtype560.o
LOAD build/cooja/mtype560.a
LOAD /usr/lib/gcc/x86_64-linux-gnu/7/libgcc.a
LOAD /usr/lib/gcc/x86_64-linux-gnu/7/libgcc_s.so
START GROUP
LOAD /usr/lib/gcc/x86_64-linux-gnu/7/libgcc_s.so.1
LOAD /usr/lib/gcc/x86_64-linux-gnu/7/libgcc.a
END GROUP
LOAD /usr/lib/gcc/x86_64-linux-gnu/7/../../../x86_64-linux-gnu/libc.so
START GROUP
LOAD /lib/x86_64-linux-gnu/libc.so.6
LOAD /usr/lib/x86_64-linux-gnu/libc_nonshared.a
LOAD /lib/x86_64-linux-gnu/ld-linux-x86-64.so.2
END GROUP
LOAD /usr/lib/gcc/x86_64-linux-gnu/7/libgcc.a
LOAD /usr/lib/gcc/x86_64-linux-gnu/7/libgcc_s.so
START GROUP
LOAD /usr/lib/gcc/x86_64-linux-gnu/7/libgcc_s.so.1
LOAD /usr/lib/gcc/x86_64-linux-gnu/7/libgcc.a
END GROUP
LOAD /usr/lib/gcc/x86_64-linux-gnu/7/crtendS.o
LOAD /usr/lib/gcc/x86_64-linux-gnu/7/../../../x86_64-linux-gnu/crtn.o
                0x00000000000001c8                . = (SEGMENT_START ("text-segment", 0x0) + SIZEOF_HEADERS)

.note.gnu.build-id
                0x00000000000001c8       0x24
 *(.note.gnu.build-id)
 .note.gnu.build-id
                0x00000000000001c8       0x24 /usr/lib/gcc/x86_64-linux-gnu/7/../../../x86_64-linux-gnu/crti.o

.hash
 *(.hash)

.gnu.hash       0x00000000000001f0     0x1874
 *(.gnu.hash)
 .gnu.hash      0x00000000000001f0     0x1874 /usr/lib/gcc/x86_64-linux-gnu/7/../../../x86_64-linux-gnu/crti.o

.dynsym         0x0000000000001a68     0x4b18
 *(.dynsym)
 .dynsym        0x0000000000001a68     0x4b18 /usr/lib/gcc/x86_64-linux-gnu/7/../../../x86_64-linux-gnu/crti.o

.dynstr         0x0000000000006580     0x3c79
 *(.dynstr)
 .dynstr        0x0000000000006580     0x3c79 /usr/lib/gcc/x86_64-linux-gnu/7/../../../x86_64-linux-gnu/crti.o

.gnu.version    0x000000000000a1fa      0x642
 *(.gnu.version)
 .gnu.version   0x000000000000a1fa      0x642 /usr/lib/gcc/x86_64-linux-gnu/7/../../../x86_64-linux-gnu/crti.o

.gnu.version_d  0x000000000000a840        0x0
 *(.gnu.version_d)
 .gnu.version_d
                0x000000000000a840        0x0 /usr/lib/gcc/x86_64-linux-gnu/7/../../../x86_64-linux-gnu/crti.o

.gnu.version_r  0x000000000000a840       0x40
 *(.gnu.version_r)
 .gnu.version_r
                0x000000000000a840       0x40 /usr/lib/gcc/x86_64-linux-gnu/7/../../../x86_64-linux-gnu/crti.o

.rela.dyn       0x000000000000a880     0x2580
 *(.rela.init)
 *(.rela.text .rela.text.* .rela.gnu.linkonce.t.*)
 .rela.text     0x000000000000a880        0x0 /usr/lib/gcc/x86_64-linux-gnu/7/../../../x86_64-linux-gnu/crti.o
 *(.rela.fini)
 *(.rela.rodata .rela.rodata.* .rela.gnu.linkonce.r.*)
 *(.rela.data .rela.data.* .rela.gnu.linkonce.d.*)
 .rela.data.rel.local
                0x000000000000a880      0x8e8 /usr/lib/gcc/x86_64-linux-gnu/7/../../../x86_64-linux-gnu/crti.o
 .rela.data.rel.ro
                0x000000000000b168      0x288 /usr/lib/gcc/x86_64-linux-gnu/7/../../../x86_64-linux-gnu/crti.o
 .rela.data.rel
                0x000000000000b3f0      0x3f0 /usr/lib/gcc/x86_64-linux-gnu/7/../../../x86_64-linux-gnu/crti.o
 .rela.data.rel.ro.local
                0x000000000000b7e0      0x600 /usr/lib/gcc/x86_64-linux-gnu/7/../../../x86_64-linux-gnu/crti.o
 *(.rela.tdata .rela.tdata.* .rela.gnu.linkonce.td.*)
 *(.rela.tbss .rela.tbss.* .rela.gnu.linkonce.tb.*)
 *(.rela.ctors)
 *(.rela.dtors)
 *(.rela.got)
 .rela.got      0x000000000000bde0      0xff0 /usr/lib/gcc/x86_64-linux-gnu/7/../../../x86_64-linux-gnu/crti.o
 *(.rela.bss .rela.bss.* .rela.gnu.linkonce.b.*)
 *(.rela.ldata .rela.ldata.* .rela.gnu.linkonce.l.*)
 *(.rela.lbss .rela.lbss.* .rela.gnu.linkonce.lb.*)
 *(.rela.lrodata .rela.lrodata.* .rela.gnu.linkonce.lr.*)
 *(.rela.ifunc)
 .rela.ifunc    0x000000000000cdd0        0x0 /usr/lib/gcc/x86_64-linux-gnu/7/../../../x86_64-linux-gnu/crti.o
 .rela.fini_array
                0x000000000000cdd0       0x18 /usr/lib/gcc/x86_64-linux-gnu/7/../../../x86_64-linux-gnu/crti.o
 .rela.init_array
                0x000000000000cde8       0x18 /usr/lib/gcc/x86_64-linux-gnu/7/../../../x86_64-linux-gnu/crti.o

.rela.plt       0x000000000000ce00     0x28c8
 *(.rela.plt)
 .rela.plt      0x000000000000ce00     0x28c8 /usr/lib/gcc/x86_64-linux-gnu/7/../../../x86_64-linux-gnu/crti.o
 *(.rela.iplt)

.init           0x000000000000f6c8       0x17
 *(SORT_NONE(.init))
 .init          0x000000000000f6c8       0x12 /usr/lib/gcc/x86_64-linux-gnu/7/../../../x86_64-linux-gnu/crti.o
                0x000000000000f6c8                _init
 .init          0x000000000000f6da        0x5 /usr/lib/gcc/x86_64-linux-gnu/7/../../../x86_64-linux-gnu/crtn.o

.plt            0x000000000000f6e0     0x1b40
 *(.plt)
 .plt           0x000000000000f6e0     0x1b40 /usr/lib/gcc/x86_64-linux-gnu/7/../../../x86_64-linux-gnu/crti.o
 *(.iplt)

.plt.got        0x0000000000011220       0x18
 *(.plt.got)
 .plt.got       0x0000000000011220       0x18 /usr/lib/gcc/x86_64-linux-gnu/7/../../../x86_64-linux-gnu/crti.o

.plt.sec
 *(.plt.sec)

.text           0x0000000000011240    0x25e97
 *(.text.unlikely .text.*_unlikely .text.unlikely.*)
 *(.text.exit .text.exit.*)
 *(.text.startup .text.startup.*)
 *(.text.hot .text.hot.*)
 *(.text .stub .text.* .gnu.linkonce.t.*)
 .text          0x0000000000011240        0x0 /usr/lib/gcc/x86_64-linux-gnu/7/../../../x86_64-linux-gnu/crti.o
 .text          0x0000000000011240       0xda /usr/lib/gcc/x86_64-linux-gnu/7/crtbeginS.o
 .text          0x000000000001131a      0x4a1 node.o
 .text          0x00000000000117bb      0x354 build/cooja/mtype560.o
                0x0000000000011867                platform_init_stage_one
                0x0000000000011878                platform_init_stage_two
                0x0000000000011889                platform_init_stage_three
                0x000000000001189a                platform_main_loop
                0x0000000000011930                Java_org_contikios_cooja_corecomm_Lib1_init
                0x0000000000011973                Java_org_contikios_cooja_corecomm_Lib1_getMemory
                0x00000000000119cb                Java_org_contikios_cooja_corecomm_Lib1_setMemory
                0x0000000000011a58                Java_org_contikios_cooja_corecomm_Lib1_tick
                0x0000000000011ae1                Java_org_contikios_cooja_corecomm_Lib1_setReferenceAddress
 .text          0x0000000000011b0f       0x89 build/cooja/mtype560.a(simEnvChange.o)
                0x0000000000011b0f                doActionsBeforeTick
                0x0000000000011b53                doActionsAfterTick
 .text          0x0000000000011b98       0x9f build/cooja/mtype560.a(cooja_mt.o)
                0x0000000000011b98                cooja_mt_start
                0x0000000000011bd4                cooja_mt_exec
                0x0000000000011c13                cooja_mt_yield
 .text          0x0000000000011c37       0xfe build/cooja/mtype560.a(cooja_mtarch.o)
                0x0000000000011c37                cooja_mtarch_start
                0x0000000000011cd6                cooja_sw
                0x0000000000011cff                cooja_mtarch_exec
                0x0000000000011d29                cooja_mtarch_yield
 .text          0x0000000000011d35       0xb4 build/cooja/mtype560.a(rtimer-arch.o)
                0x0000000000011d35                rtimer_arch_init
                0x0000000000011d57                rtimer_arch_schedule
                0x0000000000011d7d                rtimer_arch_next
                0x0000000000011d8d                rtimer_arch_pending
                0x0000000000011d9c                rtimer_arch_check
                0x0000000000011dd9                rtimer_arch_now
 .text          0x0000000000011de9       0xba build/cooja/mtype560.a(beep.o)
                0x0000000000011de9                beep_alarm
                0x0000000000011e00                beep_beep
                0x0000000000011e14                beep
                0x0000000000011e25                beep_down
                0x0000000000011e39                beep_on
                0x0000000000011e4a                beep_off
                0x0000000000011e5b                beep_spinup
                0x0000000000011e6c                beep_quick
                0x0000000000011e80                beep_long
 .text          0x0000000000011ea3       0x69 build/cooja/mtype560.a(leds-arch.o)
                0x0000000000011eba                leds_arch_init
 .text          0x0000000000011f0c       0x39 build/cooja/mtype560.a(moteid.o)
 .text          0x0000000000011f45       0xe5 build/cooja/mtype560.a(pir-sensor.o)
 .text          0x000000000001202a      0x175 build/cooja/mtype560.a(rs232.o)
                0x000000000001202a                rs232_init
                0x0000000000012031                rs232_set_speed
                0x000000000001203d                rs232_set_input
                0x0000000000012053                rs232_send
                0x000000000001207a                rs232_print
                0x00000000000120a1                slip_arch_writeb
 .text          0x000000000001219f       0xe5 build/cooja/mtype560.a(vib-sensor.o)
 .text          0x0000000000012284       0x57 build/cooja/mtype560.a(clock.o)
                0x0000000000012284                clock_init
                0x000000000001228b                clock_time
                0x000000000001229b                clock_seconds
                0x00000000000122c3                clock_delay
 .text          0x00000000000122db      0x30e build/cooja/mtype560.a(cooja-log.o)
                0x00000000000122db                simlog_char
                0x0000000000012334                simlog
                0x00000000000123d3                log_message
                0x000000000001240c                log_set_putchar_with_slip
                0x000000000001241f                log_putchar
                0x000000000001249f                log_puts
                0x00000000000124c8                log_printf
 .text          0x00000000000125e9      0x373 build/cooja/mtype560.a(cfs-cooja.o)
                0x00000000000125e9                cfs_open
                0x0000000000012662                cfs_close
                0x0000000000012673                cfs_read
                0x0000000000012737                cfs_write
                0x0000000000012846                cfs_seek
                0x00000000000128f1                cfs_remove
                0x000000000001291d                cfs_opendir
                0x0000000000012930                cfs_readdir
                0x0000000000012943                cfs_closedir
 .text          0x000000000001295c      0x8a7 build/cooja/mtype560.a(cooja-radio.o)
                0x0000000000012af8                radio_set_channel
                0x0000000000012b0e                radio_set_txpower
                0x0000000000012b27                radio_signal_strength_last
                0x0000000000012b36                radio_signal_strength_current
                0x0000000000012b45                radio_LQI
 .text          0x0000000000013203      0x125 build/cooja/mtype560.a(eeprom.o)
                0x0000000000013203                eeprom_init
                0x000000000001320a                eeprom_read
                0x0000000000013292                eeprom_write
 .text          0x0000000000013328       0x27 build/cooja/mtype560.a(random.o)
                0x0000000000013328                random_init
                0x0000000000013344                random_rand
 .text          0x000000000001334f      0x33f build/cooja/mtype560.a(sensors.o)
                0x0000000000013394                sensors_first
                0x00000000000133a4                sensors_next
                0x00000000000133cf                sensors_changed
                0x0000000000013418                sensors_find
 .text          0x000000000001368e      0x386 build/cooja/mtype560.a(leds.o)
                0x000000000001368e                leds_init
                0x00000000000136d5                leds_single_on
                0x000000000001373e                leds_single_off
                0x00000000000137a7                leds_single_toggle
                0x00000000000137db                leds_on
                0x0000000000013867                leds_off
                0x00000000000138f3                leds_toggle
                0x000000000001394a                leds_set
                0x000000000001396f                leds_get
 .text          0x0000000000013a14      0x3ce build/cooja/mtype560.a(gpio-hal-arch.o)
                0x0000000000013a14                gpio_hal_arch_register_pin_callback
                0x0000000000013ab4                gpio_hal_arch_init
                0x0000000000013afd                gpio_hal_arch_no_port_interrupt_enable
                0x0000000000013b46                gpio_hal_arch_no_port_interrupt_disable
                0x0000000000013b8f                gpio_hal_arch_no_port_pin_cfg_set
                0x0000000000013bc1                gpio_hal_arch_no_port_pin_cfg_get
                0x0000000000013bf1                gpio_hal_arch_no_port_pin_set_input
                0x0000000000013c00                gpio_hal_arch_no_port_pin_set_output
                0x0000000000013c0f                gpio_hal_arch_no_port_set_pin
                0x0000000000013c2f                gpio_hal_arch_no_port_clear_pin
                0x0000000000013c4f                gpio_hal_arch_no_port_read_pin
                0x0000000000013c79                gpio_hal_arch_no_port_write_pin
                0x0000000000013c9f                gpio_hal_arch_no_port_set_pins
                0x0000000000013ce9                gpio_hal_arch_no_port_clear_pins
                0x0000000000013d33                gpio_hal_arch_no_port_read_pins
                0x0000000000013d7e                gpio_hal_arch_no_port_write_pins
 .text          0x0000000000013de2       0x94 build/cooja/mtype560.a(buttons.o)
 .text          0x0000000000013e76      0x22b build/cooja/mtype560.a(deployment.o)
                0x0000000000013e76                deployment_init
                0x0000000000013ed3                deployment_node_count
                0x0000000000013edf                deployment_id_from_lladdr
                0x0000000000013f40                deployment_lladdr_from_id
                0x0000000000013fa9                deployment_id_from_iid
                0x0000000000013ff9                deployment_iid_from_id
                0x0000000000014056                deployment_id_from_index
 .text          0x00000000000140a1      0x3ad build/cooja/mtype560.a(contiki-main.o)
                0x00000000000140a1                main
 .text          0x000000000001444e       0xb3 build/cooja/mtype560.a(autostart.o)
                0x000000000001444e                autostart_start
                0x00000000000144aa                autostart_exit
 .text          0x0000000000014501      0x4dd build/cooja/mtype560.a(log.o)
                0x0000000000014501                log_6addr
                0x0000000000014560                log_6addr_compact_snprint
                0x0000000000014625                log_6addr_compact
                0x0000000000014684                log_lladdr
                0x0000000000014701                log_lladdr_compact
                0x0000000000014766                log_bytes
                0x00000000000147be                log_set_level
                0x00000000000148c4                log_get_level
                0x0000000000014977                log_level_to_str
 .text          0x00000000000149de      0x189 build/cooja/mtype560.a(energest.o)
                0x0000000000014a39                energest_init
                0x0000000000014aa8                energest_flush
                0x0000000000014b38                energest_get_total_time
 .text          0x0000000000014b67      0x540 build/cooja/mtype560.a(etimer.o)
                0x0000000000014e07                etimer_request_poll
                0x0000000000014eb1                etimer_set
                0x0000000000014ee3                etimer_reset_with_new_interval
                0x0000000000014f1a                etimer_reset
                0x0000000000014f41                etimer_restart
                0x0000000000014f68                etimer_adjust
                0x0000000000014f95                etimer_expired
                0x0000000000014fb0                etimer_expiration_time
                0x0000000000014fcc                etimer_start_time
                0x0000000000014fdd                etimer_pending
                0x0000000000014ff3                etimer_next_expiration_time
                0x0000000000015010                etimer_stop
 .text          0x00000000000150a7        0xc build/cooja/mtype560.a(node-id.o)
                0x00000000000150a7                node_id_init
 .text          0x00000000000150b3      0x421 build/cooja/mtype560.a(ctimer.o)
                0x0000000000015211                ctimer_init
                0x0000000000015242                ctimer_set
                0x0000000000015282                ctimer_set_with_process
                0x0000000000015338                ctimer_reset
                0x00000000000153a5                ctimer_restart
                0x0000000000015412                ctimer_stop
                0x000000000001546c                ctimer_expired
 .text          0x00000000000154d4      0x641 build/cooja/mtype560.a(process.o)
                0x00000000000154d4                process_alloc_event
                0x00000000000154ea                process_start
                0x000000000001574f                process_exit
                0x0000000000015777                process_init
                0x0000000000015967                process_run
                0x0000000000015998                process_nevents
                0x00000000000159b4                process_post
                0x0000000000015a78                process_post_synch
                0x0000000000015ac2                process_poll
                0x0000000000015afb                process_is_running
 .text          0x0000000000015b15       0xf6 build/cooja/mtype560.a(rtimer.o)
                0x0000000000015b15                rtimer_init
                0x0000000000015b21                rtimer_set
                0x0000000000015b9e                rtimer_run_next
 .text          0x0000000000015c0b       0xf3 build/cooja/mtype560.a(timer.o)
                0x0000000000015c0b                timer_set
                0x0000000000015c39                timer_reset
                0x0000000000015c71                timer_restart
                0x0000000000015c8f                timer_expired
                0x0000000000015ccc                timer_remaining
 .text          0x0000000000015cfe      0x367 build/cooja/mtype560.a(list.o)
                0x0000000000015cfe                list_init
                0x0000000000015d14                list_head
                0x0000000000015d25                list_copy
                0x0000000000015d42                list_tail
                0x0000000000015d87                list_add
                0x0000000000015de7                list_push
                0x0000000000015e26                list_chop
                0x0000000000015eaf                list_pop
                0x0000000000015ee5                list_remove
                0x0000000000015f6d                list_length
                0x0000000000015fa4                list_insert
                0x0000000000016003                list_item_next
                0x0000000000016022                list_contains
 .text          0x0000000000016065      0x54c build/cooja/mtype560.a(button-hal.o)
                0x000000000001621a                button_hal_get_by_id
                0x0000000000016264                button_hal_get_by_index
                0x0000000000016297                button_hal_get_state
                0x00000000000162f6                button_hal_init
 .text          0x00000000000165b1      0x217 build/cooja/mtype560.a(serial-line.o)
                0x00000000000165b1                serial_line_input_byte
                0x0000000000016795                serial_line_init
 .text          0x00000000000167c8      0x164 build/cooja/mtype560.a(gpio-hal.o)
                0x00000000000167c8                gpio_hal_register_handler
                0x00000000000167ed                gpio_hal_event_handler
                0x0000000000016853                gpio_hal_init
                0x000000000001686e                gpio_hal_arch_port_toggle_pin
                0x00000000000168a1                gpio_hal_arch_port_toggle_pins
                0x00000000000168ce                gpio_hal_arch_no_port_toggle_pin
                0x0000000000016904                gpio_hal_arch_no_port_toggle_pins
 .text          0x000000000001692c      0x330 build/cooja/mtype560.a(queuebuf.o)
                0x000000000001693d                queuebuf_init
                0x000000000001695c                queuebuf_numfree
                0x000000000001696e                queuebuf_new_from_packetbuf
                0x0000000000016a17                queuebuf_update_attr_from_packetbuf
                0x0000000000016a56                queuebuf_update_from_packetbuf
                0x0000000000016aae                queuebuf_free
                0x0000000000016afd                queuebuf_to_packetbuf
                0x0000000000016b6f                queuebuf_dataptr
                0x0000000000016baf                queuebuf_datalen
                0x0000000000016bdb                queuebuf_addr
                0x0000000000016c1e                queuebuf_attr
                0x0000000000016c55                queuebuf_debug_print
 .text          0x0000000000016c5c      0x458 build/cooja/mtype560.a(packetbuf.o)
                0x0000000000016c5c                packetbuf_clear
                0x0000000000016c86                packetbuf_copyfrom
                0x0000000000016cdc                packetbuf_copyto
                0x0000000000016d7f                packetbuf_hdralloc
                0x0000000000016e0a                packetbuf_hdrreduce
                0x0000000000016e56                packetbuf_set_datalen
                0x0000000000016e6e                packetbuf_dataptr
                0x0000000000016e90                packetbuf_hdrptr
                0x0000000000016e9d                packetbuf_datalen
                0x0000000000016eaa                packetbuf_hdrlen
                0x0000000000016ec2                packetbuf_totlen
                0x0000000000016ee1                packetbuf_remaininglen
                0x0000000000016ef5                packetbuf_attr_clear
                0x0000000000016f55                packetbuf_attr_copyto
                0x0000000000016f9c                packetbuf_attr_copyfrom
                0x0000000000016fe3                packetbuf_set_attr
                0x000000000001700f                packetbuf_attr
                0x000000000001702c                packetbuf_set_addr
                0x000000000001706e                packetbuf_addr
                0x0000000000017094                packetbuf_holds_broadcast
 .text          0x00000000000170b4      0x11b build/cooja/mtype560.a(netstack.o)
                0x00000000000170b4                netstack_process_ip_callback
                0x0000000000017151                netstack_ip_packet_processor_add
                0x000000000001717d                uip_ds6_ip_packet_processor_rm
                0x00000000000171a2                netstack_init
 .text          0x00000000000171cf       0x74 build/cooja/mtype560.a(linkaddr.o)
                0x00000000000171cf                linkaddr_copy
                0x00000000000171ec                linkaddr_cmp
                0x000000000001721e                linkaddr_set_node_addr
 .text          0x0000000000017243     0x29c5 build/cooja/mtype560.a(tsch.o)
                0x0000000000017243                tsch_set_coordinator
                0x0000000000017282                tsch_set_pan_secured
                0x0000000000017299                tsch_set_join_priority
                0x00000000000172b2                tsch_set_ka_timeout
                0x00000000000172d4                tsch_set_eb_period
                0x0000000000017835                tsch_schedule_keepalive
                0x0000000000018097                tsch_disassociate
                0x0000000000018827                tsch_scan
 .text          0x0000000000019c08      0x9a2 build/cooja/mtype560.a(uip-sr.o)
                0x0000000000019c08                uip_sr_num_nodes
                0x0000000000019cab                uip_sr_get_node
                0x0000000000019d0f                uip_sr_is_addr_reachable
                0x0000000000019dd3                uip_sr_expire_parent
                0x0000000000019e32                uip_sr_update_node
                0x000000000001a10f                uip_sr_init
                0x000000000001a13b                uip_sr_node_head
                0x000000000001a150                uip_sr_node_next
                0x000000000001a16a                uip_sr_periodic
                0x000000000001a330                uip_sr_free_all
                0x000000000001a3a7                uip_sr_link_snprint
 .text          0x000000000001a5aa     0x10dd build/cooja/mtype560.a(uip-ds6.o)
                0x000000000001a5aa                uip_ds6_default_prefix
                0x000000000001a5b7                uip_ds6_set_default_prefix
                0x000000000001a5db                uip_ds6_init
                0x000000000001aa3e                uip_ds6_periodic
                0x000000000001aadc                uip_ds6_list_loop
                0x000000000001abc1                uip_ds6_prefix_add
                0x000000000001ad63                uip_ds6_prefix_rm
                0x000000000001ad7d                uip_ds6_prefix_lookup
                0x000000000001add0                uip_ds6_is_addr_onlink
                0x000000000001ae60                uip_ds6_addr_add
                0x000000000001afa1                uip_ds6_addr_rm
                0x000000000001b055                uip_ds6_addr_lookup
                0x000000000001b0a3                uip_ds6_get_link_local
                0x000000000001b144                uip_ds6_get_global
                0x000000000001b1e5                uip_ds6_maddr_add
                0x000000000001b25a                uip_ds6_maddr_rm
                0x000000000001b274                uip_ds6_maddr_lookup
                0x000000000001b2c5                uip_ds6_aaddr_add
                0x000000000001b33a                uip_ds6_aaddr_rm
                0x000000000001b354                uip_ds6_aaddr_lookup
                0x000000000001b3a5                uip_ds6_select_src
                0x000000000001b52b                uip_ds6_set_addr_iid
                0x000000000001b560                uip_ds6_set_lladdr_from_iid
                0x000000000001b593                get_match_length
                0x000000000001b63d                uip_ds6_compute_reachable_time
 .text          0x000000000001b687      0x830 build/cooja/mtype560.a(tcpip.o)
                0x000000000001b6b3                tcpip_output
                0x000000000001b73f                udp_attach
                0x000000000001b769                udp_new
                0x000000000001b7c0                udp_broadcast_new
                0x000000000001b95d                tcpip_input
                0x000000000001bb20                tcpip_ipv6_output
                0x000000000001bd76                tcpip_poll_udp
                0x000000000001bda0                tcpip_uipcall
 .text          0x000000000001beb7      0x6dd build/cooja/mtype560.a(uip-ds6-route.o)
                0x000000000001bf0c                uip_ds6_route_init
                0x000000000001bf2e                uip_ds6_route_nexthop
                0x000000000001bf3d                uip_ds6_route_head
                0x000000000001bf48                uip_ds6_route_next
                0x000000000001bf57                uip_ds6_route_is_nexthop
                0x000000000001bf66                uip_ds6_route_num_routes
                0x000000000001bf71                uip_ds6_route_lookup
                0x000000000001bf80                uip_ds6_route_add
                0x000000000001bf98                uip_ds6_route_rm
                0x000000000001bfa3                uip_ds6_route_rm_by_nexthop
                0x000000000001bfae                uip_ds6_defrt_head
                0x000000000001bfc3                uip_ds6_defrt_add
                0x000000000001c1ae                uip_ds6_defrt_rm
                0x000000000001c262                uip_ds6_defrt_lookup
                0x000000000001c2d5                uip_ds6_defrt_choose
                0x000000000001c4d7                uip_ds6_defrt_periodic
 .text          0x000000000001c594      0x6a9 build/cooja/mtype560.a(uip-ds6-nbr.o)
                0x000000000001c594                uip_ds6_neighbors_init
                0x000000000001c5b9                uip_ds6_nbr_add
                0x000000000001c7cd                uip_ds6_nbr_rm
                0x000000000001c826                uip_ds6_nbr_update_ll
                0x000000000001ca78                uip_ds6_nbr_get_ipaddr
                0x000000000001ca94                uip_ds6_nbr_get_ll
                0x000000000001cab8                uip_ds6_nbr_num
                0x000000000001cb06                uip_ds6_nbr_head
                0x000000000001cb1b                uip_ds6_nbr_next
                0x000000000001cb3f                uip_ds6_nbr_lookup
                0x000000000001cba4                uip_ds6_nbr_ll_lookup
                0x000000000001cbc8                uip_ds6_nbr_ipaddr_from_lladdr
                0x000000000001cbf8                uip_ds6_nbr_lladdr_from_ipaddr
                0x000000000001cc30                uip_ds6_link_callback
 .text          0x000000000001cc3d     0x1ee1 build/cooja/mtype560.a(uip6.o)
                0x000000000001ccfd                uip_chksum
                0x000000000001cddf                uip_icmp6chksum
                0x000000000001cdef                uip_udpchksum
                0x000000000001cdff                uip_init
                0x000000000001ce61                uip_remove_ext_hdr
                0x000000000001cf9b                uip_udp_new
                0x000000000001d3a9                uip_process
                0x000000000001e9ad                uip_htons
                0x000000000001e9cc                uip_htonl
                0x000000000001ea10                uip_send
 .text          0x000000000001eb1e      0xbea build/cooja/mtype560.a(uip-nd6.o)
                0x000000000001f6f5                uip_nd6_init
 .text          0x000000000001f708      0x46d build/cooja/mtype560.a(simple-udp.o)
                0x000000000001f735                simple_udp_send
                0x000000000001f7a3                simple_udp_sendto
                0x000000000001f811                simple_udp_sendto_port
                0x000000000001f87d                simple_udp_register
 .text          0x000000000001fb75     0x33af build/cooja/mtype560.a(sicslowpan.o)
                0x000000000002033e                netstack_sniffer_add
                0x0000000000020354                netstack_sniffer_remove
                0x0000000000022ef5                sicslowpan_init
                0x0000000000022f18                sicslowpan_get_last_rssi
 .text          0x0000000000022f24      0x590 build/cooja/mtype560.a(uiplib.o)
                0x0000000000022f24                uiplib_ip6addrconv
                0x0000000000023106                uiplib_ip4addrconv
                0x00000000000231d4                uiplib_ipaddr_print
                0x0000000000023233                uiplib_ipaddr_snprint
 .text          0x00000000000234b4      0x831 build/cooja/mtype560.a(rpl.o)
                0x00000000000234b4                rpl_lollipop_greater_than
                0x0000000000023514                rpl_get_global_address
                0x00000000000236b0                rpl_link_callback
                0x00000000000237ac                rpl_has_joined
                0x00000000000237db                rpl_is_reachable
                0x0000000000023879                rpl_reset_prefix
                0x0000000000023967                rpl_set_prefix_from_addr
                0x0000000000023b2e                rpl_set_prefix
                0x0000000000023cc2                rpl_set_leaf_only
                0x0000000000023cd8                rpl_get_leaf_only
 .text          0x0000000000023ce5      0x5dd build/cooja/mtype560.a(rpl-dag-root.o)
                0x0000000000023ce5                rpl_dag_root_print_links
                0x000000000002406e                rpl_dag_root_set_prefix
                0x00000000000240a6                rpl_dag_root_start
                0x0000000000024286                rpl_dag_root_is_root
 .text          0x00000000000242c2       0x35 build/cooja/mtype560.a(watchdog.o)
                0x00000000000242c2                watchdog_init
                0x00000000000242c9                watchdog_start
                0x00000000000242d0                watchdog_periodic
                0x00000000000242e9                watchdog_stop
                0x00000000000242f0                watchdog_reboot
 .text          0x00000000000242f7       0x51 build/cooja/mtype560.a(int-master.o)
                0x00000000000242f7                int_master_enable
                0x0000000000024308                int_master_read_and_disable
                0x0000000000024324                int_master_status_set
                0x0000000000024337                int_master_is_enabled
 .text          0x0000000000024348        0x0 build/cooja/mtype560.a(cooja16.o)
 .text          0x0000000000024348      0x58c build/cooja/mtype560.a(simple-energest)
                0x0000000000024853                simple_energest_init
 .text          0x00000000000248d4      0x3dd build/cooja/mtype560.a(orchestra.o)
                0x0000000000024966                orchestra_callback_child_added
                0x00000000000249c2                orchestra_callback_child_removed
                0x0000000000024a1e                orchestra_callback_packet_ready
                0x0000000000024b01                orchestra_callback_new_time_source
                0x0000000000024b7f                orchestra_init
 .text          0x0000000000024cb1      0x271 build/cooja/mtype560.a(orchestra-rule-)
 .text          0x0000000000024f22      0x11a build/cooja/mtype560.a(stimer.o)
                0x0000000000024f22                stimer_set
                0x0000000000024f50                stimer_reset
                0x0000000000024f88                stimer_restart
                0x0000000000024fa6                stimer_expired
                0x0000000000024fe7                stimer_remaining
                0x0000000000025019                stimer_elapsed
 .text          0x000000000002503c      0x236 build/cooja/mtype560.a(ringbufindex.o)
                0x000000000002503c                ringbufindex_init
                0x0000000000025069                ringbufindex_put
                0x00000000000250d0                ringbufindex_peek_put
                0x000000000002511e                ringbufindex_get
                0x0000000000025187                ringbufindex_peek_get
                0x00000000000251cb                ringbufindex_size
                0x00000000000251e2                ringbufindex_elements
                0x0000000000025210                ringbufindex_full
                0x0000000000025250                ringbufindex_empty
 .text          0x0000000000025272      0x206 build/cooja/mtype560.a(memb.o)
                0x0000000000025272                memb_init
                0x00000000000252d1                memb_alloc
                0x0000000000025347                memb_free
                0x00000000000253d6                memb_inmemb
                0x0000000000025429                memb_numfree
 .text          0x0000000000025478      0x189 build/cooja/mtype560.a(ringbuf.o)
                0x0000000000025478                ringbuf_init
                0x00000000000254b5                ringbuf_put
                0x0000000000025540                ringbuf_get
                0x00000000000255ba                ringbuf_size
                0x00000000000255d2                ringbuf_elements
 .text          0x0000000000025601      0x9ac build/cooja/mtype560.a(nbr-table.o)
                0x0000000000025ba9                nbr_table_register
                0x0000000000025c37                nbr_table_is_registered
                0x0000000000025c8a                nbr_table_head
                0x0000000000025cf1                nbr_table_next
                0x0000000000025d67                nbr_table_add_lladdr
                0x0000000000025e6a                nbr_table_get_from_lladdr
                0x0000000000025ec2                nbr_table_remove
                0x0000000000025f12                nbr_table_lock
                0x0000000000025f40                nbr_table_unlock
                0x0000000000025f6e                nbr_table_get_lladdr
 .text          0x0000000000025fad      0x410 build/cooja/mtype560.a(link-stats.o)
                0x0000000000025fad                link_stats_from_lladdr
                0x0000000000025fd1                link_stats_get_lladdr
                0x0000000000025ff5                link_stats_is_fresh
                0x000000000002603f                guess_etx_from_rssi
                0x00000000000260c0                link_stats_packet_sent
                0x00000000000261fe                link_stats_input_callback
                0x000000000002632b                link_stats_reset
                0x0000000000026382                link_stats_init
 .text          0x00000000000263bd      0x1da build/cooja/mtype560.a(mac-sequence.o)
                0x00000000000263bd                mac_sequence_is_duplicate
                0x000000000002649e                mac_sequence_register_seqno
 .text          0x0000000000026597       0x33 build/cooja/mtype560.a(mac.o)
                0x0000000000026597                mac_call_sent_callback
 .text          0x00000000000265ca      0x442 build/cooja/mtype560.a(framer-802154.o)
                0x0000000000026761                framer_802154_setup_params
 .text          0x0000000000026a0c      0xc84 build/cooja/mtype560.a(frame802154.o)
                0x0000000000026a3a                frame802154_get_pan_id
                0x0000000000026a47                frame802154_set_pan_id
                0x0000000000026a5f                frame802154_has_panid
                0x0000000000026c3a                frame802154_check_dest_panid
                0x0000000000026cd5                frame802154_is_broadcast_addr
                0x0000000000026d28                frame802154_extract_linkaddr
                0x0000000000026fbe                frame802154_hdrlen
                0x0000000000027039                frame802154_create_fcf
                0x0000000000027107                frame802154_create
                0x00000000000272ad                frame802154_parse_fcf
                0x00000000000273a0                frame802154_parse
 .text          0x0000000000027690      0xcd6 build/cooja/mtype560.a(tsch-queue.o)
                0x0000000000027690                tsch_queue_add_nbr
                0x000000000002779a                tsch_queue_get_nbr
                0x00000000000277ce                tsch_queue_get_time_source
                0x000000000002782e                tsch_queue_get_nbr_address
                0x0000000000027852                tsch_queue_update_time_source
                0x0000000000027ae1                tsch_queue_add_packet
                0x0000000000027c99                tsch_queue_global_packet_count
                0x0000000000027cb4                tsch_queue_nbr_packet_count
                0x0000000000027ce2                tsch_queue_remove_packet_from_queue
                0x0000000000027d3b                tsch_queue_free_packet
                0x0000000000027d73                tsch_queue_packet_sent
                0x0000000000027e3d                tsch_queue_reset
                0x0000000000027ea7                tsch_queue_free_unused_neighbors
                0x0000000000027f38                tsch_queue_is_empty
                0x0000000000027f78                tsch_queue_get_packet_for_nbr
                0x00000000000280a8                tsch_queue_get_packet_for_dest_addr
                0x00000000000280e8                tsch_queue_get_unicast_packet_for_any
                0x0000000000028197                tsch_queue_backoff_expired
                0x00000000000281b1                tsch_queue_backoff_reset
                0x00000000000281cc                tsch_queue_backoff_inc
                0x000000000002823e                tsch_queue_update_all_backoff_windows
                0x0000000000028307                tsch_queue_init
 .text          0x0000000000028366        0x0 build/cooja/mtype560.a(tsch-timeslot-t)
 .text          0x0000000000028366     0x1190 build/cooja/mtype560.a(tsch-schedule.o)
                0x0000000000028366                tsch_schedule_add_slotframe
                0x00000000000284ad                tsch_schedule_remove_all_slotframes
                0x00000000000284ef                tsch_schedule_remove_slotframe
                0x00000000000285d5                tsch_schedule_get_slotframe_by_handle
                0x0000000000028633                tsch_schedule_get_link_by_handle
                0x0000000000028804                tsch_schedule_add_link
                0x0000000000028b45                tsch_schedule_remove_link
                0x0000000000028da2                tsch_schedule_remove_link_by_timeslot
                0x0000000000028e47                tsch_schedule_get_link_by_timeslot
                0x0000000000028fa3                tsch_schedule_get_next_active_link
                0x0000000000029259                tsch_schedule_init
                0x00000000000292a0                tsch_schedule_create_minimal
                0x00000000000292f9                tsch_schedule_slotframe_head
                0x000000000002930e                tsch_schedule_slotframe_next
                0x0000000000029328                tsch_schedule_print
 .text          0x00000000000294f6     0x1bfd build/cooja/mtype560.a(tsch-slot-opera)
                0x0000000000029523                tsch_is_locked
                0x000000000002952f                tsch_get_lock
                0x00000000000295b6                tsch_release_lock
                0x0000000000029936                tsch_get_network_uptime_ticks
                0x000000000002af56                tsch_slot_operation_start
                0x000000000002b07c                tsch_slot_operation_sync
 .text          0x000000000002b0f3      0xaaa build/cooja/mtype560.a(tsch-packet.o)
                0x000000000002b0f3                tsch_packet_eackbuf_set_attr
                0x000000000002b11e                tsch_packet_eackbuf_attr
                0x000000000002b13e                tsch_packet_create_eack
                0x000000000002b332                tsch_packet_parse_eack
                0x000000000002b4e9                tsch_packet_create_eb
                0x000000000002b7e7                tsch_packet_update_eb
                0x000000000002b86a                tsch_packet_parse_eb
                0x000000000002bb60                tsch_packet_set_frame_pending
                0x000000000002bb80                tsch_packet_get_frame_pending
 .text          0x000000000002bb9d      0x718 build/cooja/mtype560.a(tsch-security.o)
                0x000000000002bcee                tsch_security_mic_len
                0x000000000002bd2b                tsch_security_secure_frame
                0x000000000002bff8                tsch_security_parse_frame
                0x000000000002c2a9                tsch_security_set_packetbuf_attr
 .text          0x000000000002c2b5      0x157 build/cooja/mtype560.a(tsch-rpl.o)
                0x000000000002c2b5                tsch_rpl_callback_ka_sent
                0x000000000002c2f4                tsch_rpl_callback_joining_network
                0x000000000002c2fb                tsch_rpl_callback_leaving_network
                0x000000000002c31b                tsch_rpl_callback_new_dio_interval
                0x000000000002c3bc                tsch_rpl_callback_parent_switch
                0x000000000002c3f9                tsch_rpl_check_dodag_joined
 .text          0x000000000002c40c      0x398 build/cooja/mtype560.a(tsch-adaptive-t)
                0x000000000002c40c                tsch_adaptive_timesync_get_drift_ppm
                0x000000000002c55b                tsch_timesync_update
                0x000000000002c700                tsch_timesync_adaptive_compensate
                0x000000000002c76a                tsch_adaptive_timesync_reset
 .text          0x000000000002c7a4      0x55f build/cooja/mtype560.a(uipbuf.o)
                0x000000000002c7a4                uipbuf_clear
                0x000000000002c7d2                uipbuf_add_ext_hdr
                0x000000000002c866                uipbuf_set_len
                0x000000000002c894                uipbuf_set_len_field
                0x000000000002c8c3                uipbuf_get_len_field
                0x000000000002c8ea                uipbuf_get_next_header
                0x000000000002ca3d                uipbuf_get_last_header
                0x000000000002cad2                uipbuf_search_header
                0x000000000002cb9d                uipbuf_get_attr
                0x000000000002cbca                uipbuf_set_attr
                0x000000000002cc06                uipbuf_set_default_attr
                0x000000000002cc42                uipbuf_clear_attr
                0x000000000002cc63                uipbuf_set_attr_flag
                0x000000000002cc82                uipbuf_clr_attr_flag
                0x000000000002cca7                uipbuf_is_attr_flag
                0x000000000002ccc8                uipbuf_init
 .text          0x000000000002cd03      0xca3 build/cooja/mtype560.a(uip-icmp6.o)
                0x000000000002cd7c                uip_icmp6_input
                0x000000000002cdd6                uip_icmp6_register_input_handler
                0x000000000002d0e1                uip_icmp6_error_output
                0x000000000002d552                uip_icmp6_send
                0x000000000002d91f                uip_icmp6_echo_reply_callback_add
                0x000000000002d962                uip_icmp6_echo_reply_callback_rm
                0x000000000002d987                uip_icmp6_init
 .text          0x000000000002d9a6      0x197 build/cooja/mtype560.a(uip-packetqueue)
                0x000000000002d9de                uip_packetqueue_new
                0x000000000002d9f4                uip_packetqueue_alloc
                0x000000000002da6a                uip_packetqueue_free
                0x000000000002dabb                uip_packetqueue_buf
                0x000000000002dae3                uip_packetqueue_buflen
                0x000000000002db0e                uip_packetqueue_set_buflen
 .text          0x000000000002db3d      0x13c build/cooja/mtype560.a(uip-udp-packet.)
                0x000000000002db3d                uip_udp_packet_send
                0x000000000002dbb8                uip_udp_packet_sendto
 .text          0x000000000002dc79     0x229e build/cooja/mtype560.a(rpl-icmp6.o)
                0x000000000002ddfd                rpl_icmp6_update_nbr_table
                0x000000000002e02f                rpl_icmp6_dis_output
                0x000000000002eafe                rpl_icmp6_dio_output
                0x000000000002f73e                rpl_icmp6_dao_output
                0x000000000002fdb2                rpl_icmp6_dao_ack_output
                0x000000000002fee0                rpl_icmp6_init
 .text          0x000000000002ff17      0xe1b build/cooja/mtype560.a(rpl-neighbor.o)
                0x000000000002ffa6                rpl_neighbor_snprint
                0x00000000000302dd                rpl_neighbor_print_list
                0x000000000003053b                rpl_neighbor_count
                0x000000000003061e                rpl_neighbor_get_from_lladdr
                0x0000000000030645                rpl_neighbor_is_acceptable_parent
                0x000000000003068d                rpl_neighbor_get_link_metric
                0x00000000000306d5                rpl_neighbor_rank_via_nbr
                0x000000000003071d                rpl_neighbor_get_lladdr
                0x0000000000030744                rpl_neighbor_get_ipaddr
                0x000000000003076e                rpl_neighbor_get_link_stats
                0x0000000000030798                rpl_neighbor_is_fresh
                0x00000000000307c2                rpl_neighbor_is_reachable
                0x0000000000030816                rpl_neighbor_is_parent
                0x000000000003084b                rpl_neighbor_set_preferred_parent
                0x00000000000309df                rpl_neighbor_remove_all
                0x0000000000030a7f                rpl_neighbor_get_from_ipaddr
                0x0000000000030bb0                rpl_neighbor_select_best
                0x0000000000030d12                rpl_neighbor_init
 .text          0x0000000000030d32     0x1bbf build/cooja/mtype560.a(rpl-dag.o)
                0x0000000000030d32                rpl_dag_state_to_str
                0x0000000000030d7f                rpl_dag_get_root_ipaddr
                0x0000000000030dc5                rpl_dag_leave
                0x0000000000030ef4                rpl_dag_poison_and_leave
                0x0000000000030f0e                rpl_dag_periodic
                0x0000000000031059                rpl_is_addr_in_our_dag
                0x00000000000310ae                rpl_get_default_instance
                0x00000000000310d1                rpl_get_any_dag
                0x0000000000031136                rpl_refresh_routes
                0x0000000000031205                rpl_global_repair
                0x00000000000313af                rpl_local_repair
                0x0000000000031453                rpl_dag_ready_to_advertise
                0x00000000000314a7                rpl_dag_update_state
                0x000000000003231e                rpl_process_dio
                0x00000000000323fd                rpl_process_dis
                0x0000000000032488                rpl_process_dao
                0x000000000003256f                rpl_process_dao_ack
                0x0000000000032664                rpl_process_hbh
                0x00000000000326bf                rpl_dag_init_root
                0x00000000000328d1                rpl_dag_init
 .text          0x00000000000328f1      0xea0 build/cooja/mtype560.a(rpl-timers.o)
                0x00000000000328f1                rpl_timers_schedule_periodic_dis
                0x0000000000032b32                rpl_timers_dio_reset
                0x0000000000032cf4                rpl_timers_schedule_unicast_dio
                0x0000000000032ebf                rpl_timers_schedule_dao
                0x0000000000032fba                rpl_timers_schedule_dao_ack
                0x000000000003306e                rpl_timers_notify_dao_ack
                0x00000000000330d8                get_probing_delay
                0x0000000000033121                get_probing_target
                0x000000000003347f                rpl_schedule_probing
                0x00000000000334bc                rpl_schedule_probing_now
                0x000000000003353f                rpl_timers_unschedule_leaving
                0x000000000003357f                rpl_timers_schedule_leaving
                0x00000000000335d0                rpl_timers_init
                0x0000000000033697                rpl_timers_stop_dag_timers
                0x0000000000033720                rpl_timers_unschedule_state_update
                0x0000000000033746                rpl_timers_schedule_state_update
 .text          0x0000000000033791     0x1483 build/cooja/mtype560.a(rpl-ext-header.)
                0x0000000000033791                rpl_ext_header_srh_get_next_hop
                0x000000000003389b                rpl_ext_header_srh_update
                0x00000000000342e5                rpl_ext_header_hbh_update
                0x0000000000034972                rpl_ext_header_update
                0x0000000000034a18                rpl_ext_header_remove
 .text          0x0000000000034c14      0x235 build/cooja/mtype560.a(rpl-nbr-policy.)
                0x0000000000034df7                rpl_nbr_policy_find_removable
 .text          0x0000000000034e49      0x392 build/cooja/mtype560.a(rpl-mrhof.o)
 .text          0x00000000000351db      0x234 build/cooja/mtype560.a(orchestra-rule-)
 .text          0x000000000003540f       0xa8 build/cooja/mtype560.a(orchestra-rule-)
 .text          0x00000000000354b7      0x4e2 build/cooja/mtype560.a(ccm-star.o)
 .text          0x0000000000035999      0x681 build/cooja/mtype560.a(aes-128.o)
 .text          0x000000000003601a     0x10bd build/cooja/mtype560.a(frame802154e-ie)
                0x000000000003614f                frame80215e_create_ie_header_ack_nack_time_correction
                0x00000000000361e9                frame80215e_create_ie_header_list_termination_1
                0x000000000003623a                frame80215e_create_ie_header_list_termination_2
                0x000000000003628b                frame80215e_create_ie_payload_list_termination
                0x00000000000362dc                frame80215e_create_ie_mlme
                0x0000000000036333                frame80215e_create_ie_tsch_synchronization
                0x0000000000036401                frame80215e_create_ie_tsch_slotframe_and_link
                0x0000000000036647                frame80215e_create_ie_tsch_timeslot
                0x000000000003673d                frame80215e_create_ie_tsch_channel_hopping_sequence
                0x0000000000036db0                frame802154e_parse_information_elements
 .text          0x00000000000370d7        0x0 /usr/lib/gcc/x86_64-linux-gnu/7/crtendS.o
 .text          0x00000000000370d7        0x0 /usr/lib/gcc/x86_64-linux-gnu/7/../../../x86_64-linux-gnu/crtn.o
 *(.gnu.warning)

.fini           0x00000000000370d8        0x9
 *(SORT_NONE(.fini))
 .fini          0x00000000000370d8        0x4 /usr/lib/gcc/x86_64-linux-gnu/7/../../../x86_64-linux-gnu/crti.o
                0x00000000000370d8                _fini
 .fini          0x00000000000370dc        0x5 /usr/lib/gcc/x86_64-linux-gnu/7/../../../x86_64-linux-gnu/crtn.o
                [!provide]                        PROVIDE (__etext = .)
                [!provide]                        PROVIDE (_etext = .)
                [!provide]                        PROVIDE (etext = .)

.rodata         0x0000000000037100     0x3300
 *(.rodata .rodata.* .gnu.linkonce.r.*)
 .rodata        0x0000000000037100       0xd4 node.o
 .rodata        0x00000000000371d4        0x6 build/cooja/mtype560.a(leds-arch.o)
                0x00000000000371d4                leds_arch_leds
 .rodata        0x00000000000371da        0x4 build/cooja/mtype560.a(pir-sensor.o)
 .rodata        0x00000000000371de        0x6 build/cooja/mtype560.a(rs232.o)
 .rodata        0x00000000000371e4        0xa build/cooja/mtype560.a(vib-sensor.o)
 *fill*         0x00000000000371ee        0x2 
 .rodata        0x00000000000371f0       0x27 build/cooja/mtype560.a(cfs-cooja.o)
 *fill*         0x0000000000037217        0x1 
 .rodata        0x0000000000037218       0x68 build/cooja/mtype560.a(cooja-radio.o)
 .rodata        0x0000000000037280        0x8 build/cooja/mtype560.a(sensors.o)
 .rodata        0x0000000000037288       0x14 build/cooja/mtype560.a(buttons.o)
                0x0000000000037294                button_hal_button_count
 *fill*         0x000000000003729c        0x4 
 .rodata        0x00000000000372a0      0x11c build/cooja/mtype560.a(contiki-main.o)
 .rodata        0x00000000000373bc       0xc4 build/cooja/mtype560.a(log.o)
 .rodata        0x0000000000037480        0xc build/cooja/mtype560.a(etimer.o)
 .rodata        0x000000000003748c        0xf build/cooja/mtype560.a(ctimer.o)
 .rodata        0x000000000003749b       0x13 build/cooja/mtype560.a(button-hal.o)
 .rodata        0x00000000000374ae        0xe build/cooja/mtype560.a(serial-line.o)
 *fill*         0x00000000000374bc        0x4 
 .rodata        0x00000000000374c0        0x8 build/cooja/mtype560.a(linkaddr.o)
                0x00000000000374c0                linkaddr_null
 .rodata        0x00000000000374c8      0x8cc build/cooja/mtype560.a(tsch.o)
                0x00000000000374c8                tsch_broadcast_address
                0x00000000000374d0                tsch_eb_address
 *fill*         0x0000000000037d94        0x4 
 .rodata        0x0000000000037d98      0x106 build/cooja/mtype560.a(uip-sr.o)
 *fill*         0x0000000000037e9e        0x2 
 .rodata        0x0000000000037ea0      0x10f build/cooja/mtype560.a(uip-ds6.o)
 .rodata        0x0000000000037faf        0xd build/cooja/mtype560.a(tcpip.o)
 *fill*         0x0000000000037fbc        0x4 
 .rodata        0x0000000000037fc0      0x1b0 build/cooja/mtype560.a(uip-ds6-route.o)
 .rodata        0x0000000000038170      0x146 build/cooja/mtype560.a(uip-ds6-nbr.o)
 *fill*         0x00000000000382b6        0x2 
 .rodata        0x00000000000382b8      0x374 build/cooja/mtype560.a(uip6.o)
 .rodata        0x000000000003862c       0x9d build/cooja/mtype560.a(uip-nd6.o)
 .rodata        0x00000000000386c9       0x13 build/cooja/mtype560.a(simple-udp.o)
 .rodata        0x00000000000386dc       0x1d build/cooja/mtype560.a(sicslowpan.o)
                0x00000000000386dc                unc_llconf
                0x00000000000386e0                unc_ctxconf
                0x00000000000386e4                unc_mxconf
                0x00000000000386e8                llprefix
 .rodata        0x00000000000386f9       0x2d build/cooja/mtype560.a(uiplib.o)
 *fill*         0x0000000000038726        0x2 
 .rodata        0x0000000000038728       0xd8 build/cooja/mtype560.a(rpl.o)
 .rodata        0x0000000000038800       0xc8 build/cooja/mtype560.a(rpl-dag-root.o)
 *fill*         0x00000000000388c8       0x18 
 .rodata        0x00000000000388e0       0xaa build/cooja/mtype560.a(cooja16.o)
                0x00000000000388e0                deployment_cooja16
 *fill*         0x000000000003898a        0x6 
 .rodata        0x0000000000038990      0x160 build/cooja/mtype560.a(simple-energest)
 .rodata        0x0000000000038af0       0x59 build/cooja/mtype560.a(orchestra.o)
 .rodata        0x0000000000038b49       0x13 build/cooja/mtype560.a(orchestra-rule-)
 *fill*         0x0000000000038b5c        0x4 
 .rodata        0x0000000000038b60       0x7d build/cooja/mtype560.a(tsch-queue.o)
 *fill*         0x0000000000038bdd        0x3 
 .rodata        0x0000000000038be0       0x18 build/cooja/mtype560.a(tsch-timeslot-t)
                0x0000000000038be0                tsch_timeslot_timing_us_10000
 .rodata        0x0000000000038bf8      0x230 build/cooja/mtype560.a(tsch-schedule.o)
 .rodata        0x0000000000038e28       0x3d build/cooja/mtype560.a(tsch-slot-opera)
 *fill*         0x0000000000038e65        0x3 
 .rodata        0x0000000000038e68       0xf1 build/cooja/mtype560.a(tsch-packet.o)
 .rodata        0x0000000000038f59        0xd build/cooja/mtype560.a(tsch-rpl.o)
 *fill*         0x0000000000038f66        0x2 
 .rodata        0x0000000000038f68      0x158 build/cooja/mtype560.a(uip-icmp6.o)
 .rodata        0x00000000000390c0      0x5a3 build/cooja/mtype560.a(rpl-icmp6.o)
 *fill*         0x0000000000039663        0x5 
 .rodata        0x0000000000039668      0x15e build/cooja/mtype560.a(rpl-neighbor.o)
 *fill*         0x00000000000397c6        0x2 
 .rodata        0x00000000000397c8      0x62c build/cooja/mtype560.a(rpl-dag.o)
 .rodata        0x0000000000039df4       0x89 build/cooja/mtype560.a(rpl-timers.o)
 *fill*         0x0000000000039e7d        0x3 
 .rodata        0x0000000000039e80      0x3e6 build/cooja/mtype560.a(rpl-ext-header.)
 *fill*         0x000000000003a266        0x2 
 .rodata        0x000000000003a268       0x42 build/cooja/mtype560.a(rpl-nbr-policy.)
 .rodata        0x000000000003a2aa       0x25 build/cooja/mtype560.a(rpl-mrhof.o)
 *fill*         0x000000000003a2cf        0x1 
 .rodata        0x000000000003a2d0       0x21 build/cooja/mtype560.a(orchestra-rule-)
 .rodata        0x000000000003a2f1        0xf build/cooja/mtype560.a(orchestra-rule-)
 .rodata        0x000000000003a300      0x100 build/cooja/mtype560.a(aes-128.o)

.rodata1
 *(.rodata1)

.eh_frame_hdr   0x000000000003a400     0x1b34
 *(.eh_frame_hdr)
 .eh_frame_hdr  0x000000000003a400     0x1b34 node.o
                0x000000000003a400                __GNU_EH_FRAME_HDR
 *(.eh_frame_entry .eh_frame_entry.*)

.eh_frame       0x000000000003bf38     0x6d8c
 *(.eh_frame)
 .eh_frame      0x000000000003bf38       0x40 /usr/lib/gcc/x86_64-linux-gnu/7/../../../x86_64-linux-gnu/crti.o
 .eh_frame      0x000000000003bf78       0x18 /usr/lib/gcc/x86_64-linux-gnu/7/../../../x86_64-linux-gnu/crti.o
                                         0x30 (size before relaxing)
 .eh_frame      0x000000000003bf90       0x48 node.o
                                         0x60 (size before relaxing)
 .eh_frame      0x000000000003bfd8      0x178 build/cooja/mtype560.o
                                        0x190 (size before relaxing)
 .eh_frame      0x000000000003c150       0x40 build/cooja/mtype560.a(simEnvChange.o)
                                         0x58 (size before relaxing)
 .eh_frame      0x000000000003c190       0x60 build/cooja/mtype560.a(cooja_mt.o)
                                         0x78 (size before relaxing)
 .eh_frame      0x000000000003c1f0       0x80 build/cooja/mtype560.a(cooja_mtarch.o)
                                         0x98 (size before relaxing)
 .eh_frame      0x000000000003c270       0xc0 build/cooja/mtype560.a(rtimer-arch.o)
                                         0xd8 (size before relaxing)
 .eh_frame      0x000000000003c330      0x160 build/cooja/mtype560.a(beep.o)
                                        0x178 (size before relaxing)
 .eh_frame      0x000000000003c490       0x80 build/cooja/mtype560.a(leds-arch.o)
                                         0x98 (size before relaxing)
 .eh_frame      0x000000000003c510       0x40 build/cooja/mtype560.a(moteid.o)
                                         0x58 (size before relaxing)
 .eh_frame      0x000000000003c550       0xa0 build/cooja/mtype560.a(pir-sensor.o)
                                         0xb8 (size before relaxing)
 .eh_frame      0x000000000003c5f0      0x100 build/cooja/mtype560.a(rs232.o)
                                        0x118 (size before relaxing)
 .eh_frame      0x000000000003c6f0       0xa0 build/cooja/mtype560.a(vib-sensor.o)
                                         0xb8 (size before relaxing)
 .eh_frame      0x000000000003c790       0xc0 build/cooja/mtype560.a(clock.o)
                                         0xd8 (size before relaxing)
 .eh_frame      0x000000000003c850      0x128 build/cooja/mtype560.a(cooja-log.o)
                                        0x140 (size before relaxing)
 .eh_frame      0x000000000003c978      0x160 build/cooja/mtype560.a(cfs-cooja.o)
                                        0x178 (size before relaxing)
 .eh_frame      0x000000000003cad8      0x3a0 build/cooja/mtype560.a(cooja-radio.o)
                                        0x3b8 (size before relaxing)
 .eh_frame      0x000000000003ce78       0xa0 build/cooja/mtype560.a(eeprom.o)
                                         0xb8 (size before relaxing)
 .eh_frame      0x000000000003cf18       0x40 build/cooja/mtype560.a(random.o)
                                         0x58 (size before relaxing)
 .eh_frame      0x000000000003cf58       0xc0 build/cooja/mtype560.a(sensors.o)
                                         0xd8 (size before relaxing)
 .eh_frame      0x000000000003d018      0x120 build/cooja/mtype560.a(leds.o)
                                        0x138 (size before relaxing)
 .eh_frame      0x000000000003d138      0x220 build/cooja/mtype560.a(gpio-hal-arch.o)
                                        0x238 (size before relaxing)
 .eh_frame      0x000000000003d358       0xa0 build/cooja/mtype560.a(buttons.o)
                                         0xb8 (size before relaxing)
 .eh_frame      0x000000000003d3f8       0xe8 build/cooja/mtype560.a(deployment.o)
                                        0x100 (size before relaxing)
 .eh_frame      0x000000000003d4e0       0x20 build/cooja/mtype560.a(contiki-main.o)
                                         0x38 (size before relaxing)
 .eh_frame      0x000000000003d500       0x40 build/cooja/mtype560.a(autostart.o)
                                         0x58 (size before relaxing)
 .eh_frame      0x000000000003d540      0x120 build/cooja/mtype560.a(log.o)
                                        0x138 (size before relaxing)
 .eh_frame      0x000000000003d660       0xa0 build/cooja/mtype560.a(energest.o)
                                         0xb8 (size before relaxing)
 .eh_frame      0x000000000003d700      0x1e0 build/cooja/mtype560.a(etimer.o)
                                        0x1f8 (size before relaxing)
 .eh_frame      0x000000000003d8e0       0x20 build/cooja/mtype560.a(node-id.o)
                                         0x38 (size before relaxing)
 .eh_frame      0x000000000003d900      0x100 build/cooja/mtype560.a(ctimer.o)
                                        0x118 (size before relaxing)
 .eh_frame      0x000000000003da00      0x1c8 build/cooja/mtype560.a(process.o)
                                        0x1e0 (size before relaxing)
 .eh_frame      0x000000000003dbc8       0x60 build/cooja/mtype560.a(rtimer.o)
                                         0x78 (size before relaxing)
 .eh_frame      0x000000000003dc28       0xa0 build/cooja/mtype560.a(timer.o)
                                         0xb8 (size before relaxing)
 .eh_frame      0x000000000003dcc8      0x1a0 build/cooja/mtype560.a(list.o)
                                        0x1b8 (size before relaxing)
 .eh_frame      0x000000000003de68      0x160 build/cooja/mtype560.a(button-hal.o)
                                        0x178 (size before relaxing)
 .eh_frame      0x000000000003dfc8       0x60 build/cooja/mtype560.a(serial-line.o)
                                         0x78 (size before relaxing)
 .eh_frame      0x000000000003e028       0xe0 build/cooja/mtype560.a(gpio-hal.o)
                                         0xf8 (size before relaxing)
 .eh_frame      0x000000000003e108      0x1a0 build/cooja/mtype560.a(queuebuf.o)
                                        0x1b8 (size before relaxing)
 .eh_frame      0x000000000003e2a8      0x288 build/cooja/mtype560.a(packetbuf.o)
                                        0x2a0 (size before relaxing)
 .eh_frame      0x000000000003e530       0x80 build/cooja/mtype560.a(netstack.o)
                                         0x98 (size before relaxing)
 .eh_frame      0x000000000003e5b0       0x60 build/cooja/mtype560.a(linkaddr.o)
                                         0x78 (size before relaxing)
 .eh_frame      0x000000000003e610      0x380 build/cooja/mtype560.a(tsch.o)
                                        0x398 (size before relaxing)
 .eh_frame      0x000000000003e990      0x180 build/cooja/mtype560.a(uip-sr.o)
                                        0x198 (size before relaxing)
 .eh_frame      0x000000000003eb10      0x328 build/cooja/mtype560.a(uip-ds6.o)
                                        0x340 (size before relaxing)
 .eh_frame      0x000000000003ee38      0x248 build/cooja/mtype560.a(tcpip.o)
                                        0x260 (size before relaxing)
 .eh_frame      0x000000000003f080      0x220 build/cooja/mtype560.a(uip-ds6-route.o)
                                        0x238 (size before relaxing)
 .eh_frame      0x000000000003f2a0      0x1c0 build/cooja/mtype560.a(uip-ds6-nbr.o)
                                        0x1d8 (size before relaxing)
 .eh_frame      0x000000000003f460      0x1e8 build/cooja/mtype560.a(uip6.o)
                                        0x200 (size before relaxing)
 .eh_frame      0x000000000003f648       0x80 build/cooja/mtype560.a(uip-nd6.o)
                                         0x98 (size before relaxing)
 .eh_frame      0x000000000003f6c8       0xc0 build/cooja/mtype560.a(simple-udp.o)
                                         0xd8 (size before relaxing)
 .eh_frame      0x000000000003f788      0x2e0 build/cooja/mtype560.a(sicslowpan.o)
                                        0x2f8 (size before relaxing)
 .eh_frame      0x000000000003fa68       0x80 build/cooja/mtype560.a(uiplib.o)
                                         0x98 (size before relaxing)
 .eh_frame      0x000000000003fae8      0x1e0 build/cooja/mtype560.a(rpl.o)
                                        0x1f8 (size before relaxing)
 .eh_frame      0x000000000003fcc8       0xa0 build/cooja/mtype560.a(rpl-dag-root.o)
                                         0xb8 (size before relaxing)
 .eh_frame      0x000000000003fd68       0xa0 build/cooja/mtype560.a(watchdog.o)
                                         0xb8 (size before relaxing)
 .eh_frame      0x000000000003fe08       0x80 build/cooja/mtype560.a(int-master.o)
                                         0x98 (size before relaxing)
 .eh_frame      0x000000000003fe88       0xa0 build/cooja/mtype560.a(simple-energest)
                                         0xb8 (size before relaxing)
 .eh_frame      0x000000000003ff28       0xe0 build/cooja/mtype560.a(orchestra.o)
                                         0xf8 (size before relaxing)
 .eh_frame      0x0000000000040008       0x80 build/cooja/mtype560.a(orchestra-rule-)
                                         0x98 (size before relaxing)
 .eh_frame      0x0000000000040088       0xc0 build/cooja/mtype560.a(stimer.o)
                                         0xd8 (size before relaxing)
 .eh_frame      0x0000000000040148      0x120 build/cooja/mtype560.a(ringbufindex.o)
                                        0x138 (size before relaxing)
 .eh_frame      0x0000000000040268       0xa0 build/cooja/mtype560.a(memb.o)
                                         0xb8 (size before relaxing)
 .eh_frame      0x0000000000040308       0xa0 build/cooja/mtype560.a(ringbuf.o)
                                         0xb8 (size before relaxing)
 .eh_frame      0x00000000000403a8      0x2a0 build/cooja/mtype560.a(nbr-table.o)
                                        0x2b8 (size before relaxing)
 .eh_frame      0x0000000000040648      0x120 build/cooja/mtype560.a(link-stats.o)
                                        0x138 (size before relaxing)
 .eh_frame      0x0000000000040768       0x48 build/cooja/mtype560.a(mac-sequence.o)
                                         0x60 (size before relaxing)
 .eh_frame      0x00000000000407b0       0x20 build/cooja/mtype560.a(mac.o)
                                         0x38 (size before relaxing)
 .eh_frame      0x00000000000407d0       0xa8 build/cooja/mtype560.a(framer-802154.o)
                                         0xc0 (size before relaxing)
 .eh_frame      0x0000000000040878      0x1a8 build/cooja/mtype560.a(frame802154.o)
                                        0x1c0 (size before relaxing)
 .eh_frame      0x0000000000040a20      0x308 build/cooja/mtype560.a(tsch-queue.o)
                                        0x320 (size before relaxing)
 .eh_frame      0x0000000000040d28      0x250 build/cooja/mtype560.a(tsch-schedule.o)
                                        0x268 (size before relaxing)
 .eh_frame      0x0000000000040f78      0x268 build/cooja/mtype560.a(tsch-slot-opera)
                                        0x280 (size before relaxing)
 .eh_frame      0x00000000000411e0      0x128 build/cooja/mtype560.a(tsch-packet.o)
                                        0x140 (size before relaxing)
 .eh_frame      0x0000000000041308       0xc0 build/cooja/mtype560.a(tsch-security.o)
                                         0xd8 (size before relaxing)
 .eh_frame      0x00000000000413c8       0xc0 build/cooja/mtype560.a(tsch-rpl.o)
                                         0xd8 (size before relaxing)
 .eh_frame      0x0000000000041488       0xe0 build/cooja/mtype560.a(tsch-adaptive-t)
                                         0xf8 (size before relaxing)
 .eh_frame      0x0000000000041568      0x200 build/cooja/mtype560.a(uipbuf.o)
                                        0x218 (size before relaxing)
 .eh_frame      0x0000000000041768      0x148 build/cooja/mtype560.a(uip-icmp6.o)
                                        0x160 (size before relaxing)
 .eh_frame      0x00000000000418b0       0xe0 build/cooja/mtype560.a(uip-packetqueue)
                                         0xf8 (size before relaxing)
 .eh_frame      0x0000000000041990       0x40 build/cooja/mtype560.a(uip-udp-packet.)
                                         0x58 (size before relaxing)
 .eh_frame      0x00000000000419d0      0x1c0 build/cooja/mtype560.a(rpl-icmp6.o)
                                        0x1d8 (size before relaxing)
 .eh_frame      0x0000000000041b90      0x2d8 build/cooja/mtype560.a(rpl-neighbor.o)
                                        0x2f0 (size before relaxing)
 .eh_frame      0x0000000000041e68      0x360 build/cooja/mtype560.a(rpl-dag.o)
                                        0x378 (size before relaxing)
 .eh_frame      0x00000000000421c8      0x3a8 build/cooja/mtype560.a(rpl-timers.o)
                                        0x3c0 (size before relaxing)
 .eh_frame      0x0000000000042570      0x128 build/cooja/mtype560.a(rpl-ext-header.)
                                        0x140 (size before relaxing)
 .eh_frame      0x0000000000042698       0x80 build/cooja/mtype560.a(rpl-nbr-policy.)
                                         0x98 (size before relaxing)
 .eh_frame      0x0000000000042718      0x148 build/cooja/mtype560.a(rpl-mrhof.o)
                                        0x160 (size before relaxing)
 .eh_frame      0x0000000000042860       0xe0 build/cooja/mtype560.a(orchestra-rule-)
                                         0xf8 (size before relaxing)
 .eh_frame      0x0000000000042940       0x40 build/cooja/mtype560.a(orchestra-rule-)
                                         0x58 (size before relaxing)
 .eh_frame      0x0000000000042980       0xc0 build/cooja/mtype560.a(ccm-star.o)
                                         0xd8 (size before relaxing)
 .eh_frame      0x0000000000042a40       0x60 build/cooja/mtype560.a(aes-128.o)
                                         0x78 (size before relaxing)
 .eh_frame      0x0000000000042aa0      0x220 build/cooja/mtype560.a(frame802154e-ie)
                                        0x238 (size before relaxing)
 .eh_frame      0x0000000000042cc0        0x4 /usr/lib/gcc/x86_64-linux-gnu/7/crtendS.o
 *(.eh_frame.*)

.gcc_except_table
 *(.gcc_except_table .gcc_except_table.*)

.gnu_extab
 *(.gnu_extab*)

.exception_ranges
 *(.exception_ranges .exception_ranges*)
                0x0000000000243570                . = DATA_SEGMENT_ALIGN (CONSTANT (MAXPAGESIZE), CONSTANT (COMMONPAGESIZE))

.eh_frame
 *(.eh_frame)
 *(.eh_frame.*)

.gnu_extab
 *(.gnu_extab)

.gcc_except_table
 *(.gcc_except_table .gcc_except_table.*)

.exception_ranges
 *(.exception_ranges .exception_ranges*)

.tdata
 *(.tdata .tdata.* .gnu.linkonce.td.*)

.tbss
 *(.tbss .tbss.* .gnu.linkonce.tb.*)
 *(.tcommon)

.preinit_array
 *(.preinit_array)

.init_array     0x0000000000243570        0x8
 *(SORT_BY_INIT_PRIORITY(.init_array.*) SORT_BY_INIT_PRIORITY(.ctors.*))
 *(.init_array EXCLUDE_FILE(*crtend?.o *crtend.o *crtbegin?.o *crtbegin.o) .ctors)
 .init_array    0x0000000000243570        0x8 /usr/lib/gcc/x86_64-linux-gnu/7/crtbeginS.o

.fini_array     0x0000000000243578        0x8
 *(SORT_BY_INIT_PRIORITY(.fini_array.*) SORT_BY_INIT_PRIORITY(.dtors.*))
 *(.fini_array EXCLUDE_FILE(*crtend?.o *crtend.o *crtbegin?.o *crtbegin.o) .dtors)
 .fini_array    0x0000000000243578        0x8 /usr/lib/gcc/x86_64-linux-gnu/7/crtbeginS.o

.ctors
 *crtbegin.o(.ctors)
 *crtbegin?.o(.ctors)
 *(EXCLUDE_FILE(*crtend?.o *crtend.o) .ctors)
 *(SORT_BY_NAME(.ctors.*))
 *(.ctors)

.dtors
 *crtbegin.o(.dtors)
 *crtbegin?.o(.dtors)
 *(EXCLUDE_FILE(*crtend?.o *crtend.o) .dtors)
 *(SORT_BY_NAME(.dtors.*))
 *(.dtors)

.jcr
 *(.jcr)

.data.rel.ro    0x0000000000243580      0x370
 *(.data.rel.ro.local* .gnu.linkonce.d.rel.ro.local.*)
 .data.rel.ro.local
                0x0000000000243580       0x10 build/cooja/mtype560.a(beep.o)
                0x0000000000243580                beep_interface
 .data.rel.ro.local
                0x0000000000243590       0x10 build/cooja/mtype560.a(leds-arch.o)
                0x0000000000243590                leds_interface
 .data.rel.ro.local
                0x00000000002435a0       0x10 build/cooja/mtype560.a(moteid.o)
                0x00000000002435a0                moteid_interface
 *fill*         0x00000000002435b0       0x10 
 .data.rel.ro.local
                0x00000000002435c0       0x40 build/cooja/mtype560.a(pir-sensor.o)
                0x00000000002435c0                pir_interface
                0x00000000002435e0                pir_sensor
 .data.rel.ro.local
                0x0000000000243600       0x10 build/cooja/mtype560.a(rs232.o)
                0x0000000000243600                rs232_interface
 *fill*         0x0000000000243610       0x10 
 .data.rel.ro.local
                0x0000000000243620       0x40 build/cooja/mtype560.a(vib-sensor.o)
                0x0000000000243620                vib_interface
                0x0000000000243640                vib_sensor
 .data.rel.ro.local
                0x0000000000243660       0x10 build/cooja/mtype560.a(clock.o)
                0x0000000000243660                clock_interface
 .data.rel.ro.local
                0x0000000000243670       0x10 build/cooja/mtype560.a(cooja-log.o)
                0x0000000000243670                simlog_interface
 .data.rel.ro.local
                0x0000000000243680       0x10 build/cooja/mtype560.a(cfs-cooja.o)
                0x0000000000243680                cfs_interface
 *fill*         0x0000000000243690       0x10 
 .data.rel.ro.local
                0x00000000002436a0       0x90 build/cooja/mtype560.a(cooja-radio.o)
                0x00000000002436a0                radio_interface
                0x00000000002436c0                cooja_radio_driver
 .data.rel.ro.local
                0x0000000000243730       0x10 build/cooja/mtype560.a(eeprom.o)
                0x0000000000243730                eeprom_interface
 .data.rel.ro.local
                0x0000000000243740       0x40 build/cooja/mtype560.a(buttons.o)
                0x0000000000243740                button_interface
                0x0000000000243760                button_sensor
 .data.rel.ro.local
                0x0000000000243780       0x38 build/cooja/mtype560.a(tsch.o)
                0x0000000000243780                tschmac_driver
 *fill*         0x00000000002437b8        0x8 
 .data.rel.ro.local
                0x00000000002437c0       0x18 build/cooja/mtype560.a(framer-802154.o)
                0x00000000002437c0                framer_802154
 *fill*         0x00000000002437d8        0x8 
 .data.rel.ro.local
                0x00000000002437e0       0x10 build/cooja/mtype560.a(ccm-star.o)
                0x00000000002437e0                ccm_star_driver
 .data.rel.ro.local
                0x00000000002437f0       0x10 build/cooja/mtype560.a(aes-128.o)
                0x00000000002437f0                aes_128_driver
 *(.data.rel.ro .data.rel.ro.* .gnu.linkonce.d.rel.ro.*)
 .data.rel.ro   0x0000000000243800        0x0 /usr/lib/gcc/x86_64-linux-gnu/7/../../../x86_64-linux-gnu/crti.o
 .data.rel.ro   0x0000000000243800       0x10 node.o
                0x0000000000243800                autostart_processes
 *fill*         0x0000000000243810       0x10 
 .data.rel.ro   0x0000000000243820       0x20 build/cooja/mtype560.a(sicslowpan.o)
                0x0000000000243820                sicslowpan_driver
 .data.rel.ro   0x0000000000243840       0xa8 build/cooja/mtype560.a(rpl.o)
                0x0000000000243840                rpl_lite_driver
 .data.rel.ro   0x00000000002438e8        0x8 build/cooja/mtype560.a(rpl-dag.o)

.dynamic        0x00000000002438f0      0x1c0
 *(.dynamic)
 .dynamic       0x00000000002438f0      0x1c0 /usr/lib/gcc/x86_64-linux-gnu/7/../../../x86_64-linux-gnu/crti.o
                0x00000000002438f0                _DYNAMIC

.got            0x0000000000243ab0      0x550
 *(.got)
 .got           0x0000000000243ab0      0x550 /usr/lib/gcc/x86_64-linux-gnu/7/../../../x86_64-linux-gnu/crti.o
 *(.igot)
                0x0000000000244fe8                . = DATA_SEGMENT_RELRO_END (., (SIZEOF (.got.plt) >= 0x18)?0x18:0x0)

.got.plt        0x0000000000244000      0xdb0
 *(.got.plt)
 .got.plt       0x0000000000244000      0xdb0 /usr/lib/gcc/x86_64-linux-gnu/7/../../../x86_64-linux-gnu/crti.o
                0x0000000000244000                _GLOBAL_OFFSET_TABLE_
 *(.igot.plt)

.data           0x0000000000244dc0      0x958
 *(.data .data.* .gnu.linkonce.d.*)
 .data          0x0000000000244dc0        0x0 /usr/lib/gcc/x86_64-linux-gnu/7/../../../x86_64-linux-gnu/crti.o
 .data          0x0000000000244dc0        0x0 /usr/lib/gcc/x86_64-linux-gnu/7/crtbeginS.o
 .data.rel.local
                0x0000000000244dc0        0x8 /usr/lib/gcc/x86_64-linux-gnu/7/crtbeginS.o
                0x0000000000244dc0                __dso_handle
 .data          0x0000000000244dc8        0x0 node.o
 *fill*         0x0000000000244dc8       0x18 
 .data.rel.local
                0x0000000000244de0       0x20 node.o
                0x0000000000244de0                app_process
 .data          0x0000000000244e00        0x0 build/cooja/mtype560.o
 .data.rel      0x0000000000244e00       0xa0 build/cooja/mtype560.o
                0x0000000000244e00                simInterfaces
                0x0000000000244e80                sensors
 .data          0x0000000000244ea0        0x0 build/cooja/mtype560.a(simEnvChange.o)
 .data          0x0000000000244ea0        0x0 build/cooja/mtype560.a(cooja_mt.o)
 .data          0x0000000000244ea0        0x0 build/cooja/mtype560.a(cooja_mtarch.o)
 .data          0x0000000000244ea0        0x0 build/cooja/mtype560.a(rtimer-arch.o)
 .data          0x0000000000244ea0        0x0 build/cooja/mtype560.a(beep.o)
 .data          0x0000000000244ea0        0x0 build/cooja/mtype560.a(leds-arch.o)
 .data          0x0000000000244ea0        0x0 build/cooja/mtype560.a(moteid.o)
 .data          0x0000000000244ea0        0x0 build/cooja/mtype560.a(pir-sensor.o)
 .data          0x0000000000244ea0        0x0 build/cooja/mtype560.a(rs232.o)
 .data          0x0000000000244ea0        0x0 build/cooja/mtype560.a(vib-sensor.o)
 .data          0x0000000000244ea0        0x0 build/cooja/mtype560.a(clock.o)
 .data          0x0000000000244ea0        0x0 build/cooja/mtype560.a(cooja-log.o)
 .data          0x0000000000244ea0        0x0 build/cooja/mtype560.a(cfs-cooja.o)
 .data          0x0000000000244ea0       0x1c build/cooja/mtype560.a(cooja-radio.o)
                0x0000000000244ea0                simRadioHWOn
                0x0000000000244ea4                simSignalStrength
                0x0000000000244ea8                simLastSignalStrength
                0x0000000000244eac                simPower
                0x0000000000244eb0                simRadioChannel
                0x0000000000244eb4                simLQI
 *fill*         0x0000000000244ebc        0x4 
 .data.rel.local
                0x0000000000244ec0       0x20 build/cooja/mtype560.a(cooja-radio.o)
                0x0000000000244ec0                cooja_radio_process
 .data          0x0000000000244ee0        0x0 build/cooja/mtype560.a(eeprom.o)
 .data          0x0000000000244ee0        0x0 build/cooja/mtype560.a(random.o)
 .data          0x0000000000244ee0        0x0 build/cooja/mtype560.a(sensors.o)
 .data.rel.local
                0x0000000000244ee0       0x20 build/cooja/mtype560.a(sensors.o)
                0x0000000000244ee0                sensors_process
 .data          0x0000000000244f00        0x0 build/cooja/mtype560.a(leds.o)
 .data          0x0000000000244f00        0x0 build/cooja/mtype560.a(gpio-hal-arch.o)
 .data          0x0000000000244f00        0x1 build/cooja/mtype560.a(buttons.o)
                0x0000000000244f00                simButtonIsActive
 *fill*         0x0000000000244f01       0x1f 
 .data.rel.local
                0x0000000000244f20       0xb0 build/cooja/mtype560.a(buttons.o)
                0x0000000000244fc0                button_hal_buttons
 .data          0x0000000000244fd0        0x0 build/cooja/mtype560.a(deployment.o)
 .data          0x0000000000244fd0        0x0 build/cooja/mtype560.a(contiki-main.o)
 .data          0x0000000000244fd0        0x0 build/cooja/mtype560.a(autostart.o)
 .data          0x0000000000244fd0       0x10 build/cooja/mtype560.a(log.o)
                0x0000000000244fd0                curr_log_level_rpl
                0x0000000000244fd4                curr_log_level_ipv6
                0x0000000000244fd8                curr_log_level_mac
                0x0000000000244fdc                curr_log_level_main
 .data.rel      0x0000000000244fe0      0x138 build/cooja/mtype560.a(log.o)
                0x0000000000244fe0                all_modules
 .data          0x0000000000245118        0x0 build/cooja/mtype560.a(energest.o)
 .data          0x0000000000245118        0x0 build/cooja/mtype560.a(etimer.o)
 *fill*         0x0000000000245118        0x8 
 .data.rel.local
                0x0000000000245120       0x20 build/cooja/mtype560.a(etimer.o)
                0x0000000000245120                etimer_process
 .data          0x0000000000245140        0x0 build/cooja/mtype560.a(node-id.o)
 .data          0x0000000000245140        0x0 build/cooja/mtype560.a(ctimer.o)
 .data.rel.local
                0x0000000000245140       0x40 build/cooja/mtype560.a(ctimer.o)
                0x0000000000245160                ctimer_process
 .data          0x0000000000245180        0x0 build/cooja/mtype560.a(process.o)
 .data          0x0000000000245180        0x0 build/cooja/mtype560.a(rtimer.o)
 .data          0x0000000000245180        0x0 build/cooja/mtype560.a(timer.o)
 .data          0x0000000000245180        0x0 build/cooja/mtype560.a(list.o)
 .data          0x0000000000245180        0x0 build/cooja/mtype560.a(button-hal.o)
 .data.rel.local
                0x0000000000245180       0x20 build/cooja/mtype560.a(button-hal.o)
                0x0000000000245180                button_hal_process
 .data          0x00000000002451a0        0x0 build/cooja/mtype560.a(serial-line.o)
 .data.rel.local
                0x00000000002451a0       0x20 build/cooja/mtype560.a(serial-line.o)
                0x00000000002451a0                serial_line_process
 .data          0x00000000002451c0        0x0 build/cooja/mtype560.a(gpio-hal.o)
 .data.rel.local
                0x00000000002451c0        0x8 build/cooja/mtype560.a(gpio-hal.o)
 .data          0x00000000002451c8        0x0 build/cooja/mtype560.a(queuebuf.o)
 *fill*         0x00000000002451c8        0x8 
 .data.rel.local
                0x00000000002451d0       0x38 build/cooja/mtype560.a(queuebuf.o)
 .data          0x0000000000245208        0x0 build/cooja/mtype560.a(packetbuf.o)
 .data.rel.local
                0x0000000000245208        0x8 build/cooja/mtype560.a(packetbuf.o)
 .data          0x0000000000245210        0x0 build/cooja/mtype560.a(netstack.o)
 .data.rel.local
                0x0000000000245210        0x8 build/cooja/mtype560.a(netstack.o)
 .data          0x0000000000245218        0x0 build/cooja/mtype560.a(linkaddr.o)
 .data          0x0000000000245218        0x0 build/cooja/mtype560.a(tsch.o)
 *fill*         0x0000000000245218        0x8 
 .data.rel.local
                0x0000000000245220       0x60 build/cooja/mtype560.a(tsch.o)
                0x0000000000245220                tsch_process
                0x0000000000245240                tsch_send_eb_process
                0x0000000000245260                tsch_pending_events_process
 .data          0x0000000000245280        0x0 build/cooja/mtype560.a(uip-sr.o)
 .data.rel.local
                0x0000000000245280       0x28 build/cooja/mtype560.a(uip-sr.o)
 .data          0x00000000002452a8        0x0 build/cooja/mtype560.a(uip-ds6.o)
 .data          0x00000000002452a8        0x0 build/cooja/mtype560.a(tcpip.o)
 *fill*         0x00000000002452a8       0x18 
 .data.rel.local
                0x00000000002452c0       0x20 build/cooja/mtype560.a(tcpip.o)
                0x00000000002452c0                tcpip_process
 .data          0x00000000002452e0        0x0 build/cooja/mtype560.a(uip-ds6-route.o)
 .data.rel.local
                0x00000000002452e0       0x28 build/cooja/mtype560.a(uip-ds6-route.o)
 .data          0x0000000000245308        0x0 build/cooja/mtype560.a(uip-ds6-nbr.o)
 *fill*         0x0000000000245308        0x8 
 .data.rel.local
                0x0000000000245310       0x20 build/cooja/mtype560.a(uip-ds6-nbr.o)
 .data          0x0000000000245330        0x0 build/cooja/mtype560.a(uip6.o)
 .data          0x0000000000245330        0x0 build/cooja/mtype560.a(uip-nd6.o)
 .data.rel.local
                0x0000000000245330       0x18 build/cooja/mtype560.a(uip-nd6.o)
 .data          0x0000000000245348        0x0 build/cooja/mtype560.a(simple-udp.o)
 *fill*         0x0000000000245348       0x18 
 .data.rel.local
                0x0000000000245360       0x20 build/cooja/mtype560.a(simple-udp.o)
                0x0000000000245360                simple_udp_process
 .data          0x0000000000245380        0x0 build/cooja/mtype560.a(sicslowpan.o)
 .data          0x0000000000245380        0x0 build/cooja/mtype560.a(uiplib.o)
 .data          0x0000000000245380        0x0 build/cooja/mtype560.a(rpl.o)
 .data          0x0000000000245380        0x0 build/cooja/mtype560.a(rpl-dag-root.o)
 .data          0x0000000000245380        0x0 build/cooja/mtype560.a(watchdog.o)
 .data          0x0000000000245380        0x0 build/cooja/mtype560.a(int-master.o)
 .data          0x0000000000245380        0x0 build/cooja/mtype560.a(cooja16.o)
 .data          0x0000000000245380        0x0 build/cooja/mtype560.a(simple-energest)
 .data.rel.local
                0x0000000000245380       0x20 build/cooja/mtype560.a(simple-energest)
                0x0000000000245380                simple_energest_process
 .data          0x00000000002453a0        0x0 build/cooja/mtype560.a(orchestra.o)
 .data.rel.local
                0x00000000002453a0       0x18 build/cooja/mtype560.a(orchestra.o)
 *fill*         0x00000000002453b8        0x8 
 .data.rel      0x00000000002453c0       0x18 build/cooja/mtype560.a(orchestra.o)
                0x00000000002453c0                all_rules
 .data          0x00000000002453d8        0x0 build/cooja/mtype560.a(orchestra-rule-)
 *fill*         0x00000000002453d8        0x8 
 .data.rel.local
                0x00000000002453e0       0x38 build/cooja/mtype560.a(orchestra-rule-)
                0x00000000002453e0                eb_per_time_source
 .data          0x0000000000245418        0x0 build/cooja/mtype560.a(stimer.o)
 .data          0x0000000000245418        0x0 build/cooja/mtype560.a(ringbufindex.o)
 .data          0x0000000000245418        0x0 build/cooja/mtype560.a(memb.o)
 .data          0x0000000000245418        0x0 build/cooja/mtype560.a(ringbuf.o)
 .data          0x0000000000245418        0x0 build/cooja/mtype560.a(nbr-table.o)
 *fill*         0x0000000000245418        0x8 
 .data.rel.local
                0x0000000000245420       0x20 build/cooja/mtype560.a(nbr-table.o)
 .data          0x0000000000245440        0x0 build/cooja/mtype560.a(link-stats.o)
 .data.rel.local
                0x0000000000245440       0x20 build/cooja/mtype560.a(link-stats.o)
 .data          0x0000000000245460        0x0 build/cooja/mtype560.a(mac-sequence.o)
 .data          0x0000000000245460        0x0 build/cooja/mtype560.a(mac.o)
 .data          0x0000000000245460        0x0 build/cooja/mtype560.a(framer-802154.o)
 .data          0x0000000000245460        0x2 build/cooja/mtype560.a(frame802154.o)
 .data          0x0000000000245462        0x0 build/cooja/mtype560.a(tsch-queue.o)
 *fill*         0x0000000000245462        0xe 
 .data.rel.local
                0x0000000000245470       0x40 build/cooja/mtype560.a(tsch-queue.o)
 .data          0x00000000002454b0        0x0 build/cooja/mtype560.a(tsch-timeslot-t)
 .data          0x00000000002454b0        0x0 build/cooja/mtype560.a(tsch-schedule.o)
 .data.rel.local
                0x00000000002454b0       0x40 build/cooja/mtype560.a(tsch-schedule.o)
 .data          0x00000000002454f0        0x4 build/cooja/mtype560.a(tsch-slot-opera)
 .data          0x00000000002454f4        0x0 build/cooja/mtype560.a(tsch-packet.o)
 *fill*         0x00000000002454f4        0xc 
 .data          0x0000000000245500       0x20 build/cooja/mtype560.a(tsch-security.o)
 .data          0x0000000000245520        0x0 build/cooja/mtype560.a(tsch-rpl.o)
 .data          0x0000000000245520        0x0 build/cooja/mtype560.a(tsch-adaptive-t)
 .data          0x0000000000245520        0x0 build/cooja/mtype560.a(uipbuf.o)
 .data          0x0000000000245520        0x0 build/cooja/mtype560.a(uip-icmp6.o)
 .data.rel.local
                0x0000000000245520       0x48 build/cooja/mtype560.a(uip-icmp6.o)
 .data          0x0000000000245568        0x0 build/cooja/mtype560.a(uip-packetqueue)
 *fill*         0x0000000000245568        0x8 
 .data.rel.local
                0x0000000000245570       0x18 build/cooja/mtype560.a(uip-packetqueue)